Component: ARM Compiler 5.06 update 7 (build 960) Tool: armlink [4d3601]

==============================================================================

Section Cross References

    main.o(.text) refers to misc.o(.text) for NVIC_PriorityGroupConfig
    main.o(.text) refers to delay.o(.text) for delay_init
    main.o(.text) refers to usart.o(.text) for uart_init
    main.o(.text) refers to adc.o(.text) for Adc_Init
    main.o(.text) refers to led.o(.text) for LED_Init
    main.o(.text) refers to tb67.o(.text) for TB67_Init
    main.o(.text) refers to fflt_clz.o(x$fpl$fflt) for __aeabi_i2f
    main.o(.text) refers to fdiv.o(x$fpl$fdiv) for __aeabi_fdiv
    main.o(.text) refers to faddsub_clz.o(x$fpl$frsb) for __aeabi_frsub
    main.o(.text) refers to ffixu.o(x$fpl$ffixu) for __aeabi_f2uiz
    main.o(.text) refers to timer.o(.text) for TIM3_Int_Init
    main.o(.text) refers to usmart_config.o(.data) for usmart_dev
    system_stm32f10x.o(.text) refers to system_stm32f10x.o(.data) for SystemCoreClock
    led.o(.text) refers to stm32f10x_rcc.o(.text) for RCC_APB2PeriphClockCmd
    led.o(.text) refers to stm32f10x_gpio.o(.text) for GPIO_Init
    lcd.o(.text) refers to _printf_percent.o(.ARM.Collect$$_printf_percent$$00000000) for _printf_percent
    lcd.o(.text) refers to _printf_x.o(.ARM.Collect$$_printf_percent$$0000000C) for _printf_x
    lcd.o(.text) refers to _printf_hex_int.o(.text) for _printf_longlong_hex
    lcd.o(.text) refers to delay.o(.text) for delay_us
    lcd.o(.text) refers to lcd.o(.bss) for lcddev
    lcd.o(.text) refers to dflt_clz.o(x$fpl$dfltu) for __aeabi_ui2d
    lcd.o(.text) refers to dmul.o(x$fpl$dmul) for __aeabi_dmul
    lcd.o(.text) refers to dfixu.o(x$fpl$dfixu) for __aeabi_d2uiz
    lcd.o(.text) refers to lcd.o(.data) for POINT_COLOR
    lcd.o(.text) refers to stm32f10x_rcc.o(.text) for RCC_APB2PeriphClockCmd
    lcd.o(.text) refers to stm32f10x_gpio.o(.text) for GPIO_PinRemapConfig
    lcd.o(.text) refers to noretval__2printf.o(.text) for __2printf
    lcd.o(.text) refers to lcd.o(.constdata) for asc2_1206
    adc.o(.text) refers to stm32f10x_rcc.o(.text) for RCC_APB2PeriphClockCmd
    adc.o(.text) refers to stm32f10x_gpio.o(.text) for GPIO_Init
    adc.o(.text) refers to stm32f10x_adc.o(.text) for ADC_DeInit
    adc.o(.text) refers to delay.o(.text) for delay_ms
    timer.o(.text) refers to stm32f10x_rcc.o(.text) for RCC_APB1PeriphClockCmd
    timer.o(.text) refers to stm32f10x_tim.o(.text) for TIM_TimeBaseInit
    timer.o(.text) refers to misc.o(.text) for NVIC_Init
    tb67.o(.text) refers to stm32f10x_rcc.o(.text) for RCC_APB2PeriphClockCmd
    tb67.o(.text) refers to stm32f10x_gpio.o(.text) for GPIO_Init
    delay.o(.text) refers to misc.o(.text) for SysTick_CLKSourceConfig
    delay.o(.text) refers to system_stm32f10x.o(.data) for SystemCoreClock
    delay.o(.text) refers to delay.o(.data) for fac_us
    usart.o(.text) refers (Special) to use_no_semi_2.o(.text) for __use_no_semihosting
    usart.o(.text) refers to stm32f10x_rcc.o(.text) for RCC_APB2PeriphClockCmd
    usart.o(.text) refers to stm32f10x_gpio.o(.text) for GPIO_Init
    usart.o(.text) refers to misc.o(.text) for NVIC_Init
    usart.o(.text) refers to stm32f10x_usart.o(.text) for USART_Init
    usart.o(.text) refers to usart.o(.data) for USART_RX_STA
    usart.o(.text) refers to usart.o(.bss) for USART_RX_BUF
    usart.o(.bss) refers (Special) to use_no_semi_2.o(.text) for __use_no_semihosting
    usart.o(.data) refers (Special) to use_no_semi_2.o(.text) for __use_no_semihosting
    startup_stm32f10x_md.o(STACK) refers (Special) to heapauxi.o(.text) for __use_two_region_memory
    startup_stm32f10x_md.o(HEAP) refers (Special) to heapauxi.o(.text) for __use_two_region_memory
    startup_stm32f10x_md.o(RESET) refers (Special) to heapauxi.o(.text) for __use_two_region_memory
    startup_stm32f10x_md.o(RESET) refers to startup_stm32f10x_md.o(STACK) for __initial_sp
    startup_stm32f10x_md.o(RESET) refers to startup_stm32f10x_md.o(.text) for Reset_Handler
    startup_stm32f10x_md.o(RESET) refers to stm32f10x_it.o(.text) for NMI_Handler
    startup_stm32f10x_md.o(RESET) refers to timer.o(.text) for TIM3_IRQHandler
    startup_stm32f10x_md.o(RESET) refers to usmart.o(.text) for TIM4_IRQHandler
    startup_stm32f10x_md.o(RESET) refers to usart.o(.text) for USART1_IRQHandler
    startup_stm32f10x_md.o(.text) refers (Special) to heapauxi.o(.text) for __use_two_region_memory
    startup_stm32f10x_md.o(.text) refers to system_stm32f10x.o(.text) for SystemInit
    startup_stm32f10x_md.o(.text) refers to __main.o(!!!main) for __main
    startup_stm32f10x_md.o(.text) refers to startup_stm32f10x_md.o(HEAP) for Heap_Mem
    startup_stm32f10x_md.o(.text) refers to startup_stm32f10x_md.o(STACK) for Stack_Mem
    stm32f10x_gpio.o(.text) refers to stm32f10x_rcc.o(.text) for RCC_APB2PeriphResetCmd
    stm32f10x_rcc.o(.text) refers to stm32f10x_rcc.o(.data) for APBAHBPrescTable
[...]
    ../clib/printf.c                         0x00000000   Number         0  _printf_pad.o ABSOLUTE
    ../clib/printf.c                         0x00000000   Number         0  _printf_dec.o ABSOLUTE
    ../clib/printf.c                         0x00000000   Number         0  _printf_hex_ll.o ABSOLUTE
    ../clib/printf.c                         0x00000000   Number         0  _printf_hex_int.o ABSOLUTE
    ../clib/printf.c                         0x00000000   Number         0  _printf_hex_int_ll.o ABSOLUTE
    ../clib/printf.c                         0x00000000   Number         0  _printf_hex_ptr.o ABSOLUTE
    ../clib/printf.c                         0x00000000   Number         0  _printf_hex_int_ptr.o ABSOLUTE
    ../clib/printf.c                         0x00000000   Number         0  _printf_hex_ll_ptr.o ABSOLUTE
    ../clib/printf_percent.s                 0x00000000   Number         0  _printf_percent.o ABSOLUTE
    ../clib/printf_percent.s                 0x00000000   Number         0  _printf_u.o ABSOLUTE
    ../clib/printf_percent.s                 0x00000000   Number         0  _printf_x.o ABSOLUTE
    ../clib/printf_percent.s                 0x00000000   Number         0  _printf_s.o ABSOLUTE
    ../clib/printf_percent.s                 0x00000000   Number         0  _printf_c.o ABSOLUTE
    ../clib/printf_percent.s                 0x00000000   Number         0  _printf_d.o ABSOLUTE
    ../clib/printf_percent.s                 0x00000000   Number         0  _printf_percent_end.o ABSOLUTE
    ../clib/signal.c                         0x00000000   Number         0  defsig_cppl_inner.o ABSOLUTE
    ../clib/signal.c                         0x00000000   Number         0  defsig_pvfn_inner.o ABSOLUTE
    ../clib/signal.c                         0x00000000   Number         0  defsig_stak_inner.o ABSOLUTE
    ../clib/signal.c                         0x00000000   Number         0  defsig_rtred_inner.o ABSOLUTE
    ../clib/signal.c                         0x00000000   Number         0  defsig_fpe_inner.o ABSOLUTE
    ../clib/signal.c                         0x00000000   Number         0  defsig_abrt_inner.o ABSOLUTE
    ../clib/signal.c                         0x00000000   Number         0  defsig_general.o ABSOLUTE
    ../clib/signal.c                         0x00000000   Number         0  defsig_rtmem_outer.o ABSOLUTE
    ../clib/signal.c                         0x00000000   Number         0  __raise.o ABSOLUTE
    ../clib/signal.c                         0x00000000   Number         0  defsig_other.o ABSOLUTE
    ../clib/signal.c                         0x00000000   Number         0  defsig_segv_inner.o ABSOLUTE
    ../clib/signal.c                         0x00000000   Number         0  defsig_exit.o ABSOLUTE
    ../clib/signal.c                         0x00000000   Number         0  defsig_rtmem_inner.o ABSOLUTE
    ../clib/signal.c                         0x00000000   Number         0  defsig_rtmem_formal.o ABSOLUTE
    ../clib/signal.s                         0x00000000   Number         0  defsig.o ABSOLUTE
    ../clib/stdio.c                          0x00000000   Number         0  ferror_locked.o ABSOLUTE
    ../clib/stdio.c                          0x00000000   Number         0  ferror.o ABSOLUTE
    ../clib/stdlib.c                         0x00000000   Number         0  exit.o ABSOLUTE
    ../fplib/dfixu.s                         0x00000000   Number         0  dfixu.o ABSOLUTE
    ../fplib/dflt.s                          0x00000000   Number         0  dflt_clz.o ABSOLUTE
    ../fplib/dmul.s                          0x00000000   Number         0  dmul.o ABSOLUTE
    ../fplib/dnaninf.s                       0x00000000   Number         0  dnaninf.o ABSOLUTE
    ../fplib/dretinf.s                       0x00000000   Number         0  dretinf.o ABSOLUTE
    ../fplib/faddsub.s                       0x00000000   Number         0  faddsub_clz.o ABSOLUTE
    ../fplib/fdiv.s                          0x00000000   Number         0  fdiv.o ABSOLUTE
    ../fplib/ffixu.s                         0x00000000   Number         0  ffixu.o ABSOLUTE
    ../fplib/fflt.s                          0x00000000   Number         0  fflt_clz.o ABSOLUTE
    ../fplib/fnaninf.s                       0x00000000   Number         0  fnaninf.o ABSOLUTE
    ../fplib/fpinit.s                        0x00000000   Number         0  fpinit.o ABSOLUTE
    ../fplib/fretinf.s                       0x00000000   Number         0  fretinf.o ABSOLUTE
    ../fplib/usenofp.s                       0x00000000   Number         0  usenofp.o ABSOLUTE
    ..\CORE\core_cm3.c                       0x00000000   Number         0  core_cm3.o ABSOLUTE
    ..\CORE\startup_stm32f10x_md.s           0x00000000   Number         0  startup_stm32f10x_md.o ABSOLUTE
    ..\HARDWARE\ADC\adc.c                    0x00000000   Number         0  adc.o ABSOLUTE
    ..\HARDWARE\LCD\lcd.c                    0x00000000   Number         0  lcd.o ABSOLUTE
    ..\HARDWARE\LED\led.c                    0x00000000   Number         0  led.o ABSOLUTE
    ..\HARDWARE\TB67\tb67.c                  0x00000000   Number         0  tb67.o ABSOLUTE
    ..\HARDWARE\TIMER\timer.c                0x00000000   Number         0  timer.o ABSOLUTE
    ..\STM32F10x_FWLib\src\misc.c            0x00000000   Number         0  misc.o ABSOLUTE
    ..\STM32F10x_FWLib\src\stm32f10x_adc.c   0x00000000   Number         0  stm32f10x_adc.o ABSOLUTE
    ..\STM32F10x_FWLib\src\stm32f10x_gpio.c  0x00000000   Number         0  stm32f10x_gpio.o ABSOLUTE
    ..\STM32F10x_FWLib\src\stm32f10x_rcc.c   0x00000000   Number         0  stm32f10x_rcc.o ABSOLUTE
    ..\STM32F10x_FWLib\src\stm32f10x_tim.c   0x00000000   Number         0  stm32f10x_tim.o ABSOLUTE
    ..\STM32F10x_FWLib\src\stm32f10x_usart.c 0x00000000   Number         0  stm32f10x_usart.o ABSOLUTE
    ..\SYSTEM\delay\delay.c                  0x00000000   Number         0  delay.o ABSOLUTE
    ..\SYSTEM\sys\sys.c                      0x00000000   Number         0  sys.o ABSOLUTE
    ..\SYSTEM\usart\usart.c                  0x00000000   Number         0  usart.o ABSOLUTE
    ..\USMART\usmart.c                       0x00000000   Number         0  usmart.o ABSOLUTE
    ..\USMART\usmart_config.c                0x00000000   Number         0  usmart_config.o ABSOLUTE
    ..\USMART\usmart_str.c                   0x00000000   Number         0  usmart_str.o ABSOLUTE
    ..\\CORE\\core_cm3.c                     0x00000000   Number         0  core_cm3.o ABSOLUTE
    ..\\SYSTEM\\sys\\sys.c                   0x00000000   Number         0  sys.o ABSOLUTE
    dc.s                                     0x00000000   Number         0  dc.o ABSOLUTE
    main.c                                   0x00000000   Number         0  main.o ABSOLUTE
    stm32f10x_it.c                           0x00000000   Number         0  stm32f10x_it.o ABSOLUTE
    system_stm32f10x.c                       0x00000000   Number         0  system_stm32f10x.o ABSOLUTE
    RESET                                    0x08000000   Section      236  startup_stm32f10x_md.o(RESET)
    !!!main                                  0x080000ec   Section        8  __main.o(!!!main)
    !!!scatter                               0x080000f4   Section       52  __scatter.o(!!!scatter)
    !!dczerorl2                              0x08000128   Section       90  __dczerorl2.o(!!dczerorl2)
    !!handler_zi                             0x08000184   Section       28  __scatter_zi.o(!!handler_zi)
    .ARM.Collect$$_printf_percent$$00000000  0x080001a0   Section        0  _printf_percent.o(.ARM.Collect$$_printf_percent$$00000000)
    .ARM.Collect$$_printf_percent$$00000009  0x080001a0   Section        6  _printf_d.o(.ARM.Collect$$_printf_percent$$00000009)
    .ARM.Collect$$_printf_percent$$0000000A  0x080001a6   Section        6  _printf_u.o(.ARM.Collect$$_printf_percent$$0000000A)
    .ARM.Collect$$_printf_percent$$0000000C  0x080001ac   Section        6  _printf_x.o(.ARM.Collect$$_printf_percent$$0000000C)
    .ARM.Collect$$_printf_percent$$00000013  0x080001b2   Section        6  _printf_c.o(.ARM.Collect$$_printf_percent$$00000013)
    .ARM.Collect$$_printf_percent$$00000014  0x080001b8   Section        6  _printf_s.o(.ARM.Collect$$_printf_percent$$00000014)
    .ARM.Collect$$_printf_percent$$00000017  0x080001be   Section        4  _printf_percent_end.o(.ARM.Collect$$_printf_percent$$00000017)
    .ARM.Collect$$libinit$$00000000          0x080001c2   Section        2  libinit.o(.ARM.Collect$$libinit$$00000000)
    .ARM.Collect$$libinit$$00000002          0x080001c4   Section        0  libinit2.o(.ARM.Collect$$libinit$$00000002)
    .ARM.Collect$$libinit$$00000004          0x080001c4   Section        0  libinit2.o(.ARM.Collect$$libinit$$00000004)
    .ARM.Collect$$libinit$$0000000A          0x080001c4   Section        0  libinit2.o(.ARM.Collect$$libinit$$0000000A)
    .ARM.Collect$$libinit$$0000000C          0x080001c4   Section        0  libinit2.o(.ARM.Collect$$libinit$$0000000C)
    .ARM.Collect$$libinit$$0000000E          0x080001c4   Section        0  libinit2.o(.ARM.Collect$$libinit$$0000000E)
    .ARM.Collect$$libinit$$00000011          0x080001c4   Section        0  libinit2.o(.ARM.Collect$$libinit$$00000011)
    .ARM.Collect$$libinit$$00000013          0x080001c4   Section        0  libinit2.o(.ARM.Collect$$libinit$$00000013)
    .ARM.Collect$$libinit$$00000015          0x080001c4   Section        0  libinit2.o(.ARM.Collect$$libinit$$00000015)
    .ARM.Collect$$libinit$$00000017          0x080001c4   Section        0  libinit2.o(.ARM.Collect$$libinit$$00000017)
    .ARM.Collect$$libinit$$00000019          0x080001c4   Section        0  libinit2.o(.ARM.Collect$$libinit$$00000019)
    .ARM.Collect$$libinit$$0000001B          0x080001c4   Section        0  libinit2.o(.ARM.Collect$$libinit$$0000001B)
    .ARM.Collect$$libinit$$0000001D          0x080001c4   Section        0  libinit2.o(.ARM.Collect$$libinit$$0000001D)
    .ARM.Collect$$libinit$$0000001F          0x080001c4   Section        0  libinit2.o(.ARM.Collect$$libinit$$0000001F)
    .ARM.Collect$$libinit$$00000021          0x080001c4   Section        0  libinit2.o(.ARM.Collect$$libinit$$00000021)
    .ARM.Collect$$libinit$$00000023          0x080001c4   Section        0  libinit2.o(.ARM.Collect$$libinit$$00000023)
    .ARM.Collect$$libinit$$00000025          0x080001c4   Section        0  libinit2.o(.ARM.Collect$$libinit$$00000025)
    .ARM.Collect$$libinit$$0000002C          0x080001c4   Section        0  libinit2.o(.ARM.Collect$$libinit$$0000002C)
    .ARM.Collect$$libinit$$0000002E          0x080001c4   Section        0  libinit2.o(.ARM.Collect$$libinit$$0000002E)
    .ARM.Collect$$libinit$$00000030          0x080001c4   Section        0  libinit2.o(.ARM.Collect$$libinit$$00000030)
    .ARM.Collect$$libinit$$00000032          0x080001c4   Section        0  libinit2.o(.ARM.Collect$$libinit$$00000032)
    .ARM.Collect$$libinit$$00000033          0x080001c4   Section        2  libinit2.o(.ARM.Collect$$libinit$$00000033)
    .ARM.Collect$$libshutdown$$00000000      0x080001c6   Section        2  libshutdown.o(.ARM.Collect$$libshutdown$$00000000)
    .ARM.Collect$$libshutdown$$00000002      0x080001c8   Section        0  libshutdown2.o(.ARM.Collect$$libshutdown$$00000002)
    .ARM.Collect$$libshutdown$$00000004      0x080001c8   Section        0  libshutdown2.o(.ARM.Collect$$libshutdown$$00000004)
    .ARM.Collect$$libshutdown$$00000006      0x080001c8   Section        0  libshutdown2.o(.ARM.Collect$$libshutdown$$00000006)
    .ARM.Collect$$libshutdown$$00000009      0x080001c8   Section        0  libshutdown2.o(.ARM.Collect$$libshutdown$$00000009)
    .ARM.Collect$$libshutdown$$0000000C      0x080001c8   Section        0  libshutdown2.o(.ARM.Collect$$libshutdown$$0000000C)
    .ARM.Collect$$libshutdown$$0000000E      0x080001c8   Section        0  libshutdown2.o(.ARM.Collect$$libshutdown$$0000000E)
    .ARM.Collect$$libshutdown$$00000011      0x080001c8   Section        0  libshutdown2.o(.ARM.Collect$$libshutdown$$00000011)
    .ARM.Collect$$libshutdown$$00000012      0x080001c8   Section        2  libshutdown2.o(.ARM.Collect$$libshutdown$$00000012)
    .ARM.Collect$$rtentry$$00000000          0x080001ca   Section        0  __rtentry.o(.ARM.Collect$$rtentry$$00000000)
    .ARM.Collect$$rtentry$$00000002          0x080001ca   Section        0  __rtentry2.o(.ARM.Collect$$rtentry$$00000002)
    .ARM.Collect$$rtentry$$00000004          0x080001ca   Section        6  __rtentry4.o(.ARM.Collect$$rtentry$$00000004)
    .ARM.Collect$$rtentry$$00000009          0x080001d0   Section        0  __rtentry2.o(.ARM.Collect$$rtentry$$00000009)
    .ARM.Collect$$rtentry$$0000000A          0x080001d0   Section        4  __rtentry2.o(.ARM.Collect$$rtentry$$0000000A)
    .ARM.Collect$$rtentry$$0000000C          0x080001d4   Section        0  __rtentry2.o(.ARM.Collect$$rtentry$$0000000C)
    .ARM.Collect$$rtentry$$0000000D          0x080001d4   Section        8  __rtentry2.o(.ARM.Collect$$rtentry$$0000000D)
    .ARM.Collect$$rtexit$$00000000           0x080001dc   Section        2  rtexit.o(.ARM.Collect$$rtexit$$00000000)
    .ARM.Collect$$rtexit$$00000002           0x080001de   Section        0  rtexit2.o(.ARM.Collect$$rtexit$$00000002)
    .ARM.Collect$$rtexit$$00000003           0x080001de   Section        4  rtexit2.o(.ARM.Collect$$rtexit$$00000003)
    .ARM.Collect$$rtexit$$00000004           0x080001e2   Section        6  rtexit2.o(.ARM.Collect$$rtexit$$00000004)
    .text                                    0x080001e8   Section        0  main.o(.text)
    .text                                    0x08000284   Section        0  stm32f10x_it.o(.text)
    .text                                    0x080002a0   Section        0  system_stm32f10x.o(.text)
    SetSysClockTo72                          0x080002a1   Thumb Code   214  system_stm32f10x.o(.text)
    SetSysClock                              0x08000377   Thumb Code     8  system_stm32f10x.o(.text)
    .text                                    0x08000480   Section        0  led.o(.text)
    .text                                    0x080004b8   Section        0  lcd.o(.text)
    .text                                    0x08005d00   Section        0  adc.o(.text)
    .text                                    0x08005de8   Section        0  timer.o(.text)
    .text                                    0x08005e70   Section        0  tb67.o(.text)
    .text                                    0x08005f10   Section        0  delay.o(.text)
    .text                                    0x08005fe4   Section        0  usart.o(.text)
    .text                                    0x08006124   Section       64  startup_stm32f10x_md.o(.text)
    .text                                    0x08006164   Section        0  stm32f10x_gpio.o(.text)
    .text                                    0x080064c0   Section        0  stm32f10x_rcc.o(.text)
    .text                                    0x08006864   Section        0  stm32f10x_usart.o(.text)
    .text                                    0x08006c6c   Section        0  misc.o(.text)
    .text                                    0x08006d48   Section        0  stm32f10x_tim.o(.text)
    TI4_Config                               0x080071ef   Thumb Code   130  stm32f10x_tim.o(.text)
    TI3_Config                               0x08007283   Thumb Code   122  stm32f10x_tim.o(.text)
    TI2_Config                               0x08007317   Thumb Code   130  stm32f10x_tim.o(.text)
    TI1_Config                               0x080073ab   Thumb Code   108  stm32f10x_tim.o(.text)
    .text                                    0x08007b64   Section        0  stm32f10x_adc.o(.text)
    .text                                    0x08007fb4   Section        0  usmart.o(.text)
    .text                                    0x08008bf4   Section        0  usmart_str.o(.text)
    .text                                    0x0800911c   Section        2  use_no_semi_2.o(.text)
    .text                                    0x08009120   Section        0  noretval__2printf.o(.text)
    .text                                    0x08009138   Section        0  _printf_pad.o(.text)
    .text                                    0x08009186   Section        0  _printf_str.o(.text)
    .text                                    0x080091d8   Section        0  _printf_dec.o(.text)
    .text                                    0x08009250   Section        0  _printf_hex_int.o(.text)
    .text                                    0x080092a8   Section        0  __printf_flags_ss_wp.o(.text)
    .text                                    0x08009430   Section        0  heapauxi.o(.text)
    .text                                    0x08009436   Section        2  use_no_semi.o(.text)
    .text                                    0x08009438   Section        0  _printf_intcommon.o(.text)
    .text                                    0x080094ea   Section        0  _printf_char.o(.text)
    .text                                    0x08009518   Section        0  _printf_char_file.o(.text)
    .text                                    0x0800953c   Section        0  _printf_char_common.o(.text)
    _printf_input_char                       0x0800953d   Thumb Code    10  _printf_char_common.o(.text)
    .text                                    0x0800956c   Section        0  ferror.o(.text)
    .text                                    0x08009574   Section       74  sys_stackheap_outer.o(.text)
    .text                                    0x080095be   Section        0  exit.o(.text)
    .text                                    0x080095d0   Section        8  libspace.o(.text)
    i._is_digit                              0x080095d8   Section        0  __printf_wp.o(i._is_digit)
    x$fpl$dfixu                              0x080095e8   Section       90  dfixu.o(x$fpl$dfixu)
    x$fpl$dfltu                              0x08009642   Section       38  dflt_clz.o(x$fpl$dfltu)
    x$fpl$dmul                               0x08009668   Section      340  dmul.o(x$fpl$dmul)
    x$fpl$dnaninf                            0x080097bc   Section      156  dnaninf.o(x$fpl$dnaninf)
    x$fpl$dretinf                            0x08009858   Section       12  dretinf.o(x$fpl$dretinf)
    x$fpl$fadd                               0x08009864   Section      196  faddsub_clz.o(x$fpl$fadd)
    _fadd1                                   0x08009873   Thumb Code     0  faddsub_clz.o(x$fpl$fadd)
    x$fpl$fdiv                               0x08009928   Section      388  fdiv.o(x$fpl$fdiv)
    _fdiv1                                   0x08009929   Thumb Code     0  fdiv.o(x$fpl$fdiv)
    x$fpl$ffixu                              0x08009aac   Section       62  ffixu.o(x$fpl$ffixu)
    x$fpl$fflt                               0x08009aec   Section       48  fflt_clz.o(x$fpl$fflt)
    x$fpl$fnaninf                            0x08009b1c   Section      140  fnaninf.o(x$fpl$fnaninf)
    x$fpl$fretinf                            0x08009ba8   Section       10  fretinf.o(x$fpl$fretinf)
    x$fpl$frsb                               0x08009bb2   Section       20  faddsub_clz.o(x$fpl$frsb)
    x$fpl$fsub                               0x08009bc8   Section      234  faddsub_clz.o(x$fpl$fsub)
    _fsub1                                   0x08009bd7   Thumb Code     0  faddsub_clz.o(x$fpl$fsub)
    .constdata                               0x08009cb2   Section     6080  lcd.o(.constdata)
    x$fpl$usenofp                            0x08009cb2   Section        0  usenofp.o(x$fpl$usenofp)
    .constdata                               0x0800b472   Section       40  _printf_hex_int.o(.constdata)
    uc_hextab                                0x0800b472   Data          20  _printf_hex_int.o(.constdata)
    lc_hextab                                0x0800b486   Data          20  _printf_hex_int.o(.constdata)
    .constdata                               0x0800b49a   Section       17  __printf_flags_ss_wp.o(.constdata)
    maptable                                 0x0800b49a   Data          17  __printf_flags_ss_wp.o(.constdata)
    .conststring                             0x0800b4ac   Section       40  usmart.o(.conststring)
    .conststring                             0x0800b4d4   Section      715  usmart_config.o(.conststring)
    .data                                    0x20000000   Section       20  system_stm32f10x.o(.data)
    .data                                    0x20000014   Section        4  lcd.o(.data)
    .data                                    0x20000018   Section        4  delay.o(.data)
    fac_us                                   0x20000018   Data           1  delay.o(.data)
    fac_ms                                   0x2000001a   Data           2  delay.o(.data)
    .data                                    0x2000001c   Section        6  usart.o(.data)
    .data                                    0x20000022   Section       20  stm32f10x_rcc.o(.data)
    APBAHBPrescTable                         0x20000022   Data          16  stm32f10x_rcc.o(.data)
    ADCPrescTable                            0x20000032   Data           4  stm32f10x_rcc.o(.data)
    .data                                    0x20000038   Section       28  usmart.o(.data)
    .data                                    0x20000054   Section      380  usmart_config.o(.data)
    .bss                                     0x200001d0   Section       14  lcd.o(.bss)
    .bss                                     0x200001de   Section      200  usart.o(.bss)
    .bss                                     0x200002a8   Section       96  libspace.o(.bss)
    HEAP                                     0x20000308   Section      512  startup_stm32f10x_md.o(HEAP)
    Heap_Mem                                 0x20000308   Data         512  startup_stm32f10x_md.o(HEAP)
    STACK                                    0x20000508   Section     1024  startup_stm32f10x_md.o(STACK)
    Stack_Mem                                0x20000508   Data        1024  startup_stm32f10x_md.o(STACK)
    __initial_sp                             0x20000908   Data           0  startup_stm32f10x_md.o(STACK)

    Global Symbols

    Symbol Name                              Value     Ov Type        Size  Object(Section)

    BuildAttributes$$THM_ISAv4$P$D$K$B$S$PE$A:L22UL41UL21$X:L11$S22US41US21$IEEE1$IW$USESV6$~STKCKD$USESV7$~SHL$OSPACE$ROPI$EBA8$UX$STANDARDLIB$REQ8$PRES8$EABIv2 0x00000000   Number         0  anon$$obj.o ABSOLUTE
    __ARM_use_no_argv                        0x00000000   Number         0  main.o ABSOLUTE
    _printf_flags                            0x00000000   Number         0  printf_stubs.o ABSOLUTE
    _printf_return_value                     0x00000000   Number         0  printf_stubs.o ABSOLUTE
    _printf_sizespec                         0x00000000   Number         0  printf_stubs.o ABSOLUTE
    _printf_widthprec                        0x00000000   Number         0  printf_stubs.o ABSOLUTE
    __ARM_exceptions_init                     - Undefined Weak Reference
    __alloca_initialize                       - Undefined Weak Reference
    __arm_fini_                               - Undefined Weak Reference
    __arm_preinit_                            - Undefined Weak Reference
    __cpp_initialize__aeabi_                  - Undefined Weak Reference
    __cxa_finalize                            - Undefined Weak Reference
    __rt_locale                               - Undefined Weak Reference
    __sigvec_lookup                           - Undefined Weak Reference
    _atexit_init                              - Undefined Weak Reference
    _call_atexit_fns                          - Undefined Weak Reference
    _clock_init                               - Undefined Weak Reference
    _fp_trap_init                             - Undefined Weak Reference
    _fp_trap_shutdown                         - Undefined Weak Reference
    _get_lc_collate                           - Undefined Weak Reference
    _get_lc_ctype                             - Undefined Weak Reference
    _get_lc_monetary                          - Undefined Weak Reference
    _get_lc_numeric                           - Undefined Weak Reference
    _get_lc_time                              - Undefined Weak Reference
    _getenv_init                              - Undefined Weak Reference
    _handle_redirection                       - Undefined Weak Reference
    _init_alloc                               - Undefined Weak Reference
    _init_user_alloc                          - Undefined Weak Reference
    _initio                                   - Undefined Weak Reference
    _mutex_acquire                            - Undefined Weak Reference
    _mutex_release                            - Undefined Weak Reference
    _printf_mbtowc                            - Undefined Weak Reference
    _printf_truncate_signed                   - Undefined Weak Reference
    _printf_truncate_unsigned                 - Undefined Weak Reference
    _rand_init                                - Undefined Weak Reference
    _signal_finish                            - Undefined Weak Reference
    _signal_init                              - Undefined Weak Reference
    _terminate_alloc                          - Undefined Weak Reference
    _terminate_user_alloc                     - Undefined Weak Reference
    _terminateio                              - Undefined Weak Reference
    __Vectors_Size                           0x000000ec   Number         0  startup_stm32f10x_md.o ABSOLUTE
    __Vectors                                0x08000000   Data           4  startup_stm32f10x_md.o(RESET)
    __Vectors_End                            0x080000ec   Data           0  startup_stm32f10x_md.o(RESET)
    __main                                   0x080000ed   Thumb Code     8  __main.o(!!!main)
    __scatterload                            0x080000f5   Thumb Code     0  __scatter.o(!!!scatter)
    __scatterload_rt2                        0x080000f5   Thumb Code    44  __scatter.o(!!!scatter)
    __scatterload_rt2_thumb_only             0x080000f5   Thumb Code     0  __scatter.o(!!!scatter)
    __scatterload_null                       0x08000103   Thumb Code     0  __scatter.o(!!!scatter)
    __decompress                             0x08000129   Thumb Code    90  __dczerorl2.o(!!dczerorl2)
    __decompress1                            0x08000129   Thumb Code     0  __dczerorl2.o(!!dczerorl2)
    __scatterload_zeroinit                   0x08000185   Thumb Code    28  __scatter_zi.o(!!handler_zi)
    _printf_d                                0x080001a1   Thumb Code     0  _printf_d.o(.ARM.Collect$$_printf_percent$$00000009)
    _printf_percent                          0x080001a1   Thumb Code     0  _printf_percent.o(.ARM.Collect$$_printf_percent$$00000000)
    _printf_u                                0x080001a7   Thumb Code     0  _printf_u.o(.ARM.Collect$$_printf_percent$$0000000A)
    _printf_x                                0x080001ad   Thumb Code     0  _printf_x.o(.ARM.Collect$$_printf_percent$$0000000C)
    _printf_c                                0x080001b3   Thumb Code     0  _printf_c.o(.ARM.Collect$$_printf_percent$$00000013)
    _printf_s                                0x080001b9   Thumb Code     0  _printf_s.o(.ARM.Collect$$_printf_percent$$00000014)
    _printf_percent_end                      0x080001bf   Thumb Code     0  _printf_percent_end.o(.ARM.Collect$$_printf_percent$$00000017)
    __rt_lib_init                            0x080001c3   Thumb Code     0  libinit.o(.ARM.Collect$$libinit$$00000000)
    __rt_lib_init_alloca_1                   0x080001c5   Thumb Code     0  libinit2.o(.ARM.Collect$$libinit$$0000002E)
    __rt_lib_init_argv_1                     0x080001c5   Thumb Code     0  libinit2.o(.ARM.Collect$$libinit$$0000002C)
    __rt_lib_init_atexit_1                   0x080001c5   Thumb Code     0  libinit2.o(.ARM.Collect$$libinit$$0000001B)
    __rt_lib_init_clock_1                    0x080001c5   Thumb Code     0  libinit2.o(.ARM.Collect$$libinit$$00000021)
    __rt_lib_init_cpp_1                      0x080001c5   Thumb Code     0  libinit2.o(.ARM.Collect$$libinit$$00000032)
    __rt_lib_init_exceptions_1               0x080001c5   Thumb Code     0  libinit2.o(.ARM.Collect$$libinit$$00000030)
    __rt_lib_init_fp_1                       0x080001c5   Thumb Code     0  libinit2.o(.ARM.Collect$$libinit$$00000002)
    __rt_lib_init_fp_trap_1                  0x080001c5   Thumb Code     0  libinit2.o(.ARM.Collect$$libinit$$0000001F)
    __rt_lib_init_getenv_1                   0x080001c5   Thumb Code     0  libinit2.o(.ARM.Collect$$libinit$$00000023)
    __rt_lib_init_heap_1                     0x080001c5   Thumb Code     0  libinit2.o(.ARM.Collect$$libinit$$0000000A)
    __rt_lib_init_lc_collate_1               0x080001c5   Thumb Code     0  libinit2.o(.ARM.Collect$$libinit$$00000011)
    __rt_lib_init_lc_ctype_1                 0x080001c5   Thumb Code     0  libinit2.o(.ARM.Collect$$libinit$$00000013)
    __rt_lib_init_lc_monetary_1              0x080001c5   Thumb Code     0  libinit2.o(.ARM.Collect$$libinit$$00000015)
    __rt_lib_init_lc_numeric_1               0x080001c5   Thumb Code     0  libinit2.o(.ARM.Collect$$libinit$$00000017)
    __rt_lib_init_lc_time_1                  0x080001c5   Thumb Code     0  libinit2.o(.ARM.Collect$$libinit$$00000019)
    __rt_lib_init_preinit_1                  0x080001c5   Thumb Code     0  libinit2.o(.ARM.Collect$$libinit$$00000004)
    __rt_lib_init_rand_1                     0x080001c5   Thumb Code     0  libinit2.o(.ARM.Collect$$libinit$$0000000E)
    __rt_lib_init_return                     0x080001c5   Thumb Code     0  libinit2.o(.ARM.Collect$$libinit$$00000033)
    __rt_lib_init_signal_1                   0x080001c5   Thumb Code     0  libinit2.o(.ARM.Collect$$libinit$$0000001D)
    __rt_lib_init_stdio_1                    0x080001c5   Thumb Code     0  libinit2.o(.ARM.Collect$$libinit$$00000025)
    __rt_lib_init_user_alloc_1               0x080001c5   Thumb Code     0  libinit2.o(.ARM.Collect$$libinit$$0000000C)
    __rt_lib_shutdown                        0x080001c7   Thumb Code     0  libshutdown.o(.ARM.Collect$$libshutdown$$00000000)
    __rt_lib_shutdown_cpp_1                  0x080001c9   Thumb Code     0  libshutdown2.o(.ARM.Collect$$libshutdown$$00000004)
    __rt_lib_shutdown_fini_1                 0x080001c9   Thumb Code     0  libshutdown2.o(.ARM.Collect$$libshutdown$$00000002)
    __rt_lib_shutdown_fp_trap_1              0x080001c9   Thumb Code     0  libshutdown2.o(.ARM.Collect$$libshutdown$$00000009)
    __rt_lib_shutdown_heap_1                 0x080001c9   Thumb Code     0  libshutdown2.o(.ARM.Collect$$libshutdown$$00000011)
    __rt_lib_shutdown_return                 0x080001c9   Thumb Code     0  libshutdown2.o(.ARM.Collect$$libshutdown$$00000012)
    __rt_lib_shutdown_signal_1               0x080001c9   Thumb Code     0  libshutdown2.o(.ARM.Collect$$libshutdown$$0000000C)
    __rt_lib_shutdown_stdio_1                0x080001c9   Thumb Code     0  libshutdown2.o(.ARM.Collect$$libshutdown$$00000006)
    __rt_lib_shutdown_user_alloc_1           0x080001c9   Thumb Code     0  libshutdown2.o(.ARM.Collect$$libshutdown$$0000000E)
    __rt_entry                               0x080001cb   Thumb Code     0  __rtentry.o(.ARM.Collect$$rtentry$$00000000)
    __rt_entry_presh_1                       0x080001cb   Thumb Code     0  __rtentry2.o(.ARM.Collect$$rtentry$$00000002)
    __rt_entry_sh                            0x080001cb   Thumb Code     0  __rtentry4.o(.ARM.Collect$$rtentry$$00000004)
    __rt_entry_li                            0x080001d1   Thumb Code     0  __rtentry2.o(.ARM.Collect$$rtentry$$0000000A)
    __rt_entry_postsh_1                      0x080001d1   Thumb Code     0  __rtentry2.o(.ARM.Collect$$rtentry$$00000009)
    __rt_entry_main                          0x080001d5   Thumb Code     0  __rtentry2.o(.ARM.Collect$$rtentry$$0000000D)
    __rt_entry_postli_1                      0x080001d5   Thumb Code     0  __rtentry2.o(.ARM.Collect$$rtentry$$0000000C)
    __rt_exit                                0x080001dd   Thumb Code     0  rtexit.o(.ARM.Collect$$rtexit$$00000000)
    __rt_exit_ls                             0x080001df   Thumb Code     0  rtexit2.o(.ARM.Collect$$rtexit$$00000003)
    __rt_exit_prels_1                        0x080001df   Thumb Code     0  rtexit2.o(.ARM.Collect$$rtexit$$00000002)
    __rt_exit_exit                           0x080001e3   Thumb Code     0  rtexit2.o(.ARM.Collect$$rtexit$$00000004)
    led_set                                  0x080001e9   Thumb Code     6  main.o(.text)
    test_fun                                 0x080001ef   Thumb Code    12  main.o(.text)
    main                                     0x080001fb   Thumb Code   126  main.o(.text)
    NMI_Handler                              0x08000285   Thumb Code     2  stm32f10x_it.o(.text)
    HardFault_Handler                        0x08000287   Thumb Code     4  stm32f10x_it.o(.text)
    MemManage_Handler                        0x0800028b   Thumb Code     4  stm32f10x_it.o(.text)
    BusFault_Handler                         0x0800028f   Thumb Code     4  stm32f10x_it.o(.text)
    UsageFault_Handler                       0x08000293   Thumb Code     4  stm32f10x_it.o(.text)
    SVC_Handler                              0x08000297   Thumb Code     2  stm32f10x_it.o(.text)
    DebugMon_Handler                         0x08000299   Thumb Code     2  stm32f10x_it.o(.text)
    PendSV_Handler                           0x0800029b   Thumb Code     2  stm32f10x_it.o(.text)
    SysTick_Handler                          0x0800029d   Thumb Code     2  stm32f10x_it.o(.text)
    SystemInit                               0x0800037f   Thumb Code    78  system_stm32f10x.o(.text)
    SystemCoreClockUpdate                    0x080003cd   Thumb Code   142  system_stm32f10x.o(.text)
    LED_Init                                 0x08000481   Thumb Code    50  led.o(.text)
    LCD_WR_REG                               0x080004b9   Thumb Code    28  lcd.o(.text)
    LCD_WR_DATAX                             0x080004d5   Thumb Code    28  lcd.o(.text)
    LCD_RD_DATA                              0x080004f1   Thumb Code    98  lcd.o(.text)
    LCD_WriteReg                             0x08000553   Thumb Code    40  lcd.o(.text)
    LCD_ReadReg                              0x0800057b   Thumb Code    16  lcd.o(.text)
    LCD_WriteRAM_Prepare                     0x0800058b   Thumb Code    12  lcd.o(.text)
    LCD_WriteRAM                             0x08000597   Thumb Code    28  lcd.o(.text)
    LCD_BGR2RGB                              0x080005b3   Thumb Code    26  lcd.o(.text)
    opt_delay                                0x080005cd   Thumb Code    14  lcd.o(.text)
    LCD_SetCursor                            0x080005db   Thumb Code   956  lcd.o(.text)
    LCD_ReadPoint                            0x08000997   Thumb Code   506  lcd.o(.text)
    LCD_DisplayOn                            0x08000b91   Thumb Code    92  lcd.o(.text)
    LCD_DisplayOff                           0x08000bed   Thumb Code    90  lcd.o(.text)
    LCD_Scan_Dir                             0x08000c47   Thumb Code  1126  lcd.o(.text)
    LCD_DrawPoint                            0x080010ad   Thumb Code    52  lcd.o(.text)
    LCD_Fast_DrawPoint                       0x080010e1   Thumb Code   854  lcd.o(.text)
    LCD_SSD_BackLightSet                     0x08001437   Thumb Code   220  lcd.o(.text)
    LCD_Display_Dir                          0x08001513   Thumb Code   444  lcd.o(.text)
    LCD_Set_Window                           0x080016cf   Thumb Code  1078  lcd.o(.text)
    LCD_Clear                                0x08001b05   Thumb Code   122  lcd.o(.text)
    LCD_Init                                 0x08001b7f   Thumb Code 15298  lcd.o(.text)
    LCD_Fill                                 0x08005741   Thumb Code   200  lcd.o(.text)
    LCD_Color_Fill                           0x08005809   Thumb Code   116  lcd.o(.text)
    LCD_DrawLine                             0x0800587d   Thumb Code   176  lcd.o(.text)
    LCD_DrawRectangle                        0x0800592d   Thumb Code    60  lcd.o(.text)
    LCD_Draw_Circle                          0x08005969   Thumb Code   152  lcd.o(.text)
    LCD_ShowChar                             0x08005a01   Thumb Code   272  lcd.o(.text)
    LCD_Pow                                  0x08005b11   Thumb Code    22  lcd.o(.text)
    LCD_ShowNum                              0x08005b27   Thumb Code   180  lcd.o(.text)
    LCD_ShowxNum                             0x08005bdb   Thumb Code   190  lcd.o(.text)
    LCD_ShowString                           0x08005c99   Thumb Code   102  lcd.o(.text)
    Adc_Init                                 0x08005d01   Thumb Code   132  adc.o(.text)
    Get_Adc                                  0x08005d85   Thumb Code    46  adc.o(.text)
    Get_Adc_Average                          0x08005db3   Thumb Code    46  adc.o(.text)
    TIM3_Int_Init                            0x08005de9   Thumb Code    90  timer.o(.text)
    TIM3_IRQHandler                          0x08005e43   Thumb Code    38  timer.o(.text)
    TB67_Init                                0x08005e71   Thumb Code   140  tb67.o(.text)
    delay_init                               0x08005f11   Thumb Code    50  delay.o(.text)
    delay_us                                 0x08005f43   Thumb Code    72  delay.o(.text)
    delay_ms                                 0x08005f8b   Thumb Code    72  delay.o(.text)
    _sys_exit                                0x08005fe5   Thumb Code     6  usart.o(.text)
    fputc                                    0x08005feb   Thumb Code    24  usart.o(.text)
    uart_init                                0x08006003   Thumb Code   152  usart.o(.text)
    USART1_IRQHandler                        0x0800609b   Thumb Code   122  usart.o(.text)
    Reset_Handler                            0x08006125   Thumb Code     8  startup_stm32f10x_md.o(.text)
    ADC1_2_IRQHandler                        0x0800613f   Thumb Code     0  startup_stm32f10x_md.o(.text)
    CAN1_RX1_IRQHandler                      0x0800613f   Thumb Code     0  startup_stm32f10x_md.o(.text)
    CAN1_SCE_IRQHandler                      0x0800613f   Thumb Code     0  startup_stm32f10x_md.o(.text)
    DMA1_Channel1_IRQHandler                 0x0800613f   Thumb Code     0  startup_stm32f10x_md.o(.text)
    DMA1_Channel2_IRQHandler                 0x0800613f   Thumb Code     0  startup_stm32f10x_md.o(.text)
    DMA1_Channel3_IRQHandler                 0x0800613f   Thumb Code     0  startup_stm32f10x_md.o(.text)
    DMA1_Channel4_IRQHandler                 0x0800613f   Thumb Code     0  startup_stm32f10x_md.o(.text)
    DMA1_Channel5_IRQHandler                 0x0800613f   Thumb Code     0  startup_stm32f10x_md.o(.text)
    DMA1_Channel6_IRQHandler                 0x0800613f   Thumb Code     0  startup_stm32f10x_md.o(.text)
    DMA1_Channel7_IRQHandler                 0x0800613f   Thumb Code     0  startup_stm32f10x_md.o(.text)
    EXTI0_IRQHandler                         0x0800613f   Thumb Code     0  startup_stm32f10x_md.o(.text)
    EXTI15_10_IRQHandler                     0x0800613f   Thumb Code     0  startup_stm32f10x_md.o(.text)
    EXTI1_IRQHandler                         0x0800613f   Thumb Code     0  startup_stm32f10x_md.o(.text)
    EXTI2_IRQHandler                         0x0800613f   Thumb Code     0  startup_stm32f10x_md.o(.text)
    EXTI3_IRQHandler                         0x0800613f   Thumb Code     0  startup_stm32f10x_md.o(.text)
    EXTI4_IRQHandler                         0x0800613f   Thumb Code     0  startup_stm32f10x_md.o(.text)
    EXTI9_5_IRQHandler                       0x0800613f   Thumb Code     0  startup_stm32f10x_md.o(.text)
    FLASH_IRQHandler                         0x0800613f   Thumb Code     0  startup_stm32f10x_md.o(.text)
    I2C1_ER_IRQHandler                       0x0800613f   Thumb Code     0  startup_stm32f10x_md.o(.text)
    I2C1_EV_IRQHandler                       0x0800613f   Thumb Code     0  startup_stm32f10x_md.o(.text)
    I2C2_ER_IRQHandler                       0x0800613f   Thumb Code     0  startup_stm32f10x_md.o(.text)
    I2C2_EV_IRQHandler                       0x0800613f   Thumb Code     0  startup_stm32f10x_md.o(.text)
    PVD_IRQHandler                           0x0800613f   Thumb Code     0  startup_stm32f10x_md.o(.text)
    RCC_IRQHandler                           0x0800613f   Thumb Code     0  startup_stm32f10x_md.o(.text)
    RTCAlarm_IRQHandler                      0x0800613f   Thumb Code     0  startup_stm32f10x_md.o(.text)
    RTC_IRQHandler                           0x0800613f   Thumb Code     0  startup_stm32f10x_md.o(.text)
    SPI1_IRQHandler                          0x0800613f   Thumb Code     0  startup_stm32f10x_md.o(.text)
    SPI2_IRQHandler                          0x0800613f   Thumb Code     0  startup_stm32f10x_md.o(.text)
    TAMPER_IRQHandler                        0x0800613f   Thumb Code     0  startup_stm32f10x_md.o(.text)
    TIM1_BRK_IRQHandler                      0x0800613f   Thumb Code     0  startup_stm32f10x_md.o(.text)
    TIM1_CC_IRQHandler                       0x0800613f   Thumb Code     0  startup_stm32f10x_md.o(.text)
    TIM1_TRG_COM_IRQHandler                  0x0800613f   Thumb Code     0  startup_stm32f10x_md.o(.text)
    TIM1_UP_IRQHandler                       0x0800613f   Thumb Code     0  startup_stm32f10x_md.o(.text)
    TIM2_IRQHandler                          0x0800613f   Thumb Code     0  startup_stm32f10x_md.o(.text)
    USART2_IRQHandler                        0x0800613f   Thumb Code     0  startup_stm32f10x_md.o(.text)
    USART3_IRQHandler                        0x0800613f   Thumb Code     0  startup_stm32f10x_md.o(.text)
    USBWakeUp_IRQHandler                     0x0800613f   Thumb Code     0  startup_stm32f10x_md.o(.text)
    USB_HP_CAN1_TX_IRQHandler                0x0800613f   Thumb Code     0  startup_stm32f10x_md.o(.text)
    USB_LP_CAN1_RX0_IRQHandler               0x0800613f   Thumb Code     0  startup_stm32f10x_md.o(.text)
    WWDG_IRQHandler                          0x0800613f   Thumb Code     0  startup_stm32f10x_md.o(.text)
    __user_initial_stackheap                 0x08006141   Thumb Code     0  startup_stm32f10x_md.o(.text)
    GPIO_DeInit                              0x08006165   Thumb Code   172  stm32f10x_gpio.o(.text)
    GPIO_AFIODeInit                          0x08006211   Thumb Code    20  stm32f10x_gpio.o(.text)
    GPIO_Init                                0x08006225   Thumb Code   278  stm32f10x_gpio.o(.text)
    GPIO_StructInit                          0x0800633b   Thumb Code    16  stm32f10x_gpio.o(.text)
    GPIO_ReadInputDataBit                    0x0800634b   Thumb Code    18  stm32f10x_gpio.o(.text)
    GPIO_ReadInputData                       0x0800635d   Thumb Code     8  stm32f10x_gpio.o(.text)
    GPIO_ReadOutputDataBit                   0x08006365   Thumb Code    18  stm32f10x_gpio.o(.text)
    GPIO_ReadOutputData                      0x08006377   Thumb Code     8  stm32f10x_gpio.o(.text)
    GPIO_SetBits                             0x0800637f   Thumb Code     4  stm32f10x_gpio.o(.text)
    GPIO_ResetBits                           0x08006383   Thumb Code     4  stm32f10x_gpio.o(.text)
    GPIO_WriteBit                            0x08006387   Thumb Code    10  stm32f10x_gpio.o(.text)
    GPIO_Write                               0x08006391   Thumb Code     4  stm32f10x_gpio.o(.text)
    GPIO_PinLockConfig                       0x08006395   Thumb Code    18  stm32f10x_gpio.o(.text)
    GPIO_EventOutputConfig                   0x080063a7   Thumb Code    26  stm32f10x_gpio.o(.text)
    GPIO_EventOutputCmd                      0x080063c1   Thumb Code     6  stm32f10x_gpio.o(.text)
    GPIO_PinRemapConfig                      0x080063c7   Thumb Code   138  stm32f10x_gpio.o(.text)
    GPIO_EXTILineConfig                      0x08006451   Thumb Code    66  stm32f10x_gpio.o(.text)
    GPIO_ETH_MediaInterfaceConfig            0x08006493   Thumb Code     8  stm32f10x_gpio.o(.text)
    RCC_DeInit                               0x080064c1   Thumb Code    64  stm32f10x_rcc.o(.text)
    RCC_HSEConfig                            0x08006501   Thumb Code    70  stm32f10x_rcc.o(.text)
    RCC_GetFlagStatus                        0x08006547   Thumb Code    56  stm32f10x_rcc.o(.text)
    RCC_WaitForHSEStartUp                    0x0800657f   Thumb Code    56  stm32f10x_rcc.o(.text)
    RCC_AdjustHSICalibrationValue            0x080065b7   Thumb Code    20  stm32f10x_rcc.o(.text)
    RCC_HSICmd                               0x080065cb   Thumb Code     6  stm32f10x_rcc.o(.text)
    RCC_PLLConfig                            0x080065d1   Thumb Code    24  stm32f10x_rcc.o(.text)
    RCC_PLLCmd                               0x080065e9   Thumb Code     6  stm32f10x_rcc.o(.text)
    RCC_SYSCLKConfig                         0x080065ef   Thumb Code    18  stm32f10x_rcc.o(.text)
    RCC_GetSYSCLKSource                      0x08006601   Thumb Code    10  stm32f10x_rcc.o(.text)
    RCC_HCLKConfig                           0x0800660b   Thumb Code    18  stm32f10x_rcc.o(.text)
    RCC_PCLK1Config                          0x0800661d   Thumb Code    18  stm32f10x_rcc.o(.text)
    RCC_PCLK2Config                          0x0800662f   Thumb Code    20  stm32f10x_rcc.o(.text)
    RCC_ITConfig                             0x08006643   Thumb Code    26  stm32f10x_rcc.o(.text)
    RCC_USBCLKConfig                         0x0800665d   Thumb Code     8  stm32f10x_rcc.o(.text)
    RCC_ADCCLKConfig                         0x08006665   Thumb Code    18  stm32f10x_rcc.o(.text)
    RCC_LSEConfig                            0x08006677   Thumb Code    50  stm32f10x_rcc.o(.text)
    RCC_LSICmd                               0x080066a9   Thumb Code     6  stm32f10x_rcc.o(.text)
    RCC_RTCCLKConfig                         0x080066af   Thumb Code    12  stm32f10x_rcc.o(.text)
    RCC_RTCCLKCmd                            0x080066bb   Thumb Code     8  stm32f10x_rcc.o(.text)
    RCC_GetClocksFreq                        0x080066c3   Thumb Code   192  stm32f10x_rcc.o(.text)
    RCC_AHBPeriphClockCmd                    0x08006783   Thumb Code    26  stm32f10x_rcc.o(.text)
    RCC_APB2PeriphClockCmd                   0x0800679d   Thumb Code    26  stm32f10x_rcc.o(.text)
    RCC_APB1PeriphClockCmd                   0x080067b7   Thumb Code    26  stm32f10x_rcc.o(.text)
    RCC_APB2PeriphResetCmd                   0x080067d1   Thumb Code    26  stm32f10x_rcc.o(.text)
    RCC_APB1PeriphResetCmd                   0x080067eb   Thumb Code    26  stm32f10x_rcc.o(.text)
    RCC_BackupResetCmd                       0x08006805   Thumb Code     8  stm32f10x_rcc.o(.text)
    RCC_ClockSecuritySystemCmd               0x0800680d   Thumb Code     6  stm32f10x_rcc.o(.text)
    RCC_MCOConfig                            0x08006813   Thumb Code     6  stm32f10x_rcc.o(.text)
    RCC_ClearFlag                            0x08006819   Thumb Code    14  stm32f10x_rcc.o(.text)
    RCC_GetITStatus                          0x08006827   Thumb Code    20  stm32f10x_rcc.o(.text)
    RCC_ClearITPendingBit                    0x0800683b   Thumb Code     6  stm32f10x_rcc.o(.text)
    USART_DeInit                             0x08006865   Thumb Code   134  stm32f10x_usart.o(.text)
    USART_Init                               0x080068eb   Thumb Code   210  stm32f10x_usart.o(.text)
    USART_StructInit                         0x080069bd   Thumb Code    24  stm32f10x_usart.o(.text)
    USART_ClockInit                          0x080069d5   Thumb Code    34  stm32f10x_usart.o(.text)
    USART_ClockStructInit                    0x080069f7   Thumb Code    12  stm32f10x_usart.o(.text)
    USART_Cmd                                0x08006a03   Thumb Code    24  stm32f10x_usart.o(.text)
    USART_ITConfig                           0x08006a1b   Thumb Code    74  stm32f10x_usart.o(.text)
    USART_DMACmd                             0x08006a65   Thumb Code    18  stm32f10x_usart.o(.text)
    USART_SetAddress                         0x08006a77   Thumb Code    18  stm32f10x_usart.o(.text)
    USART_WakeUpConfig                       0x08006a89   Thumb Code    18  stm32f10x_usart.o(.text)
    USART_ReceiverWakeUpCmd                  0x08006a9b   Thumb Code    24  stm32f10x_usart.o(.text)
    USART_LINBreakDetectLengthConfig         0x08006ab3   Thumb Code    18  stm32f10x_usart.o(.text)
    USART_LINCmd                             0x08006ac5   Thumb Code    24  stm32f10x_usart.o(.text)
    USART_SendData                           0x08006add   Thumb Code     8  stm32f10x_usart.o(.text)
    USART_ReceiveData                        0x08006ae5   Thumb Code    10  stm32f10x_usart.o(.text)
    USART_SendBreak                          0x08006aef   Thumb Code    10  stm32f10x_usart.o(.text)
    USART_SetGuardTime                       0x08006af9   Thumb Code    16  stm32f10x_usart.o(.text)
    USART_SetPrescaler                       0x08006b09   Thumb Code    16  stm32f10x_usart.o(.text)
    USART_SmartCardCmd                       0x08006b19   Thumb Code    24  stm32f10x_usart.o(.text)
    USART_SmartCardNACKCmd                   0x08006b31   Thumb Code    24  stm32f10x_usart.o(.text)
    USART_HalfDuplexCmd                      0x08006b49   Thumb Code    24  stm32f10x_usart.o(.text)
    USART_OverSampling8Cmd                   0x08006b61   Thumb Code    22  stm32f10x_usart.o(.text)
    USART_OneBitMethodCmd                    0x08006b77   Thumb Code    24  stm32f10x_usart.o(.text)
    USART_IrDAConfig                         0x08006b8f   Thumb Code    18  stm32f10x_usart.o(.text)
    USART_IrDACmd                            0x08006ba1   Thumb Code    24  stm32f10x_usart.o(.text)
    USART_GetFlagStatus                      0x08006bb9   Thumb Code    26  stm32f10x_usart.o(.text)
    USART_ClearFlag                          0x08006bd3   Thumb Code    18  stm32f10x_usart.o(.text)
    USART_GetITStatus                        0x08006be5   Thumb Code    84  stm32f10x_usart.o(.text)
    USART_ClearITPendingBit                  0x08006c39   Thumb Code    52  stm32f10x_usart.o(.text)
    NVIC_PriorityGroupConfig                 0x08006c6d   Thumb Code    10  misc.o(.text)
    NVIC_Init                                0x08006c77   Thumb Code   100  misc.o(.text)
    NVIC_SetVectorTable                      0x08006cdb   Thumb Code    14  misc.o(.text)
    NVIC_SystemLPConfig                      0x08006ce9   Thumb Code    34  misc.o(.text)
    SysTick_CLKSourceConfig                  0x08006d0b   Thumb Code    40  misc.o(.text)
    TIM_DeInit                               0x08006d49   Thumb Code   424  stm32f10x_tim.o(.text)
    TIM_TimeBaseInit                         0x08006ef1   Thumb Code   122  stm32f10x_tim.o(.text)
    TIM_OC1Init                              0x08006f6b   Thumb Code   132  stm32f10x_tim.o(.text)
    TIM_OC2Init                              0x08006fef   Thumb Code   154  stm32f10x_tim.o(.text)
    TIM_OC3Init                              0x08007089   Thumb Code   150  stm32f10x_tim.o(.text)
    TIM_OC4Init                              0x0800711f   Thumb Code   182  stm32f10x_tim.o(.text)
    TIM_SetIC4Prescaler                      0x080071d5   Thumb Code    26  stm32f10x_tim.o(.text)
    TIM_SetIC3Prescaler                      0x08007271   Thumb Code    18  stm32f10x_tim.o(.text)
    TIM_SetIC2Prescaler                      0x080072fd   Thumb Code    26  stm32f10x_tim.o(.text)
    TIM_SetIC1Prescaler                      0x08007399   Thumb Code    18  stm32f10x_tim.o(.text)
    TIM_ICInit                               0x08007417   Thumb Code   150  stm32f10x_tim.o(.text)
    TIM_PWMIConfig                           0x080074ad   Thumb Code   124  stm32f10x_tim.o(.text)
    TIM_BDTRConfig                           0x08007529   Thumb Code    32  stm32f10x_tim.o(.text)
    TIM_TimeBaseStructInit                   0x08007549   Thumb Code    18  stm32f10x_tim.o(.text)
    TIM_OCStructInit                         0x0800755b   Thumb Code    20  stm32f10x_tim.o(.text)
    TIM_ICStructInit                         0x0800756f   Thumb Code    18  stm32f10x_tim.o(.text)
    TIM_BDTRStructInit                       0x08007581   Thumb Code    40  stm32f10x_tim.o(.text)
    TIM_Cmd                                  0x080075a9   Thumb Code    24  stm32f10x_tim.o(.text)
    TIM_CtrlPWMOutputs                       0x080075c1   Thumb Code    30  stm32f10x_tim.o(.text)
    TIM_ITConfig                             0x080075df   Thumb Code    18  stm32f10x_tim.o(.text)
    TIM_GenerateEvent                        0x080075f1   Thumb Code     4  stm32f10x_tim.o(.text)
    TIM_DMAConfig                            0x080075f5   Thumb Code    10  stm32f10x_tim.o(.text)
    TIM_DMACmd                               0x080075ff   Thumb Code    18  stm32f10x_tim.o(.text)
    TIM_InternalClockConfig                  0x08007611   Thumb Code    12  stm32f10x_tim.o(.text)
    TIM_SelectInputTrigger                   0x0800761d   Thumb Code    18  stm32f10x_tim.o(.text)
    TIM_ITRxExternalClockConfig              0x0800762f   Thumb Code    24  stm32f10x_tim.o(.text)
    TIM_TIxExternalClockConfig               0x08007647   Thumb Code    62  stm32f10x_tim.o(.text)
    TIM_ETRConfig                            0x08007685   Thumb Code    28  stm32f10x_tim.o(.text)
    TIM_ETRClockMode1Config                  0x080076a1   Thumb Code    54  stm32f10x_tim.o(.text)
    TIM_ETRClockMode2Config                  0x080076d7   Thumb Code    32  stm32f10x_tim.o(.text)
    TIM_PrescalerConfig                      0x080076f7   Thumb Code     6  stm32f10x_tim.o(.text)
    TIM_CounterModeConfig                    0x080076fd   Thumb Code    18  stm32f10x_tim.o(.text)
    TIM_EncoderInterfaceConfig               0x0800770f   Thumb Code    66  stm32f10x_tim.o(.text)
    TIM_ForcedOC1Config                      0x08007751   Thumb Code    18  stm32f10x_tim.o(.text)
    TIM_ForcedOC2Config                      0x08007763   Thumb Code    26  stm32f10x_tim.o(.text)
    TIM_ForcedOC3Config                      0x0800777d   Thumb Code    18  stm32f10x_tim.o(.text)
    TIM_ForcedOC4Config                      0x0800778f   Thumb Code    26  stm32f10x_tim.o(.text)
    TIM_ARRPreloadConfig                     0x080077a9   Thumb Code    24  stm32f10x_tim.o(.text)
    TIM_SelectCOM                            0x080077c1   Thumb Code    24  stm32f10x_tim.o(.text)
    TIM_SelectCCDMA                          0x080077d9   Thumb Code    24  stm32f10x_tim.o(.text)
    TIM_CCPreloadControl                     0x080077f1   Thumb Code    24  stm32f10x_tim.o(.text)
    TIM_OC1PreloadConfig                     0x08007809   Thumb Code    18  stm32f10x_tim.o(.text)
    TIM_OC2PreloadConfig                     0x0800781b   Thumb Code    26  stm32f10x_tim.o(.text)
    TIM_OC3PreloadConfig                     0x08007835   Thumb Code    18  stm32f10x_tim.o(.text)
    TIM_OC4PreloadConfig                     0x08007847   Thumb Code    26  stm32f10x_tim.o(.text)
    TIM_OC1FastConfig                        0x08007861   Thumb Code    18  stm32f10x_tim.o(.text)
    TIM_OC2FastConfig                        0x08007873   Thumb Code    26  stm32f10x_tim.o(.text)
    TIM_OC3FastConfig                        0x0800788d   Thumb Code    18  stm32f10x_tim.o(.text)
    TIM_OC4FastConfig                        0x0800789f   Thumb Code    26  stm32f10x_tim.o(.text)
    TIM_ClearOC1Ref                          0x080078b9   Thumb Code    18  stm32f10x_tim.o(.text)
    TIM_ClearOC2Ref                          0x080078cb   Thumb Code    24  stm32f10x_tim.o(.text)
    TIM_ClearOC3Ref                          0x080078e3   Thumb Code    18  stm32f10x_tim.o(.text)
    TIM_ClearOC4Ref                          0x080078f5   Thumb Code    24  stm32f10x_tim.o(.text)
    TIM_OC1PolarityConfig                    0x0800790d   Thumb Code    18  stm32f10x_tim.o(.text)
    TIM_OC1NPolarityConfig                   0x0800791f   Thumb Code    18  stm32f10x_tim.o(.text)
    TIM_OC2PolarityConfig                    0x08007931   Thumb Code    26  stm32f10x_tim.o(.text)
    TIM_OC2NPolarityConfig                   0x0800794b   Thumb Code    26  stm32f10x_tim.o(.text)
    TIM_OC3PolarityConfig                    0x08007965   Thumb Code    26  stm32f10x_tim.o(.text)
    TIM_OC3NPolarityConfig                   0x0800797f   Thumb Code    26  stm32f10x_tim.o(.text)
    TIM_OC4PolarityConfig                    0x08007999   Thumb Code    26  stm32f10x_tim.o(.text)
    TIM_CCxCmd                               0x080079b3   Thumb Code    30  stm32f10x_tim.o(.text)
    TIM_CCxNCmd                              0x080079d1   Thumb Code    30  stm32f10x_tim.o(.text)
    TIM_SelectOCxM                           0x080079ef   Thumb Code    82  stm32f10x_tim.o(.text)
    TIM_UpdateDisableConfig                  0x08007a41   Thumb Code    24  stm32f10x_tim.o(.text)
    TIM_UpdateRequestConfig                  0x08007a59   Thumb Code    24  stm32f10x_tim.o(.text)
    TIM_SelectHallSensor                     0x08007a71   Thumb Code    24  stm32f10x_tim.o(.text)
    TIM_SelectOnePulseMode                   0x08007a89   Thumb Code    18  stm32f10x_tim.o(.text)
    TIM_SelectOutputTrigger                  0x08007a9b   Thumb Code    18  stm32f10x_tim.o(.text)
    TIM_SelectSlaveMode                      0x08007aad   Thumb Code    18  stm32f10x_tim.o(.text)
    TIM_SelectMasterSlaveMode                0x08007abf   Thumb Code    18  stm32f10x_tim.o(.text)
    TIM_SetCounter                           0x08007ad1   Thumb Code     4  stm32f10x_tim.o(.text)
    TIM_SetAutoreload                        0x08007ad5   Thumb Code     4  stm32f10x_tim.o(.text)
    TIM_SetCompare1                          0x08007ad9   Thumb Code     4  stm32f10x_tim.o(.text)
    TIM_SetCompare2                          0x08007add   Thumb Code     4  stm32f10x_tim.o(.text)
    TIM_SetCompare3                          0x08007ae1   Thumb Code     4  stm32f10x_tim.o(.text)
    TIM_SetCompare4                          0x08007ae5   Thumb Code     6  stm32f10x_tim.o(.text)
    TIM_SetClockDivision                     0x08007aeb   Thumb Code    18  stm32f10x_tim.o(.text)
    TIM_GetCapture1                          0x08007afd   Thumb Code     6  stm32f10x_tim.o(.text)
    TIM_GetCapture2                          0x08007b03   Thumb Code     6  stm32f10x_tim.o(.text)
    TIM_GetCapture3                          0x08007b09   Thumb Code     6  stm32f10x_tim.o(.text)
    TIM_GetCapture4                          0x08007b0f   Thumb Code     8  stm32f10x_tim.o(.text)
    TIM_GetCounter                           0x08007b17   Thumb Code     6  stm32f10x_tim.o(.text)
    TIM_GetPrescaler                         0x08007b1d   Thumb Code     6  stm32f10x_tim.o(.text)
    TIM_GetFlagStatus                        0x08007b23   Thumb Code    18  stm32f10x_tim.o(.text)
    TIM_ClearFlag                            0x08007b35   Thumb Code     6  stm32f10x_tim.o(.text)
    TIM_GetITStatus                          0x08007b3b   Thumb Code    34  stm32f10x_tim.o(.text)
    TIM_ClearITPendingBit                    0x08007b5d   Thumb Code     6  stm32f10x_tim.o(.text)
    ADC_DeInit                               0x08007b65   Thumb Code    78  stm32f10x_adc.o(.text)
    ADC_Init                                 0x08007bb3   Thumb Code    70  stm32f10x_adc.o(.text)
    ADC_StructInit                           0x08007bf9   Thumb Code    18  stm32f10x_adc.o(.text)
    ADC_Cmd                                  0x08007c0b   Thumb Code    22  stm32f10x_adc.o(.text)
    ADC_DMACmd                               0x08007c21   Thumb Code    22  stm32f10x_adc.o(.text)
    ADC_ITConfig                             0x08007c37   Thumb Code    24  stm32f10x_adc.o(.text)
    ADC_ResetCalibration                     0x08007c4f   Thumb Code    10  stm32f10x_adc.o(.text)
    ADC_GetResetCalibrationStatus            0x08007c59   Thumb Code    20  stm32f10x_adc.o(.text)
    ADC_StartCalibration                     0x08007c6d   Thumb Code    10  stm32f10x_adc.o(.text)
    ADC_GetCalibrationStatus                 0x08007c77   Thumb Code    20  stm32f10x_adc.o(.text)
    ADC_SoftwareStartConvCmd                 0x08007c8b   Thumb Code    22  stm32f10x_adc.o(.text)
    ADC_GetSoftwareStartConvStatus           0x08007ca1   Thumb Code    20  stm32f10x_adc.o(.text)
    ADC_DiscModeChannelCountConfig           0x08007cb5   Thumb Code    24  stm32f10x_adc.o(.text)
    ADC_DiscModeCmd                          0x08007ccd   Thumb Code    22  stm32f10x_adc.o(.text)
    ADC_RegularChannelConfig                 0x08007ce3   Thumb Code   184  stm32f10x_adc.o(.text)
    ADC_ExternalTrigConvCmd                  0x08007d9b   Thumb Code    22  stm32f10x_adc.o(.text)
    ADC_GetConversionValue                   0x08007db1   Thumb Code     8  stm32f10x_adc.o(.text)
    ADC_GetDualModeConversionValue           0x08007db9   Thumb Code     8  stm32f10x_adc.o(.text)
    ADC_AutoInjectedConvCmd                  0x08007dc1   Thumb Code    22  stm32f10x_adc.o(.text)
    ADC_InjectedDiscModeCmd                  0x08007dd7   Thumb Code    22  stm32f10x_adc.o(.text)
    ADC_ExternalTrigInjectedConvConfig       0x08007ded   Thumb Code    16  stm32f10x_adc.o(.text)
    ADC_ExternalTrigInjectedConvCmd          0x08007dfd   Thumb Code    22  stm32f10x_adc.o(.text)
    ADC_SoftwareStartInjectedConvCmd         0x08007e13   Thumb Code    22  stm32f10x_adc.o(.text)
    ADC_GetSoftwareStartInjectedConvCmdStatus 0x08007e29   Thumb Code    20  stm32f10x_adc.o(.text)
    ADC_InjectedChannelConfig                0x08007e3d   Thumb Code   130  stm32f10x_adc.o(.text)
    ADC_InjectedSequencerLengthConfig        0x08007ebf   Thumb Code    24  stm32f10x_adc.o(.text)
    ADC_SetInjectedOffset                    0x08007ed7   Thumb Code    20  stm32f10x_adc.o(.text)
    ADC_GetInjectedConversionValue           0x08007eeb   Thumb Code    28  stm32f10x_adc.o(.text)
    ADC_AnalogWatchdogCmd                    0x08007f07   Thumb Code    16  stm32f10x_adc.o(.text)
    ADC_AnalogWatchdogThresholdsConfig       0x08007f17   Thumb Code     6  stm32f10x_adc.o(.text)
    ADC_AnalogWatchdogSingleChannelConfig    0x08007f1d   Thumb Code    16  stm32f10x_adc.o(.text)
    ADC_TempSensorVrefintCmd                 0x08007f2d   Thumb Code    64  stm32f10x_adc.o(.text)
    ADC_GetFlagStatus                        0x08007f6d   Thumb Code    18  stm32f10x_adc.o(.text)
    ADC_ClearFlag                            0x08007f7f   Thumb Code     6  stm32f10x_adc.o(.text)
    ADC_GetITStatus                          0x08007f85   Thumb Code    36  stm32f10x_adc.o(.text)
    ADC_ClearITPendingBit                    0x08007fa9   Thumb Code    10  stm32f10x_adc.o(.text)
    usmart_sys_cmd_exe                       0x08007fb5   Thumb Code  1554  usmart.o(.text)
    usmart_reset_runtime                     0x080085c7   Thumb Code    38  usmart.o(.text)
    usmart_get_runtime                       0x080085ed   Thumb Code    56  usmart.o(.text)
    TIM4_IRQHandler                          0x08008625   Thumb Code    50  usmart.o(.text)
    Timer4_Init                              0x08008657   Thumb Code    94  usmart.o(.text)
    usmart_init                              0x080086b5   Thumb Code    36  usmart.o(.text)
    usmart_cmd_rec                           0x080086d9   Thumb Code   170  usmart.o(.text)
    usmart_exe                               0x08008783   Thumb Code   872  usmart.o(.text)
    usmart_scan                              0x08008aeb   Thumb Code   120  usmart.o(.text)
    read_addr                                0x08008b63   Thumb Code     6  usmart.o(.text)
    write_addr                               0x08008b69   Thumb Code     4  usmart.o(.text)
    usmart_strcmp                            0x08008bf5   Thumb Code    34  usmart_str.o(.text)
    usmart_strcopy                           0x08008c17   Thumb Code    22  usmart_str.o(.text)
    usmart_strlen                            0x08008c2d   Thumb Code    24  usmart_str.o(.text)
    usmart_pow                               0x08008c45   Thumb Code    22  usmart_str.o(.text)
    usmart_str2num                           0x08008c5b   Thumb Code   202  usmart_str.o(.text)
    usmart_get_cmdname                       0x08008d25   Thumb Code    54  usmart_str.o(.text)
    usmart_search_nextc                      0x08008d5b   Thumb Code    22  usmart_str.o(.text)
    usmart_get_fname                         0x08008d71   Thumb Code   440  usmart_str.o(.text)
    usmart_get_aparm                         0x08008f29   Thumb Code   200  usmart_str.o(.text)
    usmart_get_parmpos                       0x08008ff1   Thumb Code    26  usmart_str.o(.text)
    usmart_get_fparam                        0x0800900b   Thumb Code   262  usmart_str.o(.text)
    __use_no_semihosting                     0x0800911d   Thumb Code     2  use_no_semi_2.o(.text)
    __2printf                                0x08009121   Thumb Code    20  noretval__2printf.o(.text)
    _printf_pre_padding                      0x08009139   Thumb Code    44  _printf_pad.o(.text)
    _printf_post_padding                     0x08009165   Thumb Code    34  _printf_pad.o(.text)
    _printf_str                              0x08009187   Thumb Code    82  _printf_str.o(.text)
    _printf_int_dec                          0x080091d9   Thumb Code   104  _printf_dec.o(.text)
    _printf_int_hex                          0x08009251   Thumb Code    84  _printf_hex_int.o(.text)
    _printf_longlong_hex                     0x08009251   Thumb Code     0  _printf_hex_int.o(.text)
    __printf                                 0x080092a9   Thumb Code   388  __printf_flags_ss_wp.o(.text)
    __use_two_region_memory                  0x08009431   Thumb Code     2  heapauxi.o(.text)
    __rt_heap_escrow$2region                 0x08009433   Thumb Code     2  heapauxi.o(.text)
    __rt_heap_expand$2region                 0x08009435   Thumb Code     2  heapauxi.o(.text)
    __I$use$semihosting                      0x08009437   Thumb Code     0  use_no_semi.o(.text)
    __use_no_semihosting_swi                 0x08009437   Thumb Code     2  use_no_semi.o(.text)
    _printf_int_common                       0x08009439   Thumb Code   178  _printf_intcommon.o(.text)
    _printf_cs_common                        0x080094eb   Thumb Code    20  _printf_char.o(.text)
    _printf_char                             0x080094ff   Thumb Code    16  _printf_char.o(.text)
    _printf_string                           0x0800950f   Thumb Code     8  _printf_char.o(.text)
    _printf_char_file                        0x08009519   Thumb Code    32  _printf_char_file.o(.text)
    _printf_char_common                      0x08009547   Thumb Code    32  _printf_char_common.o(.text)
    ferror                                   0x0800956d   Thumb Code     8  ferror.o(.text)
    __user_setup_stackheap                   0x08009575   Thumb Code    74  sys_stackheap_outer.o(.text)
    exit                                     0x080095bf   Thumb Code    18  exit.o(.text)
    __user_libspace                          0x080095d1   Thumb Code     8  libspace.o(.text)
    __user_perproc_libspace                  0x080095d1   Thumb Code     0  libspace.o(.text)
    __user_perthread_libspace                0x080095d1   Thumb Code     0  libspace.o(.text)
    _is_digit                                0x080095d9   Thumb Code    14  __printf_wp.o(i._is_digit)
    __aeabi_d2uiz                            0x080095e9   Thumb Code     0  dfixu.o(x$fpl$dfixu)
    _dfixu                                   0x080095e9   Thumb Code    90  dfixu.o(x$fpl$dfixu)
    __aeabi_ui2d                             0x08009643   Thumb Code     0  dflt_clz.o(x$fpl$dfltu)
    _dfltu                                   0x08009643   Thumb Code    38  dflt_clz.o(x$fpl$dfltu)
    __aeabi_dmul                             0x08009669   Thumb Code     0  dmul.o(x$fpl$dmul)
    _dmul                                    0x08009669   Thumb Code   332  dmul.o(x$fpl$dmul)
    __fpl_dnaninf                            0x080097bd   Thumb Code   156  dnaninf.o(x$fpl$dnaninf)
    __fpl_dretinf                            0x08009859   Thumb Code    12  dretinf.o(x$fpl$dretinf)
    __aeabi_fadd                             0x08009865   Thumb Code     0  faddsub_clz.o(x$fpl$fadd)
    _fadd                                    0x08009865   Thumb Code   196  faddsub_clz.o(x$fpl$fadd)
    __aeabi_fdiv                             0x08009929   Thumb Code     0  fdiv.o(x$fpl$fdiv)
    _fdiv                                    0x08009929   Thumb Code   384  fdiv.o(x$fpl$fdiv)
    __aeabi_f2uiz                            0x08009aad   Thumb Code     0  ffixu.o(x$fpl$ffixu)
    _ffixu                                   0x08009aad   Thumb Code    62  ffixu.o(x$fpl$ffixu)
    __aeabi_i2f                              0x08009aed   Thumb Code     0  fflt_clz.o(x$fpl$fflt)
    _fflt                                    0x08009aed   Thumb Code    48  fflt_clz.o(x$fpl$fflt)
    __fpl_fnaninf                            0x08009b1d   Thumb Code   140  fnaninf.o(x$fpl$fnaninf)
    __fpl_fretinf                            0x08009ba9   Thumb Code    10  fretinf.o(x$fpl$fretinf)
    __aeabi_frsub                            0x08009bb3   Thumb Code     0  faddsub_clz.o(x$fpl$frsb)
    _frsb                                    0x08009bb3   Thumb Code    20  faddsub_clz.o(x$fpl$frsb)
    __aeabi_fsub                             0x08009bc9   Thumb Code     0  faddsub_clz.o(x$fpl$fsub)
    _fsub                                    0x08009bc9   Thumb Code   234  faddsub_clz.o(x$fpl$fsub)
    __I$use$fp                               0x08009cb2   Number         0  usenofp.o(x$fpl$usenofp)
    asc2_1206                                0x08009cb2   Data        1140  lcd.o(.constdata)
    asc2_1608                                0x0800a126   Data        1520  lcd.o(.constdata)
    asc2_2412                                0x0800a716   Data        3420  lcd.o(.constdata)
    Region$$Table$$Base                      0x0800b7a0   Number         0  anon$$obj.o(Region$$Table)
    Region$$Table$$Limit                     0x0800b7c0   Number         0  anon$$obj.o(Region$$Table)
    SystemCoreClock                          0x20000000   Data           4  system_stm32f10x.o(.data)
    AHBPrescTable                            0x20000004   Data          16  system_stm32f10x.o(.data)
    POINT_COLOR                              0x20000014   Data           2  lcd.o(.data)
    BACK_COLOR                               0x20000016   Data           2  lcd.o(.data)
    __stdout                                 0x2000001c   Data           4  usart.o(.data)
    USART_RX_STA                             0x20000020   Data           2  usart.o(.data)
    sys_cmd_tab                              0x20000038   Data          28  usmart.o(.data)
    usmart_nametab                           0x20000054   Data         136  usmart_config.o(.data)
    usmart_dev                               0x200000dc   Data         244  usmart_config.o(.data)
    lcddev                                   0x200001d0   Data          14  lcd.o(.bss)
    USART_RX_BUF                             0x200001de   Data         200  usart.o(.bss)
    __libspace_start                         0x200002a8   Data          96  libspace.o(.bss)
    __temporary_stack_top$libspace           0x20000308   Data           0  libspace.o(.bss)



==============================================================================

Memory Map of the image

  Image Entry point : 0x080000ed

  Load Region LR_IROM1 (Base: 0x08000000, Size: 0x0000b990, Max: 0x00010000, ABSOLUTE, COMPRESSED[0x0000b87c])

    Execution Region ER_IROM1 (Exec base: 0x08000000, Load base: 0x08000000, Size: 0x0000b7c0, Max: 0x00010000, ABSOLUTE)

    Exec Addr    Load Addr    Size         Type   Attr      Idx    E Section Name        Object

    0x08000000   0x08000000   0x000000ec   Data   RO          344    RESET               startup_stm32f10x_md.o
    0x080000ec   0x080000ec   0x00000008   Code   RO          529  * !!!main             c_w.l(__main.o)
    0x080000f4   0x080000f4   0x00000034   Code   RO          744    !!!scatter          c_w.l(__scatter.o)
    0x08000128   0x08000128   0x0000005a   Code   RO          742    !!dczerorl2         c_w.l(__dczerorl2.o)
    0x08000182   0x08000182   0x00000002   PAD
    0x08000184   0x08000184   0x0000001c   Code   RO          746    !!handler_zi        c_w.l(__scatter_zi.o)
    0x080001a0   0x080001a0   0x00000000   Code   RO          526    .ARM.Collect$$_printf_percent$$00000000  c_w.l(_printf_percent.o)
    0x080001a0   0x080001a0   0x00000006   Code   RO          524    .ARM.Collect$$_printf_percent$$00000009  c_w.l(_printf_d.o)
    0x080001a6   0x080001a6   0x00000006   Code   RO          525    .ARM.Collect$$_printf_percent$$0000000A  c_w.l(_printf_u.o)
    0x080001ac   0x080001ac   0x00000006   Code   RO          523    .ARM.Collect$$_printf_percent$$0000000C  c_w.l(_printf_x.o)
    0x080001b2   0x080001b2   0x00000006   Code   RO          521    .ARM.Collect$$_printf_percent$$00000013  c_w.l(_printf_c.o)
    0x080001b8   0x080001b8   0x00000006   Code   RO          522    .ARM.Collect$$_printf_percent$$00000014  c_w.l(_printf_s.o)
    0x080001be   0x080001be   0x00000004   Code   RO          572    .ARM.Collect$$_printf_percent$$00000017  c_w.l(_printf_percent_end.o)
    0x080001c2   0x080001c2   0x00000002   Code   RO          614    .ARM.Collect$$libinit$$00000000  c_w.l(libinit.o)
    0x080001c4   0x080001c4   0x00000000   Code   RO          621    .ARM.Collect$$libinit$$00000002  c_w.l(libinit2.o)
    0x080001c4   0x080001c4   0x00000000   Code   RO          623    .ARM.Collect$$libinit$$00000004  c_w.l(libinit2.o)
    0x080001c4   0x080001c4   0x00000000   Code   RO          626    .ARM.Collect$$libinit$$0000000A  c_w.l(libinit2.o)
    0x080001c4   0x080001c4   0x00000000   Code   RO          628    .ARM.Collect$$libinit$$0000000C  c_w.l(libinit2.o)
    0x080001c4   0x080001c4   0x00000000   Code   RO          630    .ARM.Collect$$libinit$$0000000E  c_w.l(libinit2.o)
    0x080001c4   0x080001c4   0x00000000   Code   RO          633    .ARM.Collect$$libinit$$00000011  c_w.l(libinit2.o)
    0x080001c4   0x080001c4   0x00000000   Code   RO          635    .ARM.Collect$$libinit$$00000013  c_w.l(libinit2.o)
    0x080001c4   0x080001c4   0x00000000   Code   RO          637    .ARM.Collect$$libinit$$00000015  c_w.l(libinit2.o)
    0x080001c4   0x080001c4   0x00000000   Code   RO          639    .ARM.Collect$$libinit$$00000017  c_w.l(libinit2.o)
    0x080001c4   0x080001c4   0x00000000   Code   RO          641    .ARM.Collect$$libinit$$00000019  c_w.l(libinit2.o)
    0x080001c4   0x080001c4   0x00000000   Code   RO          643    .ARM.Collect$$libinit$$0000001B  c_w.l(libinit2.o)
    0x080001c4   0x080001c4   0x00000000   Code   RO          645    .ARM.Collect$$libinit$$0000001D  c_w.l(libinit2.o)
    0x080001c4   0x080001c4   0x00000000   Code   RO          647    .ARM.Collect$$libinit$$0000001F  c_w.l(libinit2.o)
    0x080001c4   0x080001c4   0x00000000   Code   RO          649    .ARM.Collect$$libinit$$00000021  c_w.l(libinit2.o)
    0x080001c4   0x080001c4   0x00000000   Code   RO          651    .ARM.Collect$$libinit$$00000023  c_w.l(libinit2.o)
    0x080001c4   0x080001c4   0x00000000   Code   RO          653    .ARM.Collect$$libinit$$00000025  c_w.l(libinit2.o)
    0x080001c4   0x080001c4   0x00000000   Code   RO          657    .ARM.Collect$$libinit$$0000002C  c_w.l(libinit2.o)
    0x080001c4   0x080001c4   0x00000000   Code   RO          659    .ARM.Collect$$libinit$$0000002E  c_w.l(libinit2.o)
    0x080001c4   0x080001c4   0x00000000   Code   RO          661    .ARM.Collect$$libinit$$00000030  c_w.l(libinit2.o)
    0x080001c4   0x080001c4   0x00000000   Code   RO          663    .ARM.Collect$$libinit$$00000032  c_w.l(libinit2.o)
    0x080001c4   0x080001c4   0x00000002   Code   RO          664    .ARM.Collect$$libinit$$00000033  c_w.l(libinit2.o)
    0x080001c6   0x080001c6   0x00000002   Code   RO          682    .ARM.Collect$$libshutdown$$00000000  c_w.l(libshutdown.o)
    0x080001c8   0x080001c8   0x00000000   Code   RO          692    .ARM.Collect$$libshutdown$$00000002  c_w.l(libshutdown2.o)
    0x080001c8   0x080001c8   0x00000000   Code   RO          694    .ARM.Collect$$libshutdown$$00000004  c_w.l(libshutdown2.o)
    0x080001c8   0x080001c8   0x00000000   Code   RO          696    .ARM.Collect$$libshutdown$$00000006  c_w.l(libshutdown2.o)
    0x080001c8   0x080001c8   0x00000000   Code   RO          699    .ARM.Collect$$libshutdown$$00000009  c_w.l(libshutdown2.o)
    0x080001c8   0x080001c8   0x00000000   Code   RO          702    .ARM.Collect$$libshutdown$$0000000C  c_w.l(libshutdown2.o)
    0x080001c8   0x080001c8   0x00000000   Code   RO          704    .ARM.Collect$$libshutdown$$0000000E  c_w.l(libshutdown2.o)
    0x080001c8   0x080001c8   0x00000000   Code   RO          707    .ARM.Collect$$libshutdown$$00000011  c_w.l(libshutdown2.o)
    0x080001c8   0x080001c8   0x00000002   Code   RO          708    .ARM.Collect$$libshutdown$$00000012  c_w.l(libshutdown2.o)
    0x080001ca   0x080001ca   0x00000000   Code   RO          565    .ARM.Collect$$rtentry$$00000000  c_w.l(__rtentry.o)
    0x080001ca   0x080001ca   0x00000000   Code   RO          583    .ARM.Collect$$rtentry$$00000002  c_w.l(__rtentry2.o)
    0x080001ca   0x080001ca   0x00000006   Code   RO          595    .ARM.Collect$$rtentry$$00000004  c_w.l(__rtentry4.o)
    0x080001d0   0x080001d0   0x00000000   Code   RO          585    .ARM.Collect$$rtentry$$00000009  c_w.l(__rtentry2.o)
    0x080001d0   0x080001d0   0x00000004   Code   RO          586    .ARM.Collect$$rtentry$$0000000A  c_w.l(__rtentry2.o)
    0x080001d4   0x080001d4   0x00000000   Code   RO          588    .ARM.Collect$$rtentry$$0000000C  c_w.l(__rtentry2.o)
    0x080001d4   0x080001d4   0x00000008   Code   RO          589    .ARM.Collect$$rtentry$$0000000D  c_w.l(__rtentry2.o)
    0x080001dc   0x080001dc   0x00000002   Code   RO          618    .ARM.Collect$$rtexit$$00000000  c_w.l(rtexit.o)
    0x080001de   0x080001de   0x00000000   Code   RO          666    .ARM.Collect$$rtexit$$00000002  c_w.l(rtexit2.o)
    0x080001de   0x080001de   0x00000004   Code   RO          667    .ARM.Collect$$rtexit$$00000003  c_w.l(rtexit2.o)
    0x080001e2   0x080001e2   0x00000006   Code   RO          668    .ARM.Collect$$rtexit$$00000004  c_w.l(rtexit2.o)
    0x080001e8   0x080001e8   0x0000009c   Code   RO            1    .text               main.o
    0x08000284   0x08000284   0x0000001a   Code   RO          141    .text               stm32f10x_it.o
    0x0800029e   0x0800029e   0x00000002   PAD
    0x080002a0   0x080002a0   0x000001e0   Code   RO          182    .text               system_stm32f10x.o
    0x08000480   0x08000480   0x00000038   Code   RO          200    .text               led.o
    0x080004b8   0x080004b8   0x00005846   Code   RO          212    .text               lcd.o
    0x08005cfe   0x08005cfe   0x00000002   PAD
    0x08005d00   0x08005d00   0x000000e8   Code   RO          242    .text               adc.o
    0x08005de8   0x08005de8   0x00000088   Code   RO          254    .text               timer.o
    0x08005e70   0x08005e70   0x000000a0   Code   RO          266    .text               tb67.o
    0x08005f10   0x08005f10   0x000000d4   Code   RO          278    .text               delay.o
    0x08005fe4   0x08005fe4   0x00000140   Code   RO          309    .text               usart.o
    0x08006124   0x08006124   0x00000040   Code   RO          345    .text               startup_stm32f10x_md.o
    0x08006164   0x08006164   0x0000035c   Code   RO          349    .text               stm32f10x_gpio.o
    0x080064c0   0x080064c0   0x000003a4   Code   RO          361    .text               stm32f10x_rcc.o
    0x08006864   0x08006864   0x00000408   Code   RO          375    .text               stm32f10x_usart.o
    0x08006c6c   0x08006c6c   0x000000dc   Code   RO          387    .text               misc.o
    0x08006d48   0x08006d48   0x00000e1a   Code   RO          399    .text               stm32f10x_tim.o
    0x08007b62   0x08007b62   0x00000002   PAD
    0x08007b64   0x08007b64   0x0000044e   Code   RO          411    .text               stm32f10x_adc.o
    0x08007fb2   0x08007fb2   0x00000002   PAD
    0x08007fb4   0x08007fb4   0x00000c40   Code   RO          423    .text               usmart.o
    0x08008bf4   0x08008bf4   0x00000528   Code   RO          452    .text               usmart_str.o
    0x0800911c   0x0800911c   0x00000002   Code   RO          466    .text               c_w.l(use_no_semi_2.o)
    0x0800911e   0x0800911e   0x00000002   PAD
    0x08009120   0x08009120   0x00000018   Code   RO          470    .text               c_w.l(noretval__2printf.o)
    0x08009138   0x08009138   0x0000004e   Code   RO          474    .text               c_w.l(_printf_pad.o)
    0x08009186   0x08009186   0x00000052   Code   RO          476    .text               c_w.l(_printf_str.o)
    0x080091d8   0x080091d8   0x00000078   Code   RO          478    .text               c_w.l(_printf_dec.o)
    0x08009250   0x08009250   0x00000058   Code   RO          483    .text               c_w.l(_printf_hex_int.o)
    0x080092a8   0x080092a8   0x00000188   Code   RO          518    .text               c_w.l(__printf_flags_ss_wp.o)
    0x08009430   0x08009430   0x00000006   Code   RO          527    .text               c_w.l(heapauxi.o)
    0x08009436   0x08009436   0x00000002   Code   RO          563    .text               c_w.l(use_no_semi.o)
    0x08009438   0x08009438   0x000000b2   Code   RO          566    .text               c_w.l(_printf_intcommon.o)
    0x080094ea   0x080094ea   0x0000002c   Code   RO          568    .text               c_w.l(_printf_char.o)
    0x08009516   0x08009516   0x00000002   PAD
    0x08009518   0x08009518   0x00000024   Code   RO          570    .text               c_w.l(_printf_char_file.o)
    0x0800953c   0x0800953c   0x00000030   Code   RO          597    .text               c_w.l(_printf_char_common.o)
    0x0800956c   0x0800956c   0x00000008   Code   RO          599    .text               c_w.l(ferror.o)
    0x08009574   0x08009574   0x0000004a   Code   RO          603    .text               c_w.l(sys_stackheap_outer.o)
    0x080095be   0x080095be   0x00000012   Code   RO          607    .text               c_w.l(exit.o)
    0x080095d0   0x080095d0   0x00000008   Code   RO          615    .text               c_w.l(libspace.o)
    0x080095d8   0x080095d8   0x0000000e   Code   RO          511    i._is_digit         c_w.l(__printf_wp.o)
    0x080095e6   0x080095e6   0x00000002   PAD
    0x080095e8   0x080095e8   0x0000005a   Code   RO          531    x$fpl$dfixu         fz_ws.l(dfixu.o)
    0x08009642   0x08009642   0x00000026   Code   RO          535    x$fpl$dfltu         fz_ws.l(dflt_clz.o)
    0x08009668   0x08009668   0x00000154   Code   RO          541    x$fpl$dmul          fz_ws.l(dmul.o)
    0x080097bc   0x080097bc   0x0000009c   Code   RO          573    x$fpl$dnaninf       fz_ws.l(dnaninf.o)
    0x08009858   0x08009858   0x0000000c   Code   RO          575    x$fpl$dretinf       fz_ws.l(dretinf.o)
    0x08009864   0x08009864   0x000000c4   Code   RO          543    x$fpl$fadd          fz_ws.l(faddsub_clz.o)
    0x08009928   0x08009928   0x00000184   Code   RO          550    x$fpl$fdiv          fz_ws.l(fdiv.o)
    0x08009aac   0x08009aac   0x0000003e   Code   RO          553    x$fpl$ffixu         fz_ws.l(ffixu.o)
    0x08009aea   0x08009aea   0x00000002   PAD
    0x08009aec   0x08009aec   0x00000030   Code   RO          558    x$fpl$fflt          fz_ws.l(fflt_clz.o)
    0x08009b1c   0x08009b1c   0x0000008c   Code   RO          577    x$fpl$fnaninf       fz_ws.l(fnaninf.o)
    0x08009ba8   0x08009ba8   0x0000000a   Code   RO          579    x$fpl$fretinf       fz_ws.l(fretinf.o)
    0x08009bb2   0x08009bb2   0x00000014   Code   RO          544    x$fpl$frsb          fz_ws.l(faddsub_clz.o)
    0x08009bc6   0x08009bc6   0x00000002   PAD
    0x08009bc8   0x08009bc8   0x000000ea   Code   RO          545    x$fpl$fsub          fz_ws.l(faddsub_clz.o)
    0x08009cb2   0x08009cb2   0x00000000   Code   RO          581    x$fpl$usenofp       fz_ws.l(usenofp.o)
    0x08009cb2   0x08009cb2   0x000017c0   Data   RO          214    .constdata          lcd.o
    0x0800b472   0x0800b472   0x00000028   Data   RO          484    .constdata          c_w.l(_printf_hex_int.o)
    0x0800b49a   0x0800b49a   0x00000011   Data   RO          519    .constdata          c_w.l(__printf_flags_ss_wp.o)
    0x0800b4ab   0x0800b4ab   0x00000001   PAD
    0x0800b4ac   0x0800b4ac   0x00000028   Data   RO          424    .conststring        usmart.o
    0x0800b4d4   0x0800b4d4   0x000002cb   Data   RO          439    .conststring        usmart_config.o
    0x0800b79f   0x0800b79f   0x00000001   PAD
    0x0800b7a0   0x0800b7a0   0x00000020   Data   RO          740    Region$$Table       anon$$obj.o


    Execution Region RW_IRAM1 (Exec base: 0x20000000, Load base: 0x0800b7c0, Size: 0x00000908, Max: 0x00005000, ABSOLUTE, COMPRESSED[0x000000bc])

    Exec Addr    Load Addr    Size         Type   Attr      Idx    E Section Name        Object

    0x20000000   COMPRESSED   0x00000014   Data   RW          183    .data               system_stm32f10x.o
    0x20000014   COMPRESSED   0x00000004   Data   RW          215    .data               lcd.o
    0x20000018   COMPRESSED   0x00000004   Data   RW          279    .data               delay.o
    0x2000001c   COMPRESSED   0x00000006   Data   RW          311    .data               usart.o
    0x20000022   COMPRESSED   0x00000014   Data   RW          362    .data               stm32f10x_rcc.o
    0x20000036   COMPRESSED   0x00000002   PAD
    0x20000038   COMPRESSED   0x0000001c   Data   RW          425    .data               usmart.o
    0x20000054   COMPRESSED   0x0000017c   Data   RW          440    .data               usmart_config.o
    0x200001d0        -       0x0000000e   Zero   RW          213    .bss                lcd.o
    0x200001de        -       0x000000c8   Zero   RW          310    .bss                usart.o
    0x200002a6   COMPRESSED   0x00000002   PAD
    0x200002a8        -       0x00000060   Zero   RW          616    .bss                c_w.l(libspace.o)
    0x20000308        -       0x00000200   Zero   RW          343    HEAP                startup_stm32f10x_md.o
    0x20000508        -       0x00000400   Zero   RW          342    STACK               startup_stm32f10x_md.o


==============================================================================

Image component sizes


      Code (inc. data)   RO Data    RW Data    ZI Data      Debug   Object Name

       232          8          0          0          0       1095   adc.o
       212         18          0          4          0       1031   delay.o
     22598        208       6080          4         14      24979   lcd.o
        56          6          0          0          0        479   led.o
       156         12          0          0          0     261328   main.o
       220         22          0          0          0       1785   misc.o
        64         26        236          0       1536        796   startup_stm32f10x_md.o
      1102         26          0          0          0      11029   stm32f10x_adc.o
       860         38          0          0          0       5721   stm32f10x_gpio.o
        26          0          0          0          0       1174   stm32f10x_it.o
       932         36          0         20          0       8896   stm32f10x_rcc.o
      3610         88          0          0          0      22828   stm32f10x_tim.o
      1032         22          0          0          0       8444   stm32f10x_usart.o
         0          0          0          0          0         32   sys.o
       480         38          0         20          0       1719   system_stm32f10x.o
       160         20          0          0          0        540   tb67.o
       136          8          0          0          0        784   timer.o
       320         16          0          6        200       3150   usart.o
      3136       1288         40         28          0       4310   usmart.o
         0          0        715        380          0       1580   usmart_config.o
      1320         12          0          0          0       5217   usmart_str.o

    ----------------------------------------------------------------------
     36660       1892       7104        464       1752     366917   Object Totals
         0          0         32          0          0          0   (incl. Generated)
         8          0          1          2          2          0   (incl. Padding)

    ----------------------------------------------------------------------

      Code (inc. data)   RO Data    RW Data    ZI Data      Debug   Library Member Name

        90          0          0          0          0          0   __dczerorl2.o
         8          0          0          0          0         68   __main.o
       392          4         17          0          0         92   __printf_flags_ss_wp.o
        14          0          0          0          0         68   __printf_wp.o
         0          0          0          0          0          0   __rtentry.o
        12          0          0          0          0          0   __rtentry2.o
         6          0          0          0          0          0   __rtentry4.o
        52          8          0          0          0          0   __scatter.o
        28          0          0          0          0          0   __scatter_zi.o
         6          0          0          0          0          0   _printf_c.o
        44          0          0          0          0        108   _printf_char.o
        48          6          0          0          0         96   _printf_char_common.o
        36          4          0          0          0         80   _printf_char_file.o
         6          0          0          0          0          0   _printf_d.o
       120         16          0          0          0         92   _printf_dec.o
        88          4         40          0          0         88   _printf_hex_int.o
       178          0          0          0          0         88   _printf_intcommon.o
        78          0          0          0          0        108   _printf_pad.o
         0          0          0          0          0          0   _printf_percent.o
         4          0          0          0          0          0   _printf_percent_end.o
         6          0          0          0          0          0   _printf_s.o
        82          0          0          0          0         80   _printf_str.o
         6          0          0          0          0          0   _printf_u.o
         6          0          0          0          0          0   _printf_x.o
        18          0          0          0          0         80   exit.o
         8          0          0          0          0         68   ferror.o
         6          0          0          0          0        152   heapauxi.o
         2          0          0          0          0          0   libinit.o
         2          0          0          0          0          0   libinit2.o
         2          0          0          0          0          0   libshutdown.o
         2          0          0          0          0          0   libshutdown2.o
         8          4          0          0         96         68   libspace.o
        24          4          0          0          0         84   noretval__2printf.o
         2          0          0          0          0          0   rtexit.o
        10          0          0          0          0          0   rtexit2.o
        74          0          0          0          0         80   sys_stackheap_outer.o
         2          0          0          0          0         68   use_no_semi.o
         2          0          0          0          0         68   use_no_semi_2.o
        90          4          0          0          0         92   dfixu.o
        38          0          0          0          0         68   dflt_clz.o
       340         12          0          0          0        104   dmul.o
       156          4          0          0          0         92   dnaninf.o
        12          0          0          0          0         68   dretinf.o
       450          8          0          0          0        236   faddsub_clz.o
       388         76          0          0          0         96   fdiv.o
        62          4          0          0          0         84   ffixu.o
        48          0          0          0          0         68   fflt_clz.o
       140          4          0          0          0         84   fnaninf.o
        10          0          0          0          0         68   fretinf.o
         0          0          0          0          0          0   usenofp.o

    ----------------------------------------------------------------------
      3218        162         58          0         96       2696   Library Totals
        12          0          1          0          0          0   (incl. Padding)

    ----------------------------------------------------------------------

      Code (inc. data)   RO Data    RW Data    ZI Data      Debug   Library Name

      1472         50         57          0         96       1636   c_w.l
      1734        112          0          0          0       1060   fz_ws.l

    ----------------------------------------------------------------------
      3218        162         58          0         96       2696   Library Totals

    ----------------------------------------------------------------------

==============================================================================


      Code (inc. data)   RO Data    RW Data    ZI Data      Debug   

     39878       2054       7162        464       1848     366489   Grand Totals
     39878       2054       7162        188       1848     366489   ELF Image Totals (compressed)
     39878       2054       7162        188          0          0   ROM Totals

==============================================================================

    Total RO  Size (Code + RO Data)                47040 (  45.94kB)
    Total RW  Size (RW Data + ZI Data)              2312 (   2.26kB)
    Total ROM Size (Code + RO Data + RW Data)      47228 (  46.12kB)

==============================================================================

