Component: ARM Compiler 5.06 update 7 (build 960) Tool: armlink [4d3601]

==============================================================================

Section Cross References

    main.o(.text) refers to _printf_percent.o(.ARM.Collect$$_printf_percent$$00000000) for _printf_percent
    main.o(.text) refers to _printf_d.o(.ARM.Collect$$_printf_percent$$00000009) for _printf_d
    main.o(.text) refers to _printf_dec.o(.text) for _printf_int_dec
    main.o(.text) refers to _printf_f.o(.ARM.Collect$$_printf_percent$$00000003) for _printf_f
    main.o(.text) refers to printf1.o(x$fpl$printf1) for _printf_fp_dec
    main.o(.text) refers to misc.o(.text) for NVIC_PriorityGroupConfig
    main.o(.text) refers to delay.o(.text) for delay_init
    main.o(.text) refers to usart.o(.text) for uart_init
    main.o(.text) refers to adc.o(.text) for Adc_Init
    main.o(.text) refers to led.o(.text) for LED_Init
    main.o(.text) refers to timer.o(.text) for TIM3_Int_Init
    main.o(.text) refers to noretval__2printf.o(.text) for __2printf
    main.o(.text) refers to fflt_clz.o(x$fpl$ffltu) for __aeabi_ui2f
    main.o(.text) refers to f2d.o(x$fpl$f2d) for __aeabi_f2d
    main.o(.text) refers to dmul.o(x$fpl$dmul) for __aeabi_dmul
    main.o(.text) refers to d2f.o(x$fpl$d2f) for __aeabi_d2f
    main.o(.text) refers to usmart_config.o(.data) for usmart_dev
    system_stm32f10x.o(.text) refers to system_stm32f10x.o(.data) for SystemCoreClock
    led.o(.text) refers to stm32f10x_rcc.o(.text) for RCC_APB2PeriphClockCmd
    led.o(.text) refers to stm32f10x_gpio.o(.text) for GPIO_Init
    lcd.o(.text) refers to _printf_percent.o(.ARM.Collect$$_printf_percent$$00000000) for _printf_percent
    lcd.o(.text) refers to _printf_x.o(.ARM.Collect$$_printf_percent$$0000000C) for _printf_x
    lcd.o(.text) refers to _printf_hex_int.o(.text) for _printf_longlong_hex
    lcd.o(.text) refers to delay.o(.text) for delay_us
    lcd.o(.text) refers to lcd.o(.bss) for lcddev
    lcd.o(.text) refers to dflt_clz.o(x$fpl$dfltu) for __aeabi_ui2d
    lcd.o(.text) refers to dmul.o(x$fpl$dmul) for __aeabi_dmul
    lcd.o(.text) refers to dfixu.o(x$fpl$dfixu) for __aeabi_d2uiz
    lcd.o(.text) refers to lcd.o(.data) for POINT_COLOR
    lcd.o(.text) refers to stm32f10x_rcc.o(.text) for RCC_APB2PeriphClockCmd
    lcd.o(.text) refers to stm32f10x_gpio.o(.text) for GPIO_PinRemapConfig
    lcd.o(.text) refers to noretval__2printf.o(.text) for __2printf
    lcd.o(.text) refers to lcd.o(.constdata) for asc2_1206
    adc.o(.text) refers to stm32f10x_rcc.o(.text) for RCC_APB2PeriphClockCmd
    adc.o(.text) refers to stm32f10x_gpio.o(.text) for GPIO_Init
    adc.o(.text) refers to stm32f10x_adc.o(.text) for ADC_DeInit
    adc.o(.text) refers to delay.o(.text) for delay_ms
    timer.o(.text) refers to stm32f10x_rcc.o(.text) for RCC_APB1PeriphClockCmd
    timer.o(.text) refers to stm32f10x_tim.o(.text) for TIM_TimeBaseInit
    timer.o(.text) refers to misc.o(.text) for NVIC_Init
    delay.o(.text) refers to misc.o(.text) for SysTick_CLKSourceConfig
    delay.o(.text) refers to system_stm32f10x.o(.data) for SystemCoreClock
    delay.o(.text) refers to delay.o(.data) for fac_us
    usart.o(.text) refers (Special) to use_no_semi_2.o(.text) for __use_no_semihosting
    usart.o(.text) refers to stm32f10x_rcc.o(.text) for RCC_APB2PeriphClockCmd
    usart.o(.text) refers to stm32f10x_gpio.o(.text) for GPIO_Init
    usart.o(.text) refers to misc.o(.text) for NVIC_Init
    usart.o(.text) refers to stm32f10x_usart.o(.text) for USART_Init
    usart.o(.text) refers to usart.o(.data) for USART_RX_STA
    usart.o(.text) refers to usart.o(.bss) for USART_RX_BUF
    usart.o(.bss) refers (Special) to use_no_semi_2.o(.text) for __use_no_semihosting
    usart.o(.data) refers (Special) to use_no_semi_2.o(.text) for __use_no_semihosting
    startup_stm32f10x_hd.o(STACK) refers (Special) to heapauxi.o(.text) for __use_two_region_memory
    startup_stm32f10x_hd.o(HEAP) refers (Special) to heapauxi.o(.text) for __use_two_region_memory
    startup_stm32f10x_hd.o(RESET) refers (Special) to heapauxi.o(.text) for __use_two_region_memory
    startup_stm32f10x_hd.o(RESET) refers to startup_stm32f10x_hd.o(STACK) for __initial_sp
    startup_stm32f10x_hd.o(RESET) refers to startup_stm32f10x_hd.o(.text) for Reset_Handler
    startup_stm32f10x_hd.o(RESET) refers to stm32f10x_it.o(.text) for NMI_Handler
    startup_stm32f10x_hd.o(RESET) refers to timer.o(.text) for TIM3_IRQHandler
    startup_stm32f10x_hd.o(RESET) refers to usmart.o(.text) for TIM4_IRQHandler
    startup_stm32f10x_hd.o(RESET) refers to usart.o(.text) for USART1_IRQHandler
    startup_stm32f10x_hd.o(.text) refers (Special) to heapauxi.o(.text) for __use_two_region_memory
    startup_stm32f10x_hd.o(.text) refers to system_stm32f10x.o(.text) for SystemInit
    startup_stm32f10x_hd.o(.text) refers to __main.o(!!!main) for __main
    startup_stm32f10x_hd.o(.text) refers to startup_stm32f10x_hd.o(HEAP) for Heap_Mem
[...]
    .ARM.Collect$$libinit$$00000000          0x0800020c   Section        2  libinit.o(.ARM.Collect$$libinit$$00000000)
    .ARM.Collect$$libinit$$00000002          0x0800020e   Section        0  libinit2.o(.ARM.Collect$$libinit$$00000002)
    .ARM.Collect$$libinit$$00000004          0x0800020e   Section        0  libinit2.o(.ARM.Collect$$libinit$$00000004)
    .ARM.Collect$$libinit$$0000000A          0x0800020e   Section        0  libinit2.o(.ARM.Collect$$libinit$$0000000A)
    .ARM.Collect$$libinit$$0000000C          0x0800020e   Section        0  libinit2.o(.ARM.Collect$$libinit$$0000000C)
    .ARM.Collect$$libinit$$0000000E          0x0800020e   Section        0  libinit2.o(.ARM.Collect$$libinit$$0000000E)
    .ARM.Collect$$libinit$$0000000F          0x0800020e   Section        6  libinit2.o(.ARM.Collect$$libinit$$0000000F)
    .ARM.Collect$$libinit$$00000011          0x08000214   Section        0  libinit2.o(.ARM.Collect$$libinit$$00000011)
    .ARM.Collect$$libinit$$00000013          0x08000214   Section        0  libinit2.o(.ARM.Collect$$libinit$$00000013)
    .ARM.Collect$$libinit$$00000015          0x08000214   Section        0  libinit2.o(.ARM.Collect$$libinit$$00000015)
    .ARM.Collect$$libinit$$00000016          0x08000214   Section       10  libinit2.o(.ARM.Collect$$libinit$$00000016)
    .ARM.Collect$$libinit$$00000017          0x0800021e   Section        0  libinit2.o(.ARM.Collect$$libinit$$00000017)
    .ARM.Collect$$libinit$$00000019          0x0800021e   Section        0  libinit2.o(.ARM.Collect$$libinit$$00000019)
    .ARM.Collect$$libinit$$0000001B          0x0800021e   Section        0  libinit2.o(.ARM.Collect$$libinit$$0000001B)
    .ARM.Collect$$libinit$$0000001D          0x0800021e   Section        0  libinit2.o(.ARM.Collect$$libinit$$0000001D)
    .ARM.Collect$$libinit$$0000001F          0x0800021e   Section        0  libinit2.o(.ARM.Collect$$libinit$$0000001F)
    .ARM.Collect$$libinit$$00000021          0x0800021e   Section        0  libinit2.o(.ARM.Collect$$libinit$$00000021)
    .ARM.Collect$$libinit$$00000023          0x0800021e   Section        0  libinit2.o(.ARM.Collect$$libinit$$00000023)
    .ARM.Collect$$libinit$$00000025          0x0800021e   Section        0  libinit2.o(.ARM.Collect$$libinit$$00000025)
    .ARM.Collect$$libinit$$0000002C          0x0800021e   Section        0  libinit2.o(.ARM.Collect$$libinit$$0000002C)
    .ARM.Collect$$libinit$$0000002E          0x0800021e   Section        0  libinit2.o(.ARM.Collect$$libinit$$0000002E)
    .ARM.Collect$$libinit$$00000030          0x0800021e   Section        0  libinit2.o(.ARM.Collect$$libinit$$00000030)
    .ARM.Collect$$libinit$$00000032          0x0800021e   Section        0  libinit2.o(.ARM.Collect$$libinit$$00000032)
    .ARM.Collect$$libinit$$00000033          0x0800021e   Section        2  libinit2.o(.ARM.Collect$$libinit$$00000033)
    .ARM.Collect$$libshutdown$$00000000      0x08000220   Section        2  libshutdown.o(.ARM.Collect$$libshutdown$$00000000)
    .ARM.Collect$$libshutdown$$00000002      0x08000222   Section        0  libshutdown2.o(.ARM.Collect$$libshutdown$$00000002)
    .ARM.Collect$$libshutdown$$00000004      0x08000222   Section        0  libshutdown2.o(.ARM.Collect$$libshutdown$$00000004)
    .ARM.Collect$$libshutdown$$00000006      0x08000222   Section        0  libshutdown2.o(.ARM.Collect$$libshutdown$$00000006)
    .ARM.Collect$$libshutdown$$00000009      0x08000222   Section        0  libshutdown2.o(.ARM.Collect$$libshutdown$$00000009)
    .ARM.Collect$$libshutdown$$0000000C      0x08000222   Section        0  libshutdown2.o(.ARM.Collect$$libshutdown$$0000000C)
    .ARM.Collect$$libshutdown$$0000000E      0x08000222   Section        0  libshutdown2.o(.ARM.Collect$$libshutdown$$0000000E)
    .ARM.Collect$$libshutdown$$00000011      0x08000222   Section        0  libshutdown2.o(.ARM.Collect$$libshutdown$$00000011)
    .ARM.Collect$$libshutdown$$00000012      0x08000222   Section        2  libshutdown2.o(.ARM.Collect$$libshutdown$$00000012)
    .ARM.Collect$$rtentry$$00000000          0x08000224   Section        0  __rtentry.o(.ARM.Collect$$rtentry$$00000000)
    .ARM.Collect$$rtentry$$00000002          0x08000224   Section        0  __rtentry2.o(.ARM.Collect$$rtentry$$00000002)
    .ARM.Collect$$rtentry$$00000004          0x08000224   Section        6  __rtentry4.o(.ARM.Collect$$rtentry$$00000004)
    .ARM.Collect$$rtentry$$00000009          0x0800022a   Section        0  __rtentry2.o(.ARM.Collect$$rtentry$$00000009)
    .ARM.Collect$$rtentry$$0000000A          0x0800022a   Section        4  __rtentry2.o(.ARM.Collect$$rtentry$$0000000A)
    .ARM.Collect$$rtentry$$0000000C          0x0800022e   Section        0  __rtentry2.o(.ARM.Collect$$rtentry$$0000000C)
    .ARM.Collect$$rtentry$$0000000D          0x0800022e   Section        8  __rtentry2.o(.ARM.Collect$$rtentry$$0000000D)
    .ARM.Collect$$rtexit$$00000000           0x08000236   Section        2  rtexit.o(.ARM.Collect$$rtexit$$00000000)
    .ARM.Collect$$rtexit$$00000002           0x08000238   Section        0  rtexit2.o(.ARM.Collect$$rtexit$$00000002)
    .ARM.Collect$$rtexit$$00000003           0x08000238   Section        4  rtexit2.o(.ARM.Collect$$rtexit$$00000003)
    .ARM.Collect$$rtexit$$00000004           0x0800023c   Section        6  rtexit2.o(.ARM.Collect$$rtexit$$00000004)
    .text                                    0x08000244   Section        0  main.o(.text)
    .text                                    0x08000320   Section        0  stm32f10x_it.o(.text)
    .text                                    0x0800033c   Section        0  system_stm32f10x.o(.text)
    SetSysClockTo72                          0x0800033d   Thumb Code   214  system_stm32f10x.o(.text)
    SetSysClock                              0x08000413   Thumb Code     8  system_stm32f10x.o(.text)
    .text                                    0x0800051c   Section        0  led.o(.text)
    .text                                    0x0800056c   Section        0  lcd.o(.text)
    .text                                    0x08005db4   Section        0  adc.o(.text)
    .text                                    0x08005e9c   Section        0  timer.o(.text)
    .text                                    0x08005f24   Section        0  delay.o(.text)
    .text                                    0x08005ff8   Section        0  usart.o(.text)
    .text                                    0x08006138   Section       64  startup_stm32f10x_hd.o(.text)
    .text                                    0x08006178   Section        0  stm32f10x_gpio.o(.text)
    .text                                    0x080064d4   Section        0  stm32f10x_rcc.o(.text)
    .text                                    0x08006878   Section        0  stm32f10x_usart.o(.text)
    .text                                    0x08006c80   Section        0  misc.o(.text)
    .text                                    0x08006d5c   Section        0  stm32f10x_tim.o(.text)
    TI4_Config                               0x08007203   Thumb Code   130  stm32f10x_tim.o(.text)
    TI3_Config                               0x08007297   Thumb Code   122  stm32f10x_tim.o(.text)
    TI2_Config                               0x0800732b   Thumb Code   130  stm32f10x_tim.o(.text)
    TI1_Config                               0x080073bf   Thumb Code   108  stm32f10x_tim.o(.text)
    .text                                    0x08007b78   Section        0  stm32f10x_adc.o(.text)
    .text                                    0x08007fc8   Section        0  usmart.o(.text)
    .text                                    0x08008c08   Section        0  usmart_str.o(.text)
    .text                                    0x08009130   Section        2  use_no_semi_2.o(.text)
    .text                                    0x08009134   Section        0  noretval__2printf.o(.text)
    .text                                    0x0800914c   Section        0  _printf_pad.o(.text)
    .text                                    0x0800919a   Section        0  _printf_str.o(.text)
    .text                                    0x080091ec   Section        0  _printf_dec.o(.text)
    .text                                    0x08009264   Section        0  _printf_hex_int.o(.text)
    .text                                    0x080092bc   Section        0  __printf_flags_ss_wp.o(.text)
    .text                                    0x08009444   Section        0  heapauxi.o(.text)
    .text                                    0x0800944a   Section        2  use_no_semi.o(.text)
    .text                                    0x0800944c   Section        0  _printf_intcommon.o(.text)
    .text                                    0x080094fe   Section        0  _printf_fp_dec.o(.text)
    _fp_digits                               0x08009501   Thumb Code   432  _printf_fp_dec.o(.text)
    .text                                    0x0800991c   Section        0  _printf_char.o(.text)
    .text                                    0x08009948   Section        0  _printf_char_file.o(.text)
    .text                                    0x0800996c   Section        8  rt_locale_intlibspace.o(.text)
    .text                                    0x08009974   Section      138  lludiv10.o(.text)
    .text                                    0x08009a00   Section        0  _printf_char_common.o(.text)
    _printf_input_char                       0x08009a01   Thumb Code    10  _printf_char_common.o(.text)
    .text                                    0x08009a30   Section        0  _printf_fp_infnan.o(.text)
    .text                                    0x08009ab0   Section        0  bigflt0.o(.text)
    .text                                    0x08009b94   Section        0  ferror.o(.text)
    .text                                    0x08009b9c   Section        8  libspace.o(.text)
    .text                                    0x08009ba4   Section       74  sys_stackheap_outer.o(.text)
    .text                                    0x08009bee   Section        0  exit.o(.text)
    .text                                    0x08009c00   Section      128  strcmpv7m.o(.text)
    CL$$btod_d2e                             0x08009c80   Section       62  btod.o(CL$$btod_d2e)
    CL$$btod_d2e_denorm_low                  0x08009cbe   Section       70  btod.o(CL$$btod_d2e_denorm_low)
    CL$$btod_d2e_norm_op1                    0x08009d04   Section       96  btod.o(CL$$btod_d2e_norm_op1)
    CL$$btod_div_common                      0x08009d64   Section      824  btod.o(CL$$btod_div_common)
    CL$$btod_e2e                             0x0800a09c   Section      220  btod.o(CL$$btod_e2e)
    CL$$btod_ediv                            0x0800a178   Section       42  btod.o(CL$$btod_ediv)
    CL$$btod_emul                            0x0800a1a2   Section       42  btod.o(CL$$btod_emul)
    CL$$btod_mult_common                     0x0800a1cc   Section      580  btod.o(CL$$btod_mult_common)
    i.__ARM_fpclassify                       0x0800a410   Section        0  fpclassify.o(i.__ARM_fpclassify)
    i._is_digit                              0x0800a438   Section        0  __printf_wp.o(i._is_digit)
    locale$$code                             0x0800a448   Section       44  lc_numeric_c.o(locale$$code)
    x$fpl$d2f                                0x0800a474   Section       98  d2f.o(x$fpl$d2f)
    x$fpl$dfixu                              0x0800a4d8   Section       90  dfixu.o(x$fpl$dfixu)
    x$fpl$dfltu                              0x0800a532   Section       38  dflt_clz.o(x$fpl$dfltu)
    x$fpl$dmul                               0x0800a558   Section      340  dmul.o(x$fpl$dmul)
    x$fpl$dnaninf                            0x0800a6ac   Section      156  dnaninf.o(x$fpl$dnaninf)
    x$fpl$dretinf                            0x0800a748   Section       12  dretinf.o(x$fpl$dretinf)
    x$fpl$f2d                                0x0800a754   Section       86  f2d.o(x$fpl$f2d)
    x$fpl$ffltu                              0x0800a7ac   Section       38  fflt_clz.o(x$fpl$ffltu)
    x$fpl$fnaninf                            0x0800a7d2   Section      140  fnaninf.o(x$fpl$fnaninf)
    x$fpl$fretinf                            0x0800a85e   Section       10  fretinf.o(x$fpl$fretinf)
    x$fpl$printf1                            0x0800a868   Section        4  printf1.o(x$fpl$printf1)
    .constdata                               0x0800a86c   Section     6080  lcd.o(.constdata)
    x$fpl$usenofp                            0x0800a86c   Section        0  usenofp.o(x$fpl$usenofp)
    .constdata                               0x0800c02c   Section       40  _printf_hex_int.o(.constdata)
    uc_hextab                                0x0800c02c   Data          20  _printf_hex_int.o(.constdata)
    lc_hextab                                0x0800c040   Data          20  _printf_hex_int.o(.constdata)
    .constdata                               0x0800c054   Section       17  __printf_flags_ss_wp.o(.constdata)
    maptable                                 0x0800c054   Data          17  __printf_flags_ss_wp.o(.constdata)
    .constdata                               0x0800c068   Section      148  bigflt0.o(.constdata)
    tenpwrs_x                                0x0800c068   Data          60  bigflt0.o(.constdata)
    tenpwrs_i                                0x0800c0a4   Data          64  bigflt0.o(.constdata)
    .conststring                             0x0800c0fc   Section       40  usmart.o(.conststring)
    .conststring                             0x0800c124   Section      715  usmart_config.o(.conststring)
    locale$$data                             0x0800c410   Section       28  lc_numeric_c.o(locale$$data)
    __lcnum_c_name                           0x0800c414   Data           2  lc_numeric_c.o(locale$$data)
    __lcnum_c_start                          0x0800c41c   Data           0  lc_numeric_c.o(locale$$data)
    __lcnum_c_point                          0x0800c428   Data           0  lc_numeric_c.o(locale$$data)
    __lcnum_c_thousands                      0x0800c42a   Data           0  lc_numeric_c.o(locale$$data)
    __lcnum_c_grouping                       0x0800c42b   Data           0  lc_numeric_c.o(locale$$data)
    __lcnum_c_end                            0x0800c42c   Data           0  lc_numeric_c.o(locale$$data)
    .data                                    0x20000000   Section       20  system_stm32f10x.o(.data)
    .data                                    0x20000014   Section        4  lcd.o(.data)
    .data                                    0x20000018   Section        4  delay.o(.data)
    fac_us                                   0x20000018   Data           1  delay.o(.data)
    fac_ms                                   0x2000001a   Data           2  delay.o(.data)
    .data                                    0x2000001c   Section        6  usart.o(.data)
    .data                                    0x20000022   Section       20  stm32f10x_rcc.o(.data)
    APBAHBPrescTable                         0x20000022   Data          16  stm32f10x_rcc.o(.data)
    ADCPrescTable                            0x20000032   Data           4  stm32f10x_rcc.o(.data)
    .data                                    0x20000038   Section       28  usmart.o(.data)
    .data                                    0x20000054   Section      380  usmart_config.o(.data)
    .bss                                     0x200001d0   Section       14  lcd.o(.bss)
    .bss                                     0x200001de   Section      200  usart.o(.bss)
    .bss                                     0x200002a8   Section       96  libspace.o(.bss)
    HEAP                                     0x20000308   Section      512  startup_stm32f10x_hd.o(HEAP)
    Heap_Mem                                 0x20000308   Data         512  startup_stm32f10x_hd.o(HEAP)
    STACK                                    0x20000508   Section     1024  startup_stm32f10x_hd.o(STACK)
    Stack_Mem                                0x20000508   Data        1024  startup_stm32f10x_hd.o(STACK)
    __initial_sp                             0x20000908   Data           0  startup_stm32f10x_hd.o(STACK)

    Global Symbols

    Symbol Name                              Value     Ov Type        Size  Object(Section)

    BuildAttributes$$THM_ISAv4$P$D$K$B$S$PE$A:L22UL41UL21$X:L11$S22US41US21$IEEE1$IW$USESV6$~STKCKD$USESV7$~SHL$OTIME$ROPI$IEEEJ$EBA8$UX$STANDARDLIB$REQ8$PRES8$EABIv2 0x00000000   Number         0  anon$$obj.o ABSOLUTE
    __ARM_use_no_argv                        0x00000000   Number         0  main.o ABSOLUTE
    _printf_flags                            0x00000000   Number         0  printf_stubs.o ABSOLUTE
    _printf_return_value                     0x00000000   Number         0  printf_stubs.o ABSOLUTE
    _printf_sizespec                         0x00000000   Number         0  printf_stubs.o ABSOLUTE
    _printf_widthprec                        0x00000000   Number         0  printf_stubs.o ABSOLUTE
    __ARM_exceptions_init                     - Undefined Weak Reference
    __alloca_initialize                       - Undefined Weak Reference
    __arm_fini_                               - Undefined Weak Reference
    __arm_preinit_                            - Undefined Weak Reference
    __cpp_initialize__aeabi_                  - Undefined Weak Reference
    __cxa_finalize                            - Undefined Weak Reference
    __sigvec_lookup                           - Undefined Weak Reference
    _atexit_init                              - Undefined Weak Reference
    _call_atexit_fns                          - Undefined Weak Reference
    _clock_init                               - Undefined Weak Reference
    _fp_trap_init                             - Undefined Weak Reference
    _fp_trap_shutdown                         - Undefined Weak Reference
    _get_lc_collate                           - Undefined Weak Reference
    _get_lc_ctype                             - Undefined Weak Reference
    _get_lc_monetary                          - Undefined Weak Reference
    _get_lc_time                              - Undefined Weak Reference
    _getenv_init                              - Undefined Weak Reference
    _handle_redirection                       - Undefined Weak Reference
    _init_alloc                               - Undefined Weak Reference
    _init_user_alloc                          - Undefined Weak Reference
    _initio                                   - Undefined Weak Reference
    _mutex_acquire                            - Undefined Weak Reference
    _mutex_release                            - Undefined Weak Reference
    _printf_mbtowc                            - Undefined Weak Reference
    _printf_truncate_signed                   - Undefined Weak Reference
    _printf_truncate_unsigned                 - Undefined Weak Reference
    _rand_init                                - Undefined Weak Reference
    _signal_finish                            - Undefined Weak Reference
    _signal_init                              - Undefined Weak Reference
    _terminate_alloc                          - Undefined Weak Reference
    _terminate_user_alloc                     - Undefined Weak Reference
    _terminateio                              - Undefined Weak Reference
    __Vectors_Size                           0x00000130   Number         0  startup_stm32f10x_hd.o ABSOLUTE
    __Vectors                                0x08000000   Data           4  startup_stm32f10x_hd.o(RESET)
    __Vectors_End                            0x08000130   Data           0  startup_stm32f10x_hd.o(RESET)
    __main                                   0x08000131   Thumb Code     8  __main.o(!!!main)
    __scatterload                            0x08000139   Thumb Code     0  __scatter.o(!!!scatter)
    __scatterload_rt2                        0x08000139   Thumb Code    44  __scatter.o(!!!scatter)
    __scatterload_rt2_thumb_only             0x08000139   Thumb Code     0  __scatter.o(!!!scatter)
    __scatterload_null                       0x08000147   Thumb Code     0  __scatter.o(!!!scatter)
    __decompress                             0x0800016d   Thumb Code    90  __dczerorl2.o(!!dczerorl2)
    __decompress1                            0x0800016d   Thumb Code     0  __dczerorl2.o(!!dczerorl2)
    __scatterload_zeroinit                   0x080001c9   Thumb Code    28  __scatter_zi.o(!!handler_zi)
    _printf_f                                0x080001e5   Thumb Code     0  _printf_f.o(.ARM.Collect$$_printf_percent$$00000003)
    _printf_percent                          0x080001e5   Thumb Code     0  _printf_percent.o(.ARM.Collect$$_printf_percent$$00000000)
    _printf_d                                0x080001eb   Thumb Code     0  _printf_d.o(.ARM.Collect$$_printf_percent$$00000009)
    _printf_u                                0x080001f1   Thumb Code     0  _printf_u.o(.ARM.Collect$$_printf_percent$$0000000A)
    _printf_x                                0x080001f7   Thumb Code     0  _printf_x.o(.ARM.Collect$$_printf_percent$$0000000C)
    _printf_c                                0x080001fd   Thumb Code     0  _printf_c.o(.ARM.Collect$$_printf_percent$$00000013)
    _printf_s                                0x08000203   Thumb Code     0  _printf_s.o(.ARM.Collect$$_printf_percent$$00000014)
    _printf_percent_end                      0x08000209   Thumb Code     0  _printf_percent_end.o(.ARM.Collect$$_printf_percent$$00000017)
    __rt_lib_init                            0x0800020d   Thumb Code     0  libinit.o(.ARM.Collect$$libinit$$00000000)
    __rt_lib_init_fp_1                       0x0800020f   Thumb Code     0  libinit2.o(.ARM.Collect$$libinit$$00000002)
    __rt_lib_init_heap_1                     0x0800020f   Thumb Code     0  libinit2.o(.ARM.Collect$$libinit$$0000000A)
    __rt_lib_init_lc_common                  0x0800020f   Thumb Code     0  libinit2.o(.ARM.Collect$$libinit$$0000000F)
    __rt_lib_init_preinit_1                  0x0800020f   Thumb Code     0  libinit2.o(.ARM.Collect$$libinit$$00000004)
    __rt_lib_init_rand_1                     0x0800020f   Thumb Code     0  libinit2.o(.ARM.Collect$$libinit$$0000000E)
    __rt_lib_init_user_alloc_1               0x0800020f   Thumb Code     0  libinit2.o(.ARM.Collect$$libinit$$0000000C)
    __rt_lib_init_lc_collate_1               0x08000215   Thumb Code     0  libinit2.o(.ARM.Collect$$libinit$$00000011)
    __rt_lib_init_lc_ctype_1                 0x08000215   Thumb Code     0  libinit2.o(.ARM.Collect$$libinit$$00000013)
    __rt_lib_init_lc_monetary_1              0x08000215   Thumb Code     0  libinit2.o(.ARM.Collect$$libinit$$00000015)
    __rt_lib_init_lc_numeric_2               0x08000215   Thumb Code     0  libinit2.o(.ARM.Collect$$libinit$$00000016)
    __rt_lib_init_alloca_1                   0x0800021f   Thumb Code     0  libinit2.o(.ARM.Collect$$libinit$$0000002E)
    __rt_lib_init_argv_1                     0x0800021f   Thumb Code     0  libinit2.o(.ARM.Collect$$libinit$$0000002C)
    __rt_lib_init_atexit_1                   0x0800021f   Thumb Code     0  libinit2.o(.ARM.Collect$$libinit$$0000001B)
    __rt_lib_init_clock_1                    0x0800021f   Thumb Code     0  libinit2.o(.ARM.Collect$$libinit$$00000021)
    __rt_lib_init_cpp_1                      0x0800021f   Thumb Code     0  libinit2.o(.ARM.Collect$$libinit$$00000032)
    __rt_lib_init_exceptions_1               0x0800021f   Thumb Code     0  libinit2.o(.ARM.Collect$$libinit$$00000030)
    __rt_lib_init_fp_trap_1                  0x0800021f   Thumb Code     0  libinit2.o(.ARM.Collect$$libinit$$0000001F)
    __rt_lib_init_getenv_1                   0x0800021f   Thumb Code     0  libinit2.o(.ARM.Collect$$libinit$$00000023)
    __rt_lib_init_lc_numeric_1               0x0800021f   Thumb Code     0  libinit2.o(.ARM.Collect$$libinit$$00000017)
    __rt_lib_init_lc_time_1                  0x0800021f   Thumb Code     0  libinit2.o(.ARM.Collect$$libinit$$00000019)
    __rt_lib_init_return                     0x0800021f   Thumb Code     0  libinit2.o(.ARM.Collect$$libinit$$00000033)
    __rt_lib_init_signal_1                   0x0800021f   Thumb Code     0  libinit2.o(.ARM.Collect$$libinit$$0000001D)
    __rt_lib_init_stdio_1                    0x0800021f   Thumb Code     0  libinit2.o(.ARM.Collect$$libinit$$00000025)
    __rt_lib_shutdown                        0x08000221   Thumb Code     0  libshutdown.o(.ARM.Collect$$libshutdown$$00000000)
    __rt_lib_shutdown_cpp_1                  0x08000223   Thumb Code     0  libshutdown2.o(.ARM.Collect$$libshutdown$$00000004)
    __rt_lib_shutdown_fini_1                 0x08000223   Thumb Code     0  libshutdown2.o(.ARM.Collect$$libshutdown$$00000002)
    __rt_lib_shutdown_fp_trap_1              0x08000223   Thumb Code     0  libshutdown2.o(.ARM.Collect$$libshutdown$$00000009)
    __rt_lib_shutdown_heap_1                 0x08000223   Thumb Code     0  libshutdown2.o(.ARM.Collect$$libshutdown$$00000011)
    __rt_lib_shutdown_return                 0x08000223   Thumb Code     0  libshutdown2.o(.ARM.Collect$$libshutdown$$00000012)
    __rt_lib_shutdown_signal_1               0x08000223   Thumb Code     0  libshutdown2.o(.ARM.Collect$$libshutdown$$0000000C)
    __rt_lib_shutdown_stdio_1                0x08000223   Thumb Code     0  libshutdown2.o(.ARM.Collect$$libshutdown$$00000006)
    __rt_lib_shutdown_user_alloc_1           0x08000223   Thumb Code     0  libshutdown2.o(.ARM.Collect$$libshutdown$$0000000E)
    __rt_entry                               0x08000225   Thumb Code     0  __rtentry.o(.ARM.Collect$$rtentry$$00000000)
    __rt_entry_presh_1                       0x08000225   Thumb Code     0  __rtentry2.o(.ARM.Collect$$rtentry$$00000002)
    __rt_entry_sh                            0x08000225   Thumb Code     0  __rtentry4.o(.ARM.Collect$$rtentry$$00000004)
    __rt_entry_li                            0x0800022b   Thumb Code     0  __rtentry2.o(.ARM.Collect$$rtentry$$0000000A)
    __rt_entry_postsh_1                      0x0800022b   Thumb Code     0  __rtentry2.o(.ARM.Collect$$rtentry$$00000009)
    __rt_entry_main                          0x0800022f   Thumb Code     0  __rtentry2.o(.ARM.Collect$$rtentry$$0000000D)
    __rt_entry_postli_1                      0x0800022f   Thumb Code     0  __rtentry2.o(.ARM.Collect$$rtentry$$0000000C)
    __rt_exit                                0x08000237   Thumb Code     0  rtexit.o(.ARM.Collect$$rtexit$$00000000)
    __rt_exit_ls                             0x08000239   Thumb Code     0  rtexit2.o(.ARM.Collect$$rtexit$$00000003)
    __rt_exit_prels_1                        0x08000239   Thumb Code     0  rtexit2.o(.ARM.Collect$$rtexit$$00000002)
    __rt_exit_exit                           0x0800023d   Thumb Code     0  rtexit2.o(.ARM.Collect$$rtexit$$00000004)
    led_set                                  0x08000245   Thumb Code     6  main.o(.text)
    test_fun                                 0x0800024b   Thumb Code    12  main.o(.text)
    main                                     0x08000257   Thumb Code   142  main.o(.text)
    NMI_Handler                              0x08000321   Thumb Code     2  stm32f10x_it.o(.text)
    HardFault_Handler                        0x08000323   Thumb Code     4  stm32f10x_it.o(.text)
    MemManage_Handler                        0x08000327   Thumb Code     4  stm32f10x_it.o(.text)
    BusFault_Handler                         0x0800032b   Thumb Code     4  stm32f10x_it.o(.text)
    UsageFault_Handler                       0x0800032f   Thumb Code     4  stm32f10x_it.o(.text)
    SVC_Handler                              0x08000333   Thumb Code     2  stm32f10x_it.o(.text)
    DebugMon_Handler                         0x08000335   Thumb Code     2  stm32f10x_it.o(.text)
    PendSV_Handler                           0x08000337   Thumb Code     2  stm32f10x_it.o(.text)
    SysTick_Handler                          0x08000339   Thumb Code     2  stm32f10x_it.o(.text)
    SystemInit                               0x0800041b   Thumb Code    78  system_stm32f10x.o(.text)
    SystemCoreClockUpdate                    0x08000469   Thumb Code   142  system_stm32f10x.o(.text)
    LED_Init                                 0x0800051d   Thumb Code    72  led.o(.text)
    LCD_WR_REG                               0x0800056d   Thumb Code    28  lcd.o(.text)
    LCD_WR_DATAX                             0x08000589   Thumb Code    28  lcd.o(.text)
    LCD_RD_DATA                              0x080005a5   Thumb Code    98  lcd.o(.text)
    LCD_WriteReg                             0x08000607   Thumb Code    40  lcd.o(.text)
    LCD_ReadReg                              0x0800062f   Thumb Code    16  lcd.o(.text)
    LCD_WriteRAM_Prepare                     0x0800063f   Thumb Code    12  lcd.o(.text)
    LCD_WriteRAM                             0x0800064b   Thumb Code    28  lcd.o(.text)
    LCD_BGR2RGB                              0x08000667   Thumb Code    26  lcd.o(.text)
    opt_delay                                0x08000681   Thumb Code    14  lcd.o(.text)
    LCD_SetCursor                            0x0800068f   Thumb Code   956  lcd.o(.text)
    LCD_ReadPoint                            0x08000a4b   Thumb Code   506  lcd.o(.text)
    LCD_DisplayOn                            0x08000c45   Thumb Code    92  lcd.o(.text)
    LCD_DisplayOff                           0x08000ca1   Thumb Code    90  lcd.o(.text)
    LCD_Scan_Dir                             0x08000cfb   Thumb Code  1126  lcd.o(.text)
    LCD_DrawPoint                            0x08001161   Thumb Code    52  lcd.o(.text)
    LCD_Fast_DrawPoint                       0x08001195   Thumb Code   854  lcd.o(.text)
    LCD_SSD_BackLightSet                     0x080014eb   Thumb Code   220  lcd.o(.text)
    LCD_Display_Dir                          0x080015c7   Thumb Code   444  lcd.o(.text)
    LCD_Set_Window                           0x08001783   Thumb Code  1078  lcd.o(.text)
    LCD_Clear                                0x08001bb9   Thumb Code   122  lcd.o(.text)
    LCD_Init                                 0x08001c33   Thumb Code 15298  lcd.o(.text)
    LCD_Fill                                 0x080057f5   Thumb Code   200  lcd.o(.text)
    LCD_Color_Fill                           0x080058bd   Thumb Code   116  lcd.o(.text)
    LCD_DrawLine                             0x08005931   Thumb Code   176  lcd.o(.text)
    LCD_DrawRectangle                        0x080059e1   Thumb Code    60  lcd.o(.text)
    LCD_Draw_Circle                          0x08005a1d   Thumb Code   152  lcd.o(.text)
    LCD_ShowChar                             0x08005ab5   Thumb Code   272  lcd.o(.text)
    LCD_Pow                                  0x08005bc5   Thumb Code    22  lcd.o(.text)
    LCD_ShowNum                              0x08005bdb   Thumb Code   180  lcd.o(.text)
    LCD_ShowxNum                             0x08005c8f   Thumb Code   190  lcd.o(.text)
    LCD_ShowString                           0x08005d4d   Thumb Code   102  lcd.o(.text)
    Adc_Init                                 0x08005db5   Thumb Code   132  adc.o(.text)
    Get_Adc                                  0x08005e39   Thumb Code    46  adc.o(.text)
    Get_Adc_Average                          0x08005e67   Thumb Code    46  adc.o(.text)
    TIM3_Int_Init                            0x08005e9d   Thumb Code    90  timer.o(.text)
    TIM3_IRQHandler                          0x08005ef7   Thumb Code    38  timer.o(.text)
    delay_init                               0x08005f25   Thumb Code    50  delay.o(.text)
    delay_us                                 0x08005f57   Thumb Code    72  delay.o(.text)
    delay_ms                                 0x08005f9f   Thumb Code    72  delay.o(.text)
    _sys_exit                                0x08005ff9   Thumb Code     6  usart.o(.text)
    fputc                                    0x08005fff   Thumb Code    24  usart.o(.text)
    uart_init                                0x08006017   Thumb Code   152  usart.o(.text)
    USART1_IRQHandler                        0x080060af   Thumb Code   122  usart.o(.text)
    Reset_Handler                            0x08006139   Thumb Code     8  startup_stm32f10x_hd.o(.text)
    ADC1_2_IRQHandler                        0x08006153   Thumb Code     0  startup_stm32f10x_hd.o(.text)
    ADC3_IRQHandler                          0x08006153   Thumb Code     0  startup_stm32f10x_hd.o(.text)
    CAN1_RX1_IRQHandler                      0x08006153   Thumb Code     0  startup_stm32f10x_hd.o(.text)
    CAN1_SCE_IRQHandler                      0x08006153   Thumb Code     0  startup_stm32f10x_hd.o(.text)
    DMA1_Channel1_IRQHandler                 0x08006153   Thumb Code     0  startup_stm32f10x_hd.o(.text)
    DMA1_Channel2_IRQHandler                 0x08006153   Thumb Code     0  startup_stm32f10x_hd.o(.text)
    DMA1_Channel3_IRQHandler                 0x08006153   Thumb Code     0  startup_stm32f10x_hd.o(.text)
    DMA1_Channel4_IRQHandler                 0x08006153   Thumb Code     0  startup_stm32f10x_hd.o(.text)
    DMA1_Channel5_IRQHandler                 0x08006153   Thumb Code     0  startup_stm32f10x_hd.o(.text)
    DMA1_Channel6_IRQHandler                 0x08006153   Thumb Code     0  startup_stm32f10x_hd.o(.text)
    DMA1_Channel7_IRQHandler                 0x08006153   Thumb Code     0  startup_stm32f10x_hd.o(.text)
    DMA2_Channel1_IRQHandler                 0x08006153   Thumb Code     0  startup_stm32f10x_hd.o(.text)
    DMA2_Channel2_IRQHandler                 0x08006153   Thumb Code     0  startup_stm32f10x_hd.o(.text)
    DMA2_Channel3_IRQHandler                 0x08006153   Thumb Code     0  startup_stm32f10x_hd.o(.text)
    DMA2_Channel4_5_IRQHandler               0x08006153   Thumb Code     0  startup_stm32f10x_hd.o(.text)
    EXTI0_IRQHandler                         0x08006153   Thumb Code     0  startup_stm32f10x_hd.o(.text)
    EXTI15_10_IRQHandler                     0x08006153   Thumb Code     0  startup_stm32f10x_hd.o(.text)
    EXTI1_IRQHandler                         0x08006153   Thumb Code     0  startup_stm32f10x_hd.o(.text)
    EXTI2_IRQHandler                         0x08006153   Thumb Code     0  startup_stm32f10x_hd.o(.text)
    EXTI3_IRQHandler                         0x08006153   Thumb Code     0  startup_stm32f10x_hd.o(.text)
    EXTI4_IRQHandler                         0x08006153   Thumb Code     0  startup_stm32f10x_hd.o(.text)
    EXTI9_5_IRQHandler                       0x08006153   Thumb Code     0  startup_stm32f10x_hd.o(.text)
    FLASH_IRQHandler                         0x08006153   Thumb Code     0  startup_stm32f10x_hd.o(.text)
    FSMC_IRQHandler                          0x08006153   Thumb Code     0  startup_stm32f10x_hd.o(.text)
    I2C1_ER_IRQHandler                       0x08006153   Thumb Code     0  startup_stm32f10x_hd.o(.text)
    I2C1_EV_IRQHandler                       0x08006153   Thumb Code     0  startup_stm32f10x_hd.o(.text)
    I2C2_ER_IRQHandler                       0x08006153   Thumb Code     0  startup_stm32f10x_hd.o(.text)
    I2C2_EV_IRQHandler                       0x08006153   Thumb Code     0  startup_stm32f10x_hd.o(.text)
    PVD_IRQHandler                           0x08006153   Thumb Code     0  startup_stm32f10x_hd.o(.text)
    RCC_IRQHandler                           0x08006153   Thumb Code     0  startup_stm32f10x_hd.o(.text)
    RTCAlarm_IRQHandler                      0x08006153   Thumb Code     0  startup_stm32f10x_hd.o(.text)
    RTC_IRQHandler                           0x08006153   Thumb Code     0  startup_stm32f10x_hd.o(.text)
    SDIO_IRQHandler                          0x08006153   Thumb Code     0  startup_stm32f10x_hd.o(.text)
    SPI1_IRQHandler                          0x08006153   Thumb Code     0  startup_stm32f10x_hd.o(.text)
    SPI2_IRQHandler                          0x08006153   Thumb Code     0  startup_stm32f10x_hd.o(.text)
    SPI3_IRQHandler                          0x08006153   Thumb Code     0  startup_stm32f10x_hd.o(.text)
    TAMPER_IRQHandler                        0x08006153   Thumb Code     0  startup_stm32f10x_hd.o(.text)
    TIM1_BRK_IRQHandler                      0x08006153   Thumb Code     0  startup_stm32f10x_hd.o(.text)
    TIM1_CC_IRQHandler                       0x08006153   Thumb Code     0  startup_stm32f10x_hd.o(.text)
    TIM1_TRG_COM_IRQHandler                  0x08006153   Thumb Code     0  startup_stm32f10x_hd.o(.text)
    TIM1_UP_IRQHandler                       0x08006153   Thumb Code     0  startup_stm32f10x_hd.o(.text)
    TIM2_IRQHandler                          0x08006153   Thumb Code     0  startup_stm32f10x_hd.o(.text)
    TIM5_IRQHandler                          0x08006153   Thumb Code     0  startup_stm32f10x_hd.o(.text)
    TIM6_IRQHandler                          0x08006153   Thumb Code     0  startup_stm32f10x_hd.o(.text)
    TIM7_IRQHandler                          0x08006153   Thumb Code     0  startup_stm32f10x_hd.o(.text)
    TIM8_BRK_IRQHandler                      0x08006153   Thumb Code     0  startup_stm32f10x_hd.o(.text)
    TIM8_CC_IRQHandler                       0x08006153   Thumb Code     0  startup_stm32f10x_hd.o(.text)
    TIM8_TRG_COM_IRQHandler                  0x08006153   Thumb Code     0  startup_stm32f10x_hd.o(.text)
    TIM8_UP_IRQHandler                       0x08006153   Thumb Code     0  startup_stm32f10x_hd.o(.text)
    UART4_IRQHandler                         0x08006153   Thumb Code     0  startup_stm32f10x_hd.o(.text)
    UART5_IRQHandler                         0x08006153   Thumb Code     0  startup_stm32f10x_hd.o(.text)
    USART2_IRQHandler                        0x08006153   Thumb Code     0  startup_stm32f10x_hd.o(.text)
    USART3_IRQHandler                        0x08006153   Thumb Code     0  startup_stm32f10x_hd.o(.text)
    USBWakeUp_IRQHandler                     0x08006153   Thumb Code     0  startup_stm32f10x_hd.o(.text)
    USB_HP_CAN1_TX_IRQHandler                0x08006153   Thumb Code     0  startup_stm32f10x_hd.o(.text)
    USB_LP_CAN1_RX0_IRQHandler               0x08006153   Thumb Code     0  startup_stm32f10x_hd.o(.text)
    WWDG_IRQHandler                          0x08006153   Thumb Code     0  startup_stm32f10x_hd.o(.text)
    __user_initial_stackheap                 0x08006155   Thumb Code     0  startup_stm32f10x_hd.o(.text)
    GPIO_DeInit                              0x08006179   Thumb Code   172  stm32f10x_gpio.o(.text)
    GPIO_AFIODeInit                          0x08006225   Thumb Code    20  stm32f10x_gpio.o(.text)
    GPIO_Init                                0x08006239   Thumb Code   278  stm32f10x_gpio.o(.text)
    GPIO_StructInit                          0x0800634f   Thumb Code    16  stm32f10x_gpio.o(.text)
    GPIO_ReadInputDataBit                    0x0800635f   Thumb Code    18  stm32f10x_gpio.o(.text)
    GPIO_ReadInputData                       0x08006371   Thumb Code     8  stm32f10x_gpio.o(.text)
    GPIO_ReadOutputDataBit                   0x08006379   Thumb Code    18  stm32f10x_gpio.o(.text)
    GPIO_ReadOutputData                      0x0800638b   Thumb Code     8  stm32f10x_gpio.o(.text)
    GPIO_SetBits                             0x08006393   Thumb Code     4  stm32f10x_gpio.o(.text)
    GPIO_ResetBits                           0x08006397   Thumb Code     4  stm32f10x_gpio.o(.text)
    GPIO_WriteBit                            0x0800639b   Thumb Code    10  stm32f10x_gpio.o(.text)
    GPIO_Write                               0x080063a5   Thumb Code     4  stm32f10x_gpio.o(.text)
    GPIO_PinLockConfig                       0x080063a9   Thumb Code    18  stm32f10x_gpio.o(.text)
    GPIO_EventOutputConfig                   0x080063bb   Thumb Code    26  stm32f10x_gpio.o(.text)
    GPIO_EventOutputCmd                      0x080063d5   Thumb Code     6  stm32f10x_gpio.o(.text)
    GPIO_PinRemapConfig                      0x080063db   Thumb Code   138  stm32f10x_gpio.o(.text)
    GPIO_EXTILineConfig                      0x08006465   Thumb Code    66  stm32f10x_gpio.o(.text)
    GPIO_ETH_MediaInterfaceConfig            0x080064a7   Thumb Code     8  stm32f10x_gpio.o(.text)
    RCC_DeInit                               0x080064d5   Thumb Code    64  stm32f10x_rcc.o(.text)
    RCC_HSEConfig                            0x08006515   Thumb Code    70  stm32f10x_rcc.o(.text)
    RCC_GetFlagStatus                        0x0800655b   Thumb Code    56  stm32f10x_rcc.o(.text)
    RCC_WaitForHSEStartUp                    0x08006593   Thumb Code    56  stm32f10x_rcc.o(.text)
    RCC_AdjustHSICalibrationValue            0x080065cb   Thumb Code    20  stm32f10x_rcc.o(.text)
    RCC_HSICmd                               0x080065df   Thumb Code     6  stm32f10x_rcc.o(.text)
    RCC_PLLConfig                            0x080065e5   Thumb Code    24  stm32f10x_rcc.o(.text)
    RCC_PLLCmd                               0x080065fd   Thumb Code     6  stm32f10x_rcc.o(.text)
    RCC_SYSCLKConfig                         0x08006603   Thumb Code    18  stm32f10x_rcc.o(.text)
    RCC_GetSYSCLKSource                      0x08006615   Thumb Code    10  stm32f10x_rcc.o(.text)
    RCC_HCLKConfig                           0x0800661f   Thumb Code    18  stm32f10x_rcc.o(.text)
    RCC_PCLK1Config                          0x08006631   Thumb Code    18  stm32f10x_rcc.o(.text)
    RCC_PCLK2Config                          0x08006643   Thumb Code    20  stm32f10x_rcc.o(.text)
    RCC_ITConfig                             0x08006657   Thumb Code    26  stm32f10x_rcc.o(.text)
    RCC_USBCLKConfig                         0x08006671   Thumb Code     8  stm32f10x_rcc.o(.text)
    RCC_ADCCLKConfig                         0x08006679   Thumb Code    18  stm32f10x_rcc.o(.text)
    RCC_LSEConfig                            0x0800668b   Thumb Code    50  stm32f10x_rcc.o(.text)
    RCC_LSICmd                               0x080066bd   Thumb Code     6  stm32f10x_rcc.o(.text)
    RCC_RTCCLKConfig                         0x080066c3   Thumb Code    12  stm32f10x_rcc.o(.text)
    RCC_RTCCLKCmd                            0x080066cf   Thumb Code     8  stm32f10x_rcc.o(.text)
    RCC_GetClocksFreq                        0x080066d7   Thumb Code   192  stm32f10x_rcc.o(.text)
    RCC_AHBPeriphClockCmd                    0x08006797   Thumb Code    26  stm32f10x_rcc.o(.text)
    RCC_APB2PeriphClockCmd                   0x080067b1   Thumb Code    26  stm32f10x_rcc.o(.text)
    RCC_APB1PeriphClockCmd                   0x080067cb   Thumb Code    26  stm32f10x_rcc.o(.text)
    RCC_APB2PeriphResetCmd                   0x080067e5   Thumb Code    26  stm32f10x_rcc.o(.text)
    RCC_APB1PeriphResetCmd                   0x080067ff   Thumb Code    26  stm32f10x_rcc.o(.text)
    RCC_BackupResetCmd                       0x08006819   Thumb Code     8  stm32f10x_rcc.o(.text)
    RCC_ClockSecuritySystemCmd               0x08006821   Thumb Code     6  stm32f10x_rcc.o(.text)
    RCC_MCOConfig                            0x08006827   Thumb Code     6  stm32f10x_rcc.o(.text)
    RCC_ClearFlag                            0x0800682d   Thumb Code    14  stm32f10x_rcc.o(.text)
    RCC_GetITStatus                          0x0800683b   Thumb Code    20  stm32f10x_rcc.o(.text)
    RCC_ClearITPendingBit                    0x0800684f   Thumb Code     6  stm32f10x_rcc.o(.text)
    USART_DeInit                             0x08006879   Thumb Code   134  stm32f10x_usart.o(.text)
    USART_Init                               0x080068ff   Thumb Code   210  stm32f10x_usart.o(.text)
    USART_StructInit                         0x080069d1   Thumb Code    24  stm32f10x_usart.o(.text)
    USART_ClockInit                          0x080069e9   Thumb Code    34  stm32f10x_usart.o(.text)
    USART_ClockStructInit                    0x08006a0b   Thumb Code    12  stm32f10x_usart.o(.text)
    USART_Cmd                                0x08006a17   Thumb Code    24  stm32f10x_usart.o(.text)
    USART_ITConfig                           0x08006a2f   Thumb Code    74  stm32f10x_usart.o(.text)
    USART_DMACmd                             0x08006a79   Thumb Code    18  stm32f10x_usart.o(.text)
    USART_SetAddress                         0x08006a8b   Thumb Code    18  stm32f10x_usart.o(.text)
    USART_WakeUpConfig                       0x08006a9d   Thumb Code    18  stm32f10x_usart.o(.text)
    USART_ReceiverWakeUpCmd                  0x08006aaf   Thumb Code    24  stm32f10x_usart.o(.text)
    USART_LINBreakDetectLengthConfig         0x08006ac7   Thumb Code    18  stm32f10x_usart.o(.text)
    USART_LINCmd                             0x08006ad9   Thumb Code    24  stm32f10x_usart.o(.text)
    USART_SendData                           0x08006af1   Thumb Code     8  stm32f10x_usart.o(.text)
    USART_ReceiveData                        0x08006af9   Thumb Code    10  stm32f10x_usart.o(.text)
    USART_SendBreak                          0x08006b03   Thumb Code    10  stm32f10x_usart.o(.text)
    USART_SetGuardTime                       0x08006b0d   Thumb Code    16  stm32f10x_usart.o(.text)
    USART_SetPrescaler                       0x08006b1d   Thumb Code    16  stm32f10x_usart.o(.text)
    USART_SmartCardCmd                       0x08006b2d   Thumb Code    24  stm32f10x_usart.o(.text)
    USART_SmartCardNACKCmd                   0x08006b45   Thumb Code    24  stm32f10x_usart.o(.text)
    USART_HalfDuplexCmd                      0x08006b5d   Thumb Code    24  stm32f10x_usart.o(.text)
    USART_OverSampling8Cmd                   0x08006b75   Thumb Code    22  stm32f10x_usart.o(.text)
    USART_OneBitMethodCmd                    0x08006b8b   Thumb Code    24  stm32f10x_usart.o(.text)
    USART_IrDAConfig                         0x08006ba3   Thumb Code    18  stm32f10x_usart.o(.text)
    USART_IrDACmd                            0x08006bb5   Thumb Code    24  stm32f10x_usart.o(.text)
    USART_GetFlagStatus                      0x08006bcd   Thumb Code    26  stm32f10x_usart.o(.text)
    USART_ClearFlag                          0x08006be7   Thumb Code    18  stm32f10x_usart.o(.text)
    USART_GetITStatus                        0x08006bf9   Thumb Code    84  stm32f10x_usart.o(.text)
    USART_ClearITPendingBit                  0x08006c4d   Thumb Code    52  stm32f10x_usart.o(.text)
    NVIC_PriorityGroupConfig                 0x08006c81   Thumb Code    10  misc.o(.text)
    NVIC_Init                                0x08006c8b   Thumb Code   100  misc.o(.text)
    NVIC_SetVectorTable                      0x08006cef   Thumb Code    14  misc.o(.text)
    NVIC_SystemLPConfig                      0x08006cfd   Thumb Code    34  misc.o(.text)
    SysTick_CLKSourceConfig                  0x08006d1f   Thumb Code    40  misc.o(.text)
    TIM_DeInit                               0x08006d5d   Thumb Code   424  stm32f10x_tim.o(.text)
    TIM_TimeBaseInit                         0x08006f05   Thumb Code   122  stm32f10x_tim.o(.text)
    TIM_OC1Init                              0x08006f7f   Thumb Code   132  stm32f10x_tim.o(.text)
    TIM_OC2Init                              0x08007003   Thumb Code   154  stm32f10x_tim.o(.text)
    TIM_OC3Init                              0x0800709d   Thumb Code   150  stm32f10x_tim.o(.text)
    TIM_OC4Init                              0x08007133   Thumb Code   182  stm32f10x_tim.o(.text)
    TIM_SetIC4Prescaler                      0x080071e9   Thumb Code    26  stm32f10x_tim.o(.text)
    TIM_SetIC3Prescaler                      0x08007285   Thumb Code    18  stm32f10x_tim.o(.text)
    TIM_SetIC2Prescaler                      0x08007311   Thumb Code    26  stm32f10x_tim.o(.text)
    TIM_SetIC1Prescaler                      0x080073ad   Thumb Code    18  stm32f10x_tim.o(.text)
    TIM_ICInit                               0x0800742b   Thumb Code   150  stm32f10x_tim.o(.text)
    TIM_PWMIConfig                           0x080074c1   Thumb Code   124  stm32f10x_tim.o(.text)
    TIM_BDTRConfig                           0x0800753d   Thumb Code    32  stm32f10x_tim.o(.text)
    TIM_TimeBaseStructInit                   0x0800755d   Thumb Code    18  stm32f10x_tim.o(.text)
    TIM_OCStructInit                         0x0800756f   Thumb Code    20  stm32f10x_tim.o(.text)
    TIM_ICStructInit                         0x08007583   Thumb Code    18  stm32f10x_tim.o(.text)
    TIM_BDTRStructInit                       0x08007595   Thumb Code    40  stm32f10x_tim.o(.text)
    TIM_Cmd                                  0x080075bd   Thumb Code    24  stm32f10x_tim.o(.text)
    TIM_CtrlPWMOutputs                       0x080075d5   Thumb Code    30  stm32f10x_tim.o(.text)
    TIM_ITConfig                             0x080075f3   Thumb Code    18  stm32f10x_tim.o(.text)
    TIM_GenerateEvent                        0x08007605   Thumb Code     4  stm32f10x_tim.o(.text)
    TIM_DMAConfig                            0x08007609   Thumb Code    10  stm32f10x_tim.o(.text)
    TIM_DMACmd                               0x08007613   Thumb Code    18  stm32f10x_tim.o(.text)
    TIM_InternalClockConfig                  0x08007625   Thumb Code    12  stm32f10x_tim.o(.text)
    TIM_SelectInputTrigger                   0x08007631   Thumb Code    18  stm32f10x_tim.o(.text)
    TIM_ITRxExternalClockConfig              0x08007643   Thumb Code    24  stm32f10x_tim.o(.text)
    TIM_TIxExternalClockConfig               0x0800765b   Thumb Code    62  stm32f10x_tim.o(.text)
    TIM_ETRConfig                            0x08007699   Thumb Code    28  stm32f10x_tim.o(.text)
    TIM_ETRClockMode1Config                  0x080076b5   Thumb Code    54  stm32f10x_tim.o(.text)
    TIM_ETRClockMode2Config                  0x080076eb   Thumb Code    32  stm32f10x_tim.o(.text)
    TIM_PrescalerConfig                      0x0800770b   Thumb Code     6  stm32f10x_tim.o(.text)
    TIM_CounterModeConfig                    0x08007711   Thumb Code    18  stm32f10x_tim.o(.text)
    TIM_EncoderInterfaceConfig               0x08007723   Thumb Code    66  stm32f10x_tim.o(.text)
    TIM_ForcedOC1Config                      0x08007765   Thumb Code    18  stm32f10x_tim.o(.text)
    TIM_ForcedOC2Config                      0x08007777   Thumb Code    26  stm32f10x_tim.o(.text)
    TIM_ForcedOC3Config                      0x08007791   Thumb Code    18  stm32f10x_tim.o(.text)
    TIM_ForcedOC4Config                      0x080077a3   Thumb Code    26  stm32f10x_tim.o(.text)
    TIM_ARRPreloadConfig                     0x080077bd   Thumb Code    24  stm32f10x_tim.o(.text)
    TIM_SelectCOM                            0x080077d5   Thumb Code    24  stm32f10x_tim.o(.text)
    TIM_SelectCCDMA                          0x080077ed   Thumb Code    24  stm32f10x_tim.o(.text)
    TIM_CCPreloadControl                     0x08007805   Thumb Code    24  stm32f10x_tim.o(.text)
    TIM_OC1PreloadConfig                     0x0800781d   Thumb Code    18  stm32f10x_tim.o(.text)
    TIM_OC2PreloadConfig                     0x0800782f   Thumb Code    26  stm32f10x_tim.o(.text)
    TIM_OC3PreloadConfig                     0x08007849   Thumb Code    18  stm32f10x_tim.o(.text)
    TIM_OC4PreloadConfig                     0x0800785b   Thumb Code    26  stm32f10x_tim.o(.text)
    TIM_OC1FastConfig                        0x08007875   Thumb Code    18  stm32f10x_tim.o(.text)
    TIM_OC2FastConfig                        0x08007887   Thumb Code    26  stm32f10x_tim.o(.text)
    TIM_OC3FastConfig                        0x080078a1   Thumb Code    18  stm32f10x_tim.o(.text)
    TIM_OC4FastConfig                        0x080078b3   Thumb Code    26  stm32f10x_tim.o(.text)
    TIM_ClearOC1Ref                          0x080078cd   Thumb Code    18  stm32f10x_tim.o(.text)
    TIM_ClearOC2Ref                          0x080078df   Thumb Code    24  stm32f10x_tim.o(.text)
    TIM_ClearOC3Ref                          0x080078f7   Thumb Code    18  stm32f10x_tim.o(.text)
    TIM_ClearOC4Ref                          0x08007909   Thumb Code    24  stm32f10x_tim.o(.text)
    TIM_OC1PolarityConfig                    0x08007921   Thumb Code    18  stm32f10x_tim.o(.text)
    TIM_OC1NPolarityConfig                   0x08007933   Thumb Code    18  stm32f10x_tim.o(.text)
    TIM_OC2PolarityConfig                    0x08007945   Thumb Code    26  stm32f10x_tim.o(.text)
    TIM_OC2NPolarityConfig                   0x0800795f   Thumb Code    26  stm32f10x_tim.o(.text)
    TIM_OC3PolarityConfig                    0x08007979   Thumb Code    26  stm32f10x_tim.o(.text)
    TIM_OC3NPolarityConfig                   0x08007993   Thumb Code    26  stm32f10x_tim.o(.text)
    TIM_OC4PolarityConfig                    0x080079ad   Thumb Code    26  stm32f10x_tim.o(.text)
    TIM_CCxCmd                               0x080079c7   Thumb Code    30  stm32f10x_tim.o(.text)
    TIM_CCxNCmd                              0x080079e5   Thumb Code    30  stm32f10x_tim.o(.text)
    TIM_SelectOCxM                           0x08007a03   Thumb Code    82  stm32f10x_tim.o(.text)
    TIM_UpdateDisableConfig                  0x08007a55   Thumb Code    24  stm32f10x_tim.o(.text)
    TIM_UpdateRequestConfig                  0x08007a6d   Thumb Code    24  stm32f10x_tim.o(.text)
    TIM_SelectHallSensor                     0x08007a85   Thumb Code    24  stm32f10x_tim.o(.text)
    TIM_SelectOnePulseMode                   0x08007a9d   Thumb Code    18  stm32f10x_tim.o(.text)
    TIM_SelectOutputTrigger                  0x08007aaf   Thumb Code    18  stm32f10x_tim.o(.text)
    TIM_SelectSlaveMode                      0x08007ac1   Thumb Code    18  stm32f10x_tim.o(.text)
    TIM_SelectMasterSlaveMode                0x08007ad3   Thumb Code    18  stm32f10x_tim.o(.text)
    TIM_SetCounter                           0x08007ae5   Thumb Code     4  stm32f10x_tim.o(.text)
    TIM_SetAutoreload                        0x08007ae9   Thumb Code     4  stm32f10x_tim.o(.text)
    TIM_SetCompare1                          0x08007aed   Thumb Code     4  stm32f10x_tim.o(.text)
    TIM_SetCompare2                          0x08007af1   Thumb Code     4  stm32f10x_tim.o(.text)
    TIM_SetCompare3                          0x08007af5   Thumb Code     4  stm32f10x_tim.o(.text)
    TIM_SetCompare4                          0x08007af9   Thumb Code     6  stm32f10x_tim.o(.text)
    TIM_SetClockDivision                     0x08007aff   Thumb Code    18  stm32f10x_tim.o(.text)
    TIM_GetCapture1                          0x08007b11   Thumb Code     6  stm32f10x_tim.o(.text)
    TIM_GetCapture2                          0x08007b17   Thumb Code     6  stm32f10x_tim.o(.text)
    TIM_GetCapture3                          0x08007b1d   Thumb Code     6  stm32f10x_tim.o(.text)
    TIM_GetCapture4                          0x08007b23   Thumb Code     8  stm32f10x_tim.o(.text)
    TIM_GetCounter                           0x08007b2b   Thumb Code     6  stm32f10x_tim.o(.text)
    TIM_GetPrescaler                         0x08007b31   Thumb Code     6  stm32f10x_tim.o(.text)
    TIM_GetFlagStatus                        0x08007b37   Thumb Code    18  stm32f10x_tim.o(.text)
    TIM_ClearFlag                            0x08007b49   Thumb Code     6  stm32f10x_tim.o(.text)
    TIM_GetITStatus                          0x08007b4f   Thumb Code    34  stm32f10x_tim.o(.text)
    TIM_ClearITPendingBit                    0x08007b71   Thumb Code     6  stm32f10x_tim.o(.text)
    ADC_DeInit                               0x08007b79   Thumb Code    78  stm32f10x_adc.o(.text)
    ADC_Init                                 0x08007bc7   Thumb Code    70  stm32f10x_adc.o(.text)
    ADC_StructInit                           0x08007c0d   Thumb Code    18  stm32f10x_adc.o(.text)
    ADC_Cmd                                  0x08007c1f   Thumb Code    22  stm32f10x_adc.o(.text)
    ADC_DMACmd                               0x08007c35   Thumb Code    22  stm32f10x_adc.o(.text)
    ADC_ITConfig                             0x08007c4b   Thumb Code    24  stm32f10x_adc.o(.text)
    ADC_ResetCalibration                     0x08007c63   Thumb Code    10  stm32f10x_adc.o(.text)
    ADC_GetResetCalibrationStatus            0x08007c6d   Thumb Code    20  stm32f10x_adc.o(.text)
    ADC_StartCalibration                     0x08007c81   Thumb Code    10  stm32f10x_adc.o(.text)
    ADC_GetCalibrationStatus                 0x08007c8b   Thumb Code    20  stm32f10x_adc.o(.text)
    ADC_SoftwareStartConvCmd                 0x08007c9f   Thumb Code    22  stm32f10x_adc.o(.text)
    ADC_GetSoftwareStartConvStatus           0x08007cb5   Thumb Code    20  stm32f10x_adc.o(.text)
    ADC_DiscModeChannelCountConfig           0x08007cc9   Thumb Code    24  stm32f10x_adc.o(.text)
    ADC_DiscModeCmd                          0x08007ce1   Thumb Code    22  stm32f10x_adc.o(.text)
    ADC_RegularChannelConfig                 0x08007cf7   Thumb Code   184  stm32f10x_adc.o(.text)
    ADC_ExternalTrigConvCmd                  0x08007daf   Thumb Code    22  stm32f10x_adc.o(.text)
    ADC_GetConversionValue                   0x08007dc5   Thumb Code     8  stm32f10x_adc.o(.text)
    ADC_GetDualModeConversionValue           0x08007dcd   Thumb Code     8  stm32f10x_adc.o(.text)
    ADC_AutoInjectedConvCmd                  0x08007dd5   Thumb Code    22  stm32f10x_adc.o(.text)
    ADC_InjectedDiscModeCmd                  0x08007deb   Thumb Code    22  stm32f10x_adc.o(.text)
    ADC_ExternalTrigInjectedConvConfig       0x08007e01   Thumb Code    16  stm32f10x_adc.o(.text)
    ADC_ExternalTrigInjectedConvCmd          0x08007e11   Thumb Code    22  stm32f10x_adc.o(.text)
    ADC_SoftwareStartInjectedConvCmd         0x08007e27   Thumb Code    22  stm32f10x_adc.o(.text)
    ADC_GetSoftwareStartInjectedConvCmdStatus 0x08007e3d   Thumb Code    20  stm32f10x_adc.o(.text)
    ADC_InjectedChannelConfig                0x08007e51   Thumb Code   130  stm32f10x_adc.o(.text)
    ADC_InjectedSequencerLengthConfig        0x08007ed3   Thumb Code    24  stm32f10x_adc.o(.text)
    ADC_SetInjectedOffset                    0x08007eeb   Thumb Code    20  stm32f10x_adc.o(.text)
    ADC_GetInjectedConversionValue           0x08007eff   Thumb Code    28  stm32f10x_adc.o(.text)
    ADC_AnalogWatchdogCmd                    0x08007f1b   Thumb Code    16  stm32f10x_adc.o(.text)
    ADC_AnalogWatchdogThresholdsConfig       0x08007f2b   Thumb Code     6  stm32f10x_adc.o(.text)
    ADC_AnalogWatchdogSingleChannelConfig    0x08007f31   Thumb Code    16  stm32f10x_adc.o(.text)
    ADC_TempSensorVrefintCmd                 0x08007f41   Thumb Code    64  stm32f10x_adc.o(.text)
    ADC_GetFlagStatus                        0x08007f81   Thumb Code    18  stm32f10x_adc.o(.text)
    ADC_ClearFlag                            0x08007f93   Thumb Code     6  stm32f10x_adc.o(.text)
    ADC_GetITStatus                          0x08007f99   Thumb Code    36  stm32f10x_adc.o(.text)
    ADC_ClearITPendingBit                    0x08007fbd   Thumb Code    10  stm32f10x_adc.o(.text)
    usmart_sys_cmd_exe                       0x08007fc9   Thumb Code  1554  usmart.o(.text)
    usmart_reset_runtime                     0x080085db   Thumb Code    38  usmart.o(.text)
    usmart_get_runtime                       0x08008601   Thumb Code    56  usmart.o(.text)
    TIM4_IRQHandler                          0x08008639   Thumb Code    50  usmart.o(.text)
    Timer4_Init                              0x0800866b   Thumb Code    94  usmart.o(.text)
    usmart_init                              0x080086c9   Thumb Code    36  usmart.o(.text)
    usmart_cmd_rec                           0x080086ed   Thumb Code   170  usmart.o(.text)
    usmart_exe                               0x08008797   Thumb Code   872  usmart.o(.text)
    usmart_scan                              0x08008aff   Thumb Code   120  usmart.o(.text)
    read_addr                                0x08008b77   Thumb Code     6  usmart.o(.text)
    write_addr                               0x08008b7d   Thumb Code     4  usmart.o(.text)
    usmart_strcmp                            0x08008c09   Thumb Code    34  usmart_str.o(.text)
    usmart_strcopy                           0x08008c2b   Thumb Code    22  usmart_str.o(.text)
    usmart_strlen                            0x08008c41   Thumb Code    24  usmart_str.o(.text)
    usmart_pow                               0x08008c59   Thumb Code    22  usmart_str.o(.text)
    usmart_str2num                           0x08008c6f   Thumb Code   202  usmart_str.o(.text)
    usmart_get_cmdname                       0x08008d39   Thumb Code    54  usmart_str.o(.text)
    usmart_search_nextc                      0x08008d6f   Thumb Code    22  usmart_str.o(.text)
    usmart_get_fname                         0x08008d85   Thumb Code   440  usmart_str.o(.text)
    usmart_get_aparm                         0x08008f3d   Thumb Code   200  usmart_str.o(.text)
    usmart_get_parmpos                       0x08009005   Thumb Code    26  usmart_str.o(.text)
    usmart_get_fparam                        0x0800901f   Thumb Code   262  usmart_str.o(.text)
    __use_no_semihosting                     0x08009131   Thumb Code     2  use_no_semi_2.o(.text)
    __2printf                                0x08009135   Thumb Code    20  noretval__2printf.o(.text)
    _printf_pre_padding                      0x0800914d   Thumb Code    44  _printf_pad.o(.text)
    _printf_post_padding                     0x08009179   Thumb Code    34  _printf_pad.o(.text)
    _printf_str                              0x0800919b   Thumb Code    82  _printf_str.o(.text)
    _printf_int_dec                          0x080091ed   Thumb Code   104  _printf_dec.o(.text)
    _printf_int_hex                          0x08009265   Thumb Code    84  _printf_hex_int.o(.text)
    _printf_longlong_hex                     0x08009265   Thumb Code     0  _printf_hex_int.o(.text)
    __printf                                 0x080092bd   Thumb Code   388  __printf_flags_ss_wp.o(.text)
    __use_two_region_memory                  0x08009445   Thumb Code     2  heapauxi.o(.text)
    __rt_heap_escrow$2region                 0x08009447   Thumb Code     2  heapauxi.o(.text)
    __rt_heap_expand$2region                 0x08009449   Thumb Code     2  heapauxi.o(.text)
    __I$use$semihosting                      0x0800944b   Thumb Code     0  use_no_semi.o(.text)
    __use_no_semihosting_swi                 0x0800944b   Thumb Code     2  use_no_semi.o(.text)
    _printf_int_common                       0x0800944d   Thumb Code   178  _printf_intcommon.o(.text)
    __lib_sel_fp_printf                      0x080094ff   Thumb Code     2  _printf_fp_dec.o(.text)
    _printf_fp_dec_real                      0x080096b1   Thumb Code   620  _printf_fp_dec.o(.text)
    _printf_cs_common                        0x0800991d   Thumb Code    20  _printf_char.o(.text)
    _printf_char                             0x08009931   Thumb Code    16  _printf_char.o(.text)
    _printf_string                           0x08009941   Thumb Code     8  _printf_char.o(.text)
    _printf_char_file                        0x08009949   Thumb Code    32  _printf_char_file.o(.text)
    __rt_locale                              0x0800996d   Thumb Code     8  rt_locale_intlibspace.o(.text)
    _ll_udiv10                               0x08009975   Thumb Code   138  lludiv10.o(.text)
    _printf_char_common                      0x08009a0b   Thumb Code    32  _printf_char_common.o(.text)
    _printf_fp_infnan                        0x08009a31   Thumb Code   112  _printf_fp_infnan.o(.text)
    _btod_etento                             0x08009ab1   Thumb Code   224  bigflt0.o(.text)
    ferror                                   0x08009b95   Thumb Code     8  ferror.o(.text)
    __user_libspace                          0x08009b9d   Thumb Code     8  libspace.o(.text)
    __user_perproc_libspace                  0x08009b9d   Thumb Code     0  libspace.o(.text)
    __user_perthread_libspace                0x08009b9d   Thumb Code     0  libspace.o(.text)
    __user_setup_stackheap                   0x08009ba5   Thumb Code    74  sys_stackheap_outer.o(.text)
    exit                                     0x08009bef   Thumb Code    18  exit.o(.text)
    strcmp                                   0x08009c01   Thumb Code   128  strcmpv7m.o(.text)
    _btod_d2e                                0x08009c81   Thumb Code    62  btod.o(CL$$btod_d2e)
    _d2e_denorm_low                          0x08009cbf   Thumb Code    70  btod.o(CL$$btod_d2e_denorm_low)
    _d2e_norm_op1                            0x08009d05   Thumb Code    96  btod.o(CL$$btod_d2e_norm_op1)
    __btod_div_common                        0x08009d65   Thumb Code   696  btod.o(CL$$btod_div_common)
    _e2e                                     0x0800a09d   Thumb Code   220  btod.o(CL$$btod_e2e)
    _btod_ediv                               0x0800a179   Thumb Code    42  btod.o(CL$$btod_ediv)
    _btod_emul                               0x0800a1a3   Thumb Code    42  btod.o(CL$$btod_emul)
    __btod_mult_common                       0x0800a1cd   Thumb Code   580  btod.o(CL$$btod_mult_common)
    __ARM_fpclassify                         0x0800a411   Thumb Code    40  fpclassify.o(i.__ARM_fpclassify)
    _is_digit                                0x0800a439   Thumb Code    14  __printf_wp.o(i._is_digit)
    _get_lc_numeric                          0x0800a449   Thumb Code    44  lc_numeric_c.o(locale$$code)
    __aeabi_d2f                              0x0800a475   Thumb Code     0  d2f.o(x$fpl$d2f)
    _d2f                                     0x0800a475   Thumb Code    98  d2f.o(x$fpl$d2f)
    __aeabi_d2uiz                            0x0800a4d9   Thumb Code     0  dfixu.o(x$fpl$dfixu)
    _dfixu                                   0x0800a4d9   Thumb Code    90  dfixu.o(x$fpl$dfixu)
    __aeabi_ui2d                             0x0800a533   Thumb Code     0  dflt_clz.o(x$fpl$dfltu)
    _dfltu                                   0x0800a533   Thumb Code    38  dflt_clz.o(x$fpl$dfltu)
    __aeabi_dmul                             0x0800a559   Thumb Code     0  dmul.o(x$fpl$dmul)
    _dmul                                    0x0800a559   Thumb Code   332  dmul.o(x$fpl$dmul)
    __fpl_dnaninf                            0x0800a6ad   Thumb Code   156  dnaninf.o(x$fpl$dnaninf)
    __fpl_dretinf                            0x0800a749   Thumb Code    12  dretinf.o(x$fpl$dretinf)
    __aeabi_f2d                              0x0800a755   Thumb Code     0  f2d.o(x$fpl$f2d)
    _f2d                                     0x0800a755   Thumb Code    86  f2d.o(x$fpl$f2d)
    __aeabi_ui2f                             0x0800a7ad   Thumb Code     0  fflt_clz.o(x$fpl$ffltu)
    _ffltu                                   0x0800a7ad   Thumb Code    38  fflt_clz.o(x$fpl$ffltu)
    __fpl_fnaninf                            0x0800a7d3   Thumb Code   140  fnaninf.o(x$fpl$fnaninf)
    __fpl_fretinf                            0x0800a85f   Thumb Code    10  fretinf.o(x$fpl$fretinf)
    _printf_fp_dec                           0x0800a869   Thumb Code     4  printf1.o(x$fpl$printf1)
    __I$use$fp                               0x0800a86c   Number         0  usenofp.o(x$fpl$usenofp)
    asc2_1206                                0x0800a86c   Data        1140  lcd.o(.constdata)
    asc2_1608                                0x0800ace0   Data        1520  lcd.o(.constdata)
    asc2_2412                                0x0800b2d0   Data        3420  lcd.o(.constdata)
    Region$$Table$$Base                      0x0800c3f0   Number         0  anon$$obj.o(Region$$Table)
    Region$$Table$$Limit                     0x0800c410   Number         0  anon$$obj.o(Region$$Table)
    SystemCoreClock                          0x20000000   Data           4  system_stm32f10x.o(.data)
    AHBPrescTable                            0x20000004   Data          16  system_stm32f10x.o(.data)
    POINT_COLOR                              0x20000014   Data           2  lcd.o(.data)
    BACK_COLOR                               0x20000016   Data           2  lcd.o(.data)
    __stdout                                 0x2000001c   Data           4  usart.o(.data)
    USART_RX_STA                             0x20000020   Data           2  usart.o(.data)
    sys_cmd_tab                              0x20000038   Data          28  usmart.o(.data)
    usmart_nametab                           0x20000054   Data         136  usmart_config.o(.data)
    usmart_dev                               0x200000dc   Data         244  usmart_config.o(.data)
    lcddev                                   0x200001d0   Data          14  lcd.o(.bss)
    USART_RX_BUF                             0x200001de   Data         200  usart.o(.bss)
    __libspace_start                         0x200002a8   Data          96  libspace.o(.bss)
    __temporary_stack_top$libspace           0x20000308   Data           0  libspace.o(.bss)



==============================================================================

Memory Map of the image

  Image Entry point : 0x08000131

  Load Region LR_IROM1 (Base: 0x08000000, Size: 0x0000c5fc, Max: 0x00040000, ABSOLUTE, COMPRESSED[0x0000c4e8])

    Execution Region ER_IROM1 (Exec base: 0x08000000, Load base: 0x08000000, Size: 0x0000c42c, Max: 0x00040000, ABSOLUTE)

    Exec Addr    Load Addr    Size         Type   Attr      Idx    E Section Name        Object

    0x08000000   0x08000000   0x00000130   Data   RO          338    RESET               startup_stm32f10x_hd.o
    0x08000130   0x08000130   0x00000008   Code   RO          524  * !!!main             c_w.l(__main.o)
    0x08000138   0x08000138   0x00000034   Code   RO          776    !!!scatter          c_w.l(__scatter.o)
    0x0800016c   0x0800016c   0x0000005a   Code   RO          774    !!dczerorl2         c_w.l(__dczerorl2.o)
    0x080001c6   0x080001c6   0x00000002   PAD
    0x080001c8   0x080001c8   0x0000001c   Code   RO          778    !!handler_zi        c_w.l(__scatter_zi.o)
    0x080001e4   0x080001e4   0x00000000   Code   RO          521    .ARM.Collect$$_printf_percent$$00000000  c_w.l(_printf_percent.o)
    0x080001e4   0x080001e4   0x00000006   Code   RO          520    .ARM.Collect$$_printf_percent$$00000003  c_w.l(_printf_f.o)
    0x080001ea   0x080001ea   0x00000006   Code   RO          518    .ARM.Collect$$_printf_percent$$00000009  c_w.l(_printf_d.o)
    0x080001f0   0x080001f0   0x00000006   Code   RO          519    .ARM.Collect$$_printf_percent$$0000000A  c_w.l(_printf_u.o)
    0x080001f6   0x080001f6   0x00000006   Code   RO          517    .ARM.Collect$$_printf_percent$$0000000C  c_w.l(_printf_x.o)
    0x080001fc   0x080001fc   0x00000006   Code   RO          515    .ARM.Collect$$_printf_percent$$00000013  c_w.l(_printf_c.o)
    0x08000202   0x08000202   0x00000006   Code   RO          516    .ARM.Collect$$_printf_percent$$00000014  c_w.l(_printf_s.o)
    0x08000208   0x08000208   0x00000004   Code   RO          561    .ARM.Collect$$_printf_percent$$00000017  c_w.l(_printf_percent_end.o)
    0x0800020c   0x0800020c   0x00000002   Code   RO          649    .ARM.Collect$$libinit$$00000000  c_w.l(libinit.o)
    0x0800020e   0x0800020e   0x00000000   Code   RO          651    .ARM.Collect$$libinit$$00000002  c_w.l(libinit2.o)
    0x0800020e   0x0800020e   0x00000000   Code   RO          653    .ARM.Collect$$libinit$$00000004  c_w.l(libinit2.o)
    0x0800020e   0x0800020e   0x00000000   Code   RO          656    .ARM.Collect$$libinit$$0000000A  c_w.l(libinit2.o)
    0x0800020e   0x0800020e   0x00000000   Code   RO          658    .ARM.Collect$$libinit$$0000000C  c_w.l(libinit2.o)
    0x0800020e   0x0800020e   0x00000000   Code   RO          660    .ARM.Collect$$libinit$$0000000E  c_w.l(libinit2.o)
    0x0800020e   0x0800020e   0x00000006   Code   RO          661    .ARM.Collect$$libinit$$0000000F  c_w.l(libinit2.o)
    0x08000214   0x08000214   0x00000000   Code   RO          663    .ARM.Collect$$libinit$$00000011  c_w.l(libinit2.o)
    0x08000214   0x08000214   0x00000000   Code   RO          665    .ARM.Collect$$libinit$$00000013  c_w.l(libinit2.o)
    0x08000214   0x08000214   0x00000000   Code   RO          667    .ARM.Collect$$libinit$$00000015  c_w.l(libinit2.o)
    0x08000214   0x08000214   0x0000000a   Code   RO          668    .ARM.Collect$$libinit$$00000016  c_w.l(libinit2.o)
    0x0800021e   0x0800021e   0x00000000   Code   RO          669    .ARM.Collect$$libinit$$00000017  c_w.l(libinit2.o)
    0x0800021e   0x0800021e   0x00000000   Code   RO          671    .ARM.Collect$$libinit$$00000019  c_w.l(libinit2.o)
    0x0800021e   0x0800021e   0x00000000   Code   RO          673    .ARM.Collect$$libinit$$0000001B  c_w.l(libinit2.o)
    0x0800021e   0x0800021e   0x00000000   Code   RO          675    .ARM.Collect$$libinit$$0000001D  c_w.l(libinit2.o)
    0x0800021e   0x0800021e   0x00000000   Code   RO          677    .ARM.Collect$$libinit$$0000001F  c_w.l(libinit2.o)
    0x0800021e   0x0800021e   0x00000000   Code   RO          679    .ARM.Collect$$libinit$$00000021  c_w.l(libinit2.o)
    0x0800021e   0x0800021e   0x00000000   Code   RO          681    .ARM.Collect$$libinit$$00000023  c_w.l(libinit2.o)
    0x0800021e   0x0800021e   0x00000000   Code   RO          683    .ARM.Collect$$libinit$$00000025  c_w.l(libinit2.o)
    0x0800021e   0x0800021e   0x00000000   Code   RO          687    .ARM.Collect$$libinit$$0000002C  c_w.l(libinit2.o)
    0x0800021e   0x0800021e   0x00000000   Code   RO          689    .ARM.Collect$$libinit$$0000002E  c_w.l(libinit2.o)
    0x0800021e   0x0800021e   0x00000000   Code   RO          691    .ARM.Collect$$libinit$$00000030  c_w.l(libinit2.o)
    0x0800021e   0x0800021e   0x00000000   Code   RO          693    .ARM.Collect$$libinit$$00000032  c_w.l(libinit2.o)
    0x0800021e   0x0800021e   0x00000002   Code   RO          694    .ARM.Collect$$libinit$$00000033  c_w.l(libinit2.o)
    0x08000220   0x08000220   0x00000002   Code   RO          722    .ARM.Collect$$libshutdown$$00000000  c_w.l(libshutdown.o)
    0x08000222   0x08000222   0x00000000   Code   RO          731    .ARM.Collect$$libshutdown$$00000002  c_w.l(libshutdown2.o)
    0x08000222   0x08000222   0x00000000   Code   RO          733    .ARM.Collect$$libshutdown$$00000004  c_w.l(libshutdown2.o)
    0x08000222   0x08000222   0x00000000   Code   RO          735    .ARM.Collect$$libshutdown$$00000006  c_w.l(libshutdown2.o)
    0x08000222   0x08000222   0x00000000   Code   RO          738    .ARM.Collect$$libshutdown$$00000009  c_w.l(libshutdown2.o)
    0x08000222   0x08000222   0x00000000   Code   RO          741    .ARM.Collect$$libshutdown$$0000000C  c_w.l(libshutdown2.o)
    0x08000222   0x08000222   0x00000000   Code   RO          743    .ARM.Collect$$libshutdown$$0000000E  c_w.l(libshutdown2.o)
    0x08000222   0x08000222   0x00000000   Code   RO          746    .ARM.Collect$$libshutdown$$00000011  c_w.l(libshutdown2.o)
    0x08000222   0x08000222   0x00000002   Code   RO          747    .ARM.Collect$$libshutdown$$00000012  c_w.l(libshutdown2.o)
    0x08000224   0x08000224   0x00000000   Code   RO          552    .ARM.Collect$$rtentry$$00000000  c_w.l(__rtentry.o)
    0x08000224   0x08000224   0x00000000   Code   RO          572    .ARM.Collect$$rtentry$$00000002  c_w.l(__rtentry2.o)
    0x08000224   0x08000224   0x00000006   Code   RO          584    .ARM.Collect$$rtentry$$00000004  c_w.l(__rtentry4.o)
    0x0800022a   0x0800022a   0x00000000   Code   RO          574    .ARM.Collect$$rtentry$$00000009  c_w.l(__rtentry2.o)
    0x0800022a   0x0800022a   0x00000004   Code   RO          575    .ARM.Collect$$rtentry$$0000000A  c_w.l(__rtentry2.o)
    0x0800022e   0x0800022e   0x00000000   Code   RO          577    .ARM.Collect$$rtentry$$0000000C  c_w.l(__rtentry2.o)
    0x0800022e   0x0800022e   0x00000008   Code   RO          578    .ARM.Collect$$rtentry$$0000000D  c_w.l(__rtentry2.o)
    0x08000236   0x08000236   0x00000002   Code   RO          695    .ARM.Collect$$rtexit$$00000000  c_w.l(rtexit.o)
    0x08000238   0x08000238   0x00000000   Code   RO          702    .ARM.Collect$$rtexit$$00000002  c_w.l(rtexit2.o)
    0x08000238   0x08000238   0x00000004   Code   RO          703    .ARM.Collect$$rtexit$$00000003  c_w.l(rtexit2.o)
    0x0800023c   0x0800023c   0x00000006   Code   RO          704    .ARM.Collect$$rtexit$$00000004  c_w.l(rtexit2.o)
    0x08000242   0x08000242   0x00000002   PAD
    0x08000244   0x08000244   0x000000dc   Code   RO            1    .text               main.o
    0x08000320   0x08000320   0x0000001a   Code   RO          141    .text               stm32f10x_it.o
    0x0800033a   0x0800033a   0x00000002   PAD
    0x0800033c   0x0800033c   0x000001e0   Code   RO          182    .text               system_stm32f10x.o
    0x0800051c   0x0800051c   0x00000050   Code   RO          200    .text               led.o
    0x0800056c   0x0800056c   0x00005846   Code   RO          212    .text               lcd.o
    0x08005db2   0x08005db2   0x00000002   PAD
    0x08005db4   0x08005db4   0x000000e8   Code   RO          242    .text               adc.o
    0x08005e9c   0x08005e9c   0x00000088   Code   RO          254    .text               timer.o
    0x08005f24   0x08005f24   0x000000d4   Code   RO          272    .text               delay.o
    0x08005ff8   0x08005ff8   0x00000140   Code   RO          303    .text               usart.o
    0x08006138   0x08006138   0x00000040   Code   RO          339    .text               startup_stm32f10x_hd.o
    0x08006178   0x08006178   0x0000035c   Code   RO          343    .text               stm32f10x_gpio.o
    0x080064d4   0x080064d4   0x000003a4   Code   RO          355    .text               stm32f10x_rcc.o
    0x08006878   0x08006878   0x00000408   Code   RO          369    .text               stm32f10x_usart.o
    0x08006c80   0x08006c80   0x000000dc   Code   RO          381    .text               misc.o
    0x08006d5c   0x08006d5c   0x00000e1a   Code   RO          393    .text               stm32f10x_tim.o
    0x08007b76   0x08007b76   0x00000002   PAD
    0x08007b78   0x08007b78   0x0000044e   Code   RO          405    .text               stm32f10x_adc.o
    0x08007fc6   0x08007fc6   0x00000002   PAD
    0x08007fc8   0x08007fc8   0x00000c40   Code   RO          417    .text               usmart.o
    0x08008c08   0x08008c08   0x00000528   Code   RO          446    .text               usmart_str.o
    0x08009130   0x08009130   0x00000002   Code   RO          460    .text               c_w.l(use_no_semi_2.o)
    0x08009132   0x08009132   0x00000002   PAD
    0x08009134   0x08009134   0x00000018   Code   RO          464    .text               c_w.l(noretval__2printf.o)
    0x0800914c   0x0800914c   0x0000004e   Code   RO          468    .text               c_w.l(_printf_pad.o)
    0x0800919a   0x0800919a   0x00000052   Code   RO          470    .text               c_w.l(_printf_str.o)
    0x080091ec   0x080091ec   0x00000078   Code   RO          472    .text               c_w.l(_printf_dec.o)
    0x08009264   0x08009264   0x00000058   Code   RO          477    .text               c_w.l(_printf_hex_int.o)
    0x080092bc   0x080092bc   0x00000188   Code   RO          512    .text               c_w.l(__printf_flags_ss_wp.o)
    0x08009444   0x08009444   0x00000006   Code   RO          522    .text               c_w.l(heapauxi.o)
    0x0800944a   0x0800944a   0x00000002   Code   RO          550    .text               c_w.l(use_no_semi.o)
    0x0800944c   0x0800944c   0x000000b2   Code   RO          553    .text               c_w.l(_printf_intcommon.o)
    0x080094fe   0x080094fe   0x0000041e   Code   RO          555    .text               c_w.l(_printf_fp_dec.o)
    0x0800991c   0x0800991c   0x0000002c   Code   RO          557    .text               c_w.l(_printf_char.o)
    0x08009948   0x08009948   0x00000024   Code   RO          559    .text               c_w.l(_printf_char_file.o)
    0x0800996c   0x0800996c   0x00000008   Code   RO          589    .text               c_w.l(rt_locale_intlibspace.o)
    0x08009974   0x08009974   0x0000008a   Code   RO          591    .text               c_w.l(lludiv10.o)
    0x080099fe   0x080099fe   0x00000002   PAD
    0x08009a00   0x08009a00   0x00000030   Code   RO          593    .text               c_w.l(_printf_char_common.o)
    0x08009a30   0x08009a30   0x00000080   Code   RO          595    .text               c_w.l(_printf_fp_infnan.o)
    0x08009ab0   0x08009ab0   0x000000e4   Code   RO          597    .text               c_w.l(bigflt0.o)
    0x08009b94   0x08009b94   0x00000008   Code   RO          622    .text               c_w.l(ferror.o)
    0x08009b9c   0x08009b9c   0x00000008   Code   RO          633    .text               c_w.l(libspace.o)
    0x08009ba4   0x08009ba4   0x0000004a   Code   RO          636    .text               c_w.l(sys_stackheap_outer.o)
    0x08009bee   0x08009bee   0x00000012   Code   RO          640    .text               c_w.l(exit.o)
    0x08009c00   0x08009c00   0x00000080   Code   RO          642    .text               c_w.l(strcmpv7m.o)
    0x08009c80   0x08009c80   0x0000003e   Code   RO          600    CL$$btod_d2e        c_w.l(btod.o)
    0x08009cbe   0x08009cbe   0x00000046   Code   RO          602    CL$$btod_d2e_denorm_low  c_w.l(btod.o)
    0x08009d04   0x08009d04   0x00000060   Code   RO          601    CL$$btod_d2e_norm_op1  c_w.l(btod.o)
    0x08009d64   0x08009d64   0x00000338   Code   RO          610    CL$$btod_div_common  c_w.l(btod.o)
    0x0800a09c   0x0800a09c   0x000000dc   Code   RO          607    CL$$btod_e2e        c_w.l(btod.o)
    0x0800a178   0x0800a178   0x0000002a   Code   RO          604    CL$$btod_ediv       c_w.l(btod.o)
    0x0800a1a2   0x0800a1a2   0x0000002a   Code   RO          603    CL$$btod_emul       c_w.l(btod.o)
    0x0800a1cc   0x0800a1cc   0x00000244   Code   RO          609    CL$$btod_mult_common  c_w.l(btod.o)
    0x0800a410   0x0800a410   0x00000028   Code   RO          631    i.__ARM_fpclassify  m_ws.l(fpclassify.o)
    0x0800a438   0x0800a438   0x0000000e   Code   RO          505    i._is_digit         c_w.l(__printf_wp.o)
    0x0800a446   0x0800a446   0x00000002   PAD
    0x0800a448   0x0800a448   0x0000002c   Code   RO          627    locale$$code        c_w.l(lc_numeric_c.o)
    0x0800a474   0x0800a474   0x00000062   Code   RO          526    x$fpl$d2f           fz_ws.l(d2f.o)
    0x0800a4d6   0x0800a4d6   0x00000002   PAD
    0x0800a4d8   0x0800a4d8   0x0000005a   Code   RO          528    x$fpl$dfixu         fz_ws.l(dfixu.o)
    0x0800a532   0x0800a532   0x00000026   Code   RO          532    x$fpl$dfltu         fz_ws.l(dflt_clz.o)
    0x0800a558   0x0800a558   0x00000154   Code   RO          538    x$fpl$dmul          fz_ws.l(dmul.o)
    0x0800a6ac   0x0800a6ac   0x0000009c   Code   RO          562    x$fpl$dnaninf       fz_ws.l(dnaninf.o)
    0x0800a748   0x0800a748   0x0000000c   Code   RO          564    x$fpl$dretinf       fz_ws.l(dretinf.o)
    0x0800a754   0x0800a754   0x00000056   Code   RO          540    x$fpl$f2d           fz_ws.l(f2d.o)
    0x0800a7aa   0x0800a7aa   0x00000002   PAD
    0x0800a7ac   0x0800a7ac   0x00000026   Code   RO          542    x$fpl$ffltu         fz_ws.l(fflt_clz.o)
    0x0800a7d2   0x0800a7d2   0x0000008c   Code   RO          566    x$fpl$fnaninf       fz_ws.l(fnaninf.o)
    0x0800a85e   0x0800a85e   0x0000000a   Code   RO          568    x$fpl$fretinf       fz_ws.l(fretinf.o)
    0x0800a868   0x0800a868   0x00000004   Code   RO          548    x$fpl$printf1       fz_ws.l(printf1.o)
    0x0800a86c   0x0800a86c   0x00000000   Code   RO          570    x$fpl$usenofp       fz_ws.l(usenofp.o)
    0x0800a86c   0x0800a86c   0x000017c0   Data   RO          214    .constdata          lcd.o
    0x0800c02c   0x0800c02c   0x00000028   Data   RO          478    .constdata          c_w.l(_printf_hex_int.o)
    0x0800c054   0x0800c054   0x00000011   Data   RO          513    .constdata          c_w.l(__printf_flags_ss_wp.o)
    0x0800c065   0x0800c065   0x00000003   PAD
    0x0800c068   0x0800c068   0x00000094   Data   RO          598    .constdata          c_w.l(bigflt0.o)
    0x0800c0fc   0x0800c0fc   0x00000028   Data   RO          418    .conststring        usmart.o
    0x0800c124   0x0800c124   0x000002cb   Data   RO          433    .conststring        usmart_config.o
    0x0800c3ef   0x0800c3ef   0x00000001   PAD
    0x0800c3f0   0x0800c3f0   0x00000020   Data   RO          772    Region$$Table       anon$$obj.o
    0x0800c410   0x0800c410   0x0000001c   Data   RO          626    locale$$data        c_w.l(lc_numeric_c.o)


    Execution Region RW_IRAM1 (Exec base: 0x20000000, Load base: 0x0800c42c, Size: 0x00000908, Max: 0x0000c000, ABSOLUTE, COMPRESSED[0x000000bc])

    Exec Addr    Load Addr    Size         Type   Attr      Idx    E Section Name        Object

    0x20000000   COMPRESSED   0x00000014   Data   RW          183    .data               system_stm32f10x.o
    0x20000014   COMPRESSED   0x00000004   Data   RW          215    .data               lcd.o
    0x20000018   COMPRESSED   0x00000004   Data   RW          273    .data               delay.o
    0x2000001c   COMPRESSED   0x00000006   Data   RW          305    .data               usart.o
    0x20000022   COMPRESSED   0x00000014   Data   RW          356    .data               stm32f10x_rcc.o
    0x20000036   COMPRESSED   0x00000002   PAD
    0x20000038   COMPRESSED   0x0000001c   Data   RW          419    .data               usmart.o
    0x20000054   COMPRESSED   0x0000017c   Data   RW          434    .data               usmart_config.o
    0x200001d0        -       0x0000000e   Zero   RW          213    .bss                lcd.o
    0x200001de        -       0x000000c8   Zero   RW          304    .bss                usart.o
    0x200002a6   COMPRESSED   0x00000002   PAD
    0x200002a8        -       0x00000060   Zero   RW          634    .bss                c_w.l(libspace.o)
    0x20000308        -       0x00000200   Zero   RW          337    HEAP                startup_stm32f10x_hd.o
    0x20000508        -       0x00000400   Zero   RW          336    STACK               startup_stm32f10x_hd.o


==============================================================================

Image component sizes


      Code (inc. data)   RO Data    RW Data    ZI Data      Debug   Object Name

       232          8          0          0          0       1099   adc.o
       212         18          0          4          0       1035   delay.o
     22598        208       6080          4         14      24991   lcd.o
        80          8          0          0          0        495   led.o
       220         60          0          0          0     262744   main.o
       220         22          0          0          0       1793   misc.o
        64         26        304          0       1536        800   startup_stm32f10x_hd.o
      1102         26          0          0          0      11033   stm32f10x_adc.o
       860         38          0          0          0       5725   stm32f10x_gpio.o
        26          0          0          0          0       1178   stm32f10x_it.o
       932         36          0         20          0       8900   stm32f10x_rcc.o
      3610         88          0          0          0      22832   stm32f10x_tim.o
      1032         22          0          0          0       8452   stm32f10x_usart.o
         0          0          0          0          0         32   sys.o
       480         38          0         20          0       1731   system_stm32f10x.o
       136          8          0          0          0        788   timer.o
       320         16          0          6        200       3158   usart.o
      3136       1288         40         28          0       4318   usmart.o
         0          0        715        380          0       1588   usmart_config.o
      1320         12          0          0          0       5221   usmart_str.o

    ----------------------------------------------------------------------
     36588       1922       7172        464       1752     367913   Object Totals
         0          0         32          0          0          0   (incl. Generated)
         8          0          1          2          2          0   (incl. Padding)

    ----------------------------------------------------------------------

      Code (inc. data)   RO Data    RW Data    ZI Data      Debug   Library Member Name

        90          0          0          0          0          0   __dczerorl2.o
         8          0          0          0          0         68   __main.o
       392          4         17          0          0         92   __printf_flags_ss_wp.o
        14          0          0          0          0         68   __printf_wp.o
         0          0          0          0          0          0   __rtentry.o
        12          0          0          0          0          0   __rtentry2.o
         6          0          0          0          0          0   __rtentry4.o
        52          8          0          0          0          0   __scatter.o
        28          0          0          0          0          0   __scatter_zi.o
         6          0          0          0          0          0   _printf_c.o
        44          0          0          0          0        108   _printf_char.o
        48          6          0          0          0         96   _printf_char_common.o
        36          4          0          0          0         80   _printf_char_file.o
         6          0          0          0          0          0   _printf_d.o
       120         16          0          0          0         92   _printf_dec.o
         6          0          0          0          0          0   _printf_f.o
      1054          0          0          0          0        216   _printf_fp_dec.o
       128         16          0          0          0         84   _printf_fp_infnan.o
        88          4         40          0          0         88   _printf_hex_int.o
       178          0          0          0          0         88   _printf_intcommon.o
        78          0          0          0          0        108   _printf_pad.o
         0          0          0          0          0          0   _printf_percent.o
         4          0          0          0          0          0   _printf_percent_end.o
         6          0          0          0          0          0   _printf_s.o
        82          0          0          0          0         80   _printf_str.o
         6          0          0          0          0          0   _printf_u.o
         6          0          0          0          0          0   _printf_x.o
       228          4        148          0          0         96   bigflt0.o
      1936        128          0          0          0        672   btod.o
        18          0          0          0          0         80   exit.o
         8          0          0          0          0         68   ferror.o
         6          0          0          0          0        152   heapauxi.o
        44         10         28          0          0         76   lc_numeric_c.o
         2          0          0          0          0          0   libinit.o
        18          0          0          0          0          0   libinit2.o
         2          0          0          0          0          0   libshutdown.o
         2          0          0          0          0          0   libshutdown2.o
         8          4          0          0         96         68   libspace.o
       138          0          0          0          0         80   lludiv10.o
        24          4          0          0          0         84   noretval__2printf.o
         8          4          0          0          0         68   rt_locale_intlibspace.o
         2          0          0          0          0          0   rtexit.o
        10          0          0          0          0          0   rtexit2.o
       128          0          0          0          0         68   strcmpv7m.o
        74          0          0          0          0         80   sys_stackheap_outer.o
         2          0          0          0          0         68   use_no_semi.o
         2          0          0          0          0         68   use_no_semi_2.o
        98          4          0          0          0         92   d2f.o
        90          4          0          0          0         92   dfixu.o
        38          0          0          0          0         68   dflt_clz.o
       340         12          0          0          0        104   dmul.o
       156          4          0          0          0         92   dnaninf.o
        12          0          0          0          0         68   dretinf.o
        86          4          0          0          0         84   f2d.o
        38          0          0          0          0         68   fflt_clz.o
       140          4          0          0          0         84   fnaninf.o
        10          0          0          0          0         68   fretinf.o
         4          0          0          0          0         68   printf1.o
         0          0          0          0          0          0   usenofp.o
        40          0          0          0          0         68   fpclassify.o

    ----------------------------------------------------------------------
      6224        244        236          0         96       3952   Library Totals
        14          0          3          0          0          0   (incl. Padding)

    ----------------------------------------------------------------------

      Code (inc. data)   RO Data    RW Data    ZI Data      Debug   Library Name

      5158        212        233          0         96       2996   c_w.l
      1012         32          0          0          0        888   fz_ws.l
        40          0          0          0          0         68   m_ws.l

    ----------------------------------------------------------------------
      6224        244        236          0         96       3952   Library Totals

    ----------------------------------------------------------------------

==============================================================================


      Code (inc. data)   RO Data    RW Data    ZI Data      Debug   

     42812       2166       7408        464       1848     368013   Grand Totals
     42812       2166       7408        188       1848     368013   ELF Image Totals (compressed)
     42812       2166       7408        188          0          0   ROM Totals

==============================================================================

    Total RO  Size (Code + RO Data)                50220 (  49.04kB)
    Total RW  Size (RW Data + ZI Data)              2312 (   2.26kB)
    Total ROM Size (Code + RO Data + RW Data)      50408 (  49.23kB)

==============================================================================

