<html>
<body>
<pre>
<h1>µVision Build Log</h1>
<h2>Tool Versions:</h2>
IDE-Version: ¦ÌVision V5.37.0.0
Copyright (C) 2022 ARM Ltd and ARM Germany GmbH. All rights reserved.
License Information: xxxlzjxxx xxxlzjxxx, HYOC, LIC=21E4T-RK1BA-MM49I-TKG68-CML3P-T89ZB
 
Tool Versions:
Toolchain:       MDK-ARM Plus  Version: 5.37.0.0
Toolchain Path:  D:\Keil_v5\ARM\ARMCC\Bin
C Compiler:      Armcc.exe V5.06 update 7 (build 960)
Assembler:       Armasm.exe V5.06 update 7 (build 960)
Linker/Locator:  ArmLink.exe V5.06 update 7 (build 960)
Library Manager: ArmAr.exe V5.06 update 7 (build 960)
Hex Converter:   FromElf.exe V5.06 update 7 (build 960)
CPU DLL:         SARMCM3.DLL V5.37.0.0
Dialog DLL:      DCM.DLL V1.17.5.0
Target DLL:      STLink\ST-LINKIII-KEIL_SWO.dll V3.0.9.0
Dialog DLL:      TCM.DLL V1.56.1.0
 
<h2>Project:</h2>
G:\github\MotorDriver\SOFTWARE\MCT8316A1VR_V10_SV10\USER\USMART.uvprojx
Project File Date:  06/30/2022

<h2>Output:</h2>
*** Using Compiler 'V5.06 update 7 (build 960)', folder: 'D:\Keil_v5\ARM\ARMCC\Bin'
Build target 'MCT8316'
compiling stm32f10x_it.c...
compiling led.c...
compiling main.c...
compiling system_stm32f10x.c...
compiling adc.c...
compiling timer.c...
compiling mct8316.c...
..\HARDWARE\MCT8316\mct8316.c(87): warning:  #177-D: variable "i"  was declared but never referenced
  	u16 i = 0;
..\HARDWARE\MCT8316\mct8316.c(134): warning:  #177-D: variable "temp"  was declared but never referenced
  	u8 temp=0;
..\HARDWARE\MCT8316\mct8316.c: 2 warnings, 0 errors
compiling lcd.c...
compiling dac.c...
compiling TMP75.c...
compiling myiic.c...
compiling core_cm3.c...
compiling delay.c...
assembling startup_stm32f10x_hd.s...
compiling usart.c...
compiling sys.c...
compiling stm32f10x_rcc.c...
compiling stm32f10x_gpio.c...
compiling stm32f10x_usart.c...
compiling misc.c...
compiling stm32f10x_dac.c...
compiling stm32f10x_adc.c...
compiling usmart.c...
compiling stm32f10x_tim.c...
compiling usmart_config.c...
compiling usmart_str.c...
linking...
Program Size: Code=45432 RO-data=7408 RW-data=464 ZI-data=1848  
FromELF: creating hex file...
"..\OBJ\USMART.axf" - 0 Error(s), 2 Warning(s).

<h2>Software Packages used:</h2>

Package Vendor: Keil
                http://www.keil.com/pack/Keil.STM32F1xx_DFP.2.3.0.pack
                Keil.STM32F1xx_DFP.2.3.0
                STMicroelectronics STM32F1 Series Device Support, Drivers and Examples

<h2>Collection of Component include folders:</h2>
  D:/keil_v5/ARM/PACK/Keil/STM32F1xx_DFP/2.3.0/Device/Include

<h2>Collection of Component Files used:</h2>
Build Time Elapsed:  00:00:04
</pre>
</body>
</html>
